Archive member included to satisfy reference by file (symbol)

d:/program files/stm32cubeide_1.12.0/stm32cubeide/plugins/com.st.stm32cube.ide.mcu.externaltools.gnu-tools-for-stm32.10.3-2021.10.win32_1.0.200.202301161003/tools/bin/../lib/gcc/arm-none-eabi/10.3.1/../../../../arm-none-eabi/lib/thumb/v7-m/nofp\libc_nano.a(lib_a-errno.o)
                              ./Core/Src/syscalls.o (__errno)
d:/program files/stm32cubeide_1.12.0/stm32cubeide/plugins/com.st.stm32cube.ide.mcu.externaltools.gnu-tools-for-stm32.10.3-2021.10.win32_1.0.200.202301161003/tools/bin/../lib/gcc/arm-none-eabi/10.3.1/../../../../arm-none-eabi/lib/thumb/v7-m/nofp\libc_nano.a(lib_a-exit.o)
                              d:/program files/stm32cubeide_1.12.0/stm32cubeide/plugins/com.st.stm32cube.ide.mcu.externaltools.gnu-tools-for-stm32.10.3-2021.10.win32_1.0.200.202301161003/tools/bin/../lib/gcc/arm-none-eabi/10.3.1/../../../../arm-none-eabi/lib/thumb/v7-m/nofp/crt0.o (exit)
d:/program files/stm32cubeide_1.12.0/stm32cubeide/plugins/com.st.stm32cube.ide.mcu.externaltools.gnu-tools-for-stm32.10.3-2021.10.win32_1.0.200.202301161003/tools/bin/../lib/gcc/arm-none-eabi/10.3.1/../../../../arm-none-eabi/lib/thumb/v7-m/nofp\libc_nano.a(lib_a-impure.o)
                              d:/program files/stm32cubeide_1.12.0/stm32cubeide/plugins/com.st.stm32cube.ide.mcu.externaltools.gnu-tools-for-stm32.10.3-2021.10.win32_1.0.200.202301161003/tools/bin/../lib/gcc/arm-none-eabi/10.3.1/../../../../arm-none-eabi/lib/thumb/v7-m/nofp\libc_nano.a(lib_a-exit.o) (_global_impure_ptr)
d:/program files/stm32cubeide_1.12.0/stm32cubeide/plugins/com.st.stm32cube.ide.mcu.externaltools.gnu-tools-for-stm32.10.3-2021.10.win32_1.0.200.202301161003/tools/bin/../lib/gcc/arm-none-eabi/10.3.1/../../../../arm-none-eabi/lib/thumb/v7-m/nofp\libc_nano.a(lib_a-init.o)
                              d:/program files/stm32cubeide_1.12.0/stm32cubeide/plugins/com.st.stm32cube.ide.mcu.externaltools.gnu-tools-for-stm32.10.3-2021.10.win32_1.0.200.202301161003/tools/bin/../lib/gcc/arm-none-eabi/10.3.1/../../../../arm-none-eabi/lib/thumb/v7-m/nofp/crt0.o (__libc_init_array)
d:/program files/stm32cubeide_1.12.0/stm32cubeide/plugins/com.st.stm32cube.ide.mcu.externaltools.gnu-tools-for-stm32.10.3-2021.10.win32_1.0.200.202301161003/tools/bin/../lib/gcc/arm-none-eabi/10.3.1/../../../../arm-none-eabi/lib/thumb/v7-m/nofp\libc_nano.a(lib_a-memcpy-stub.o)
                              ./Libraries/Src/SPI_Connection.o (memcpy)
d:/program files/stm32cubeide_1.12.0/stm32cubeide/plugins/com.st.stm32cube.ide.mcu.externaltools.gnu-tools-for-stm32.10.3-2021.10.win32_1.0.200.202301161003/tools/bin/../lib/gcc/arm-none-eabi/10.3.1/../../../../arm-none-eabi/lib/thumb/v7-m/nofp\libc_nano.a(lib_a-memset.o)
                              d:/program files/stm32cubeide_1.12.0/stm32cubeide/plugins/com.st.stm32cube.ide.mcu.externaltools.gnu-tools-for-stm32.10.3-2021.10.win32_1.0.200.202301161003/tools/bin/../lib/gcc/arm-none-eabi/10.3.1/../../../../arm-none-eabi/lib/thumb/v7-m/nofp/crt0.o (memset)
d:/program files/stm32cubeide_1.12.0/stm32cubeide/plugins/com.st.stm32cube.ide.mcu.externaltools.gnu-tools-for-stm32.10.3-2021.10.win32_1.0.200.202301161003/tools/bin/../lib/gcc/arm-none-eabi/10.3.1/../../../../arm-none-eabi/lib/thumb/v7-m/nofp\libc_nano.a(lib_a-sprintf.o)
                              ./Drivers/25Q/w25q_spi.o (sprintf)
d:/program files/stm32cubeide_1.12.0/stm32cubeide/plugins/com.st.stm32cube.ide.mcu.externaltools.gnu-tools-for-stm32.10.3-2021.10.win32_1.0.200.202301161003/tools/bin/../lib/gcc/arm-none-eabi/10.3.1/../../../../arm-none-eabi/lib/thumb/v7-m/nofp\libc_nano.a(lib_a-strcat.o)
                              ./Drivers/25Q/w25q_spi.o (strcat)
d:/program files/stm32cubeide_1.12.0/stm32cubeide/plugins/com.st.stm32cube.ide.mcu.externaltools.gnu-tools-for-stm32.10.3-2021.10.win32_1.0.200.202301161003/tools/bin/../lib/gcc/arm-none-eabi/10.3.1/../../../../arm-none-eabi/lib/thumb/v7-m/nofp\libc_nano.a(lib_a-strlen.o)
                              ./Drivers/25Q/w25q_spi.o (strlen)
d:/program files/stm32cubeide_1.12.0/stm32cubeide/plugins/com.st.stm32cube.ide.mcu.externaltools.gnu-tools-for-stm32.10.3-2021.10.win32_1.0.200.202301161003/tools/bin/../lib/gcc/arm-none-eabi/10.3.1/../../../../arm-none-eabi/lib/thumb/v7-m/nofp\libc_nano.a(lib_a-nano-svfprintf.o)
                              d:/program files/stm32cubeide_1.12.0/stm32cubeide/plugins/com.st.stm32cube.ide.mcu.externaltools.gnu-tools-for-stm32.10.3-2021.10.win32_1.0.200.202301161003/tools/bin/../lib/gcc/arm-none-eabi/10.3.1/../../../../arm-none-eabi/lib/thumb/v7-m/nofp\libc_nano.a(lib_a-sprintf.o) (_svfprintf_r)
d:/program files/stm32cubeide_1.12.0/stm32cubeide/plugins/com.st.stm32cube.ide.mcu.externaltools.gnu-tools-for-stm32.10.3-2021.10.win32_1.0.200.202301161003/tools/bin/../lib/gcc/arm-none-eabi/10.3.1/../../../../arm-none-eabi/lib/thumb/v7-m/nofp\libc_nano.a(lib_a-nano-vfprintf_i.o)
[...]
Memory Configuration

Name             Origin             Length             Attributes
RAM              0x0000000020000000 0x0000000000005000 xrw
FLASH            0x0000000008000000 0x0000000000020000 xr
*default*        0x0000000000000000 0xffffffffffffffff

Linker script and memory map

LOAD d:/program files/stm32cubeide_1.12.0/stm32cubeide/plugins/com.st.stm32cube.ide.mcu.externaltools.gnu-tools-for-stm32.10.3-2021.10.win32_1.0.200.202301161003/tools/bin/../lib/gcc/arm-none-eabi/10.3.1/thumb/v7-m/nofp/crti.o
LOAD d:/program files/stm32cubeide_1.12.0/stm32cubeide/plugins/com.st.stm32cube.ide.mcu.externaltools.gnu-tools-for-stm32.10.3-2021.10.win32_1.0.200.202301161003/tools/bin/../lib/gcc/arm-none-eabi/10.3.1/thumb/v7-m/nofp/crtbegin.o
LOAD d:/program files/stm32cubeide_1.12.0/stm32cubeide/plugins/com.st.stm32cube.ide.mcu.externaltools.gnu-tools-for-stm32.10.3-2021.10.win32_1.0.200.202301161003/tools/bin/../lib/gcc/arm-none-eabi/10.3.1/../../../../arm-none-eabi/lib/thumb/v7-m/nofp/crt0.o
LOAD ./Core/Src/main.o
LOAD ./Core/Src/stm32f1xx_hal_msp.o
LOAD ./Core/Src/stm32f1xx_it.o
LOAD ./Core/Src/syscalls.o
LOAD ./Core/Src/sysmem.o
LOAD ./Core/Src/system_stm32f1xx.o
LOAD ./Core/Startup/startup_stm32f103cbtx.o
LOAD ./Drivers/25Q/w25q_spi.o
LOAD ./Drivers/ADS1293/ADS1293.o
LOAD ./Drivers/STM32F1xx_HAL_Driver/Src/stm32f1xx_hal.o
LOAD ./Drivers/STM32F1xx_HAL_Driver/Src/stm32f1xx_hal_cortex.o
LOAD ./Drivers/STM32F1xx_HAL_Driver/Src/stm32f1xx_hal_dma.o
LOAD ./Drivers/STM32F1xx_HAL_Driver/Src/stm32f1xx_hal_exti.o
LOAD ./Drivers/STM32F1xx_HAL_Driver/Src/stm32f1xx_hal_flash.o
LOAD ./Drivers/STM32F1xx_HAL_Driver/Src/stm32f1xx_hal_flash_ex.o
LOAD ./Drivers/STM32F1xx_HAL_Driver/Src/stm32f1xx_hal_gpio.o
LOAD ./Drivers/STM32F1xx_HAL_Driver/Src/stm32f1xx_hal_gpio_ex.o
LOAD ./Drivers/STM32F1xx_HAL_Driver/Src/stm32f1xx_hal_pwr.o
LOAD ./Drivers/STM32F1xx_HAL_Driver/Src/stm32f1xx_hal_rcc.o
LOAD ./Drivers/STM32F1xx_HAL_Driver/Src/stm32f1xx_hal_rcc_ex.o
LOAD ./Drivers/STM32F1xx_HAL_Driver/Src/stm32f1xx_hal_spi.o
LOAD ./Drivers/STM32F1xx_HAL_Driver/Src/stm32f1xx_hal_tim.o
LOAD ./Drivers/STM32F1xx_HAL_Driver/Src/stm32f1xx_hal_tim_ex.o
LOAD ./Drivers/STM32F1xx_HAL_Driver/Src/stm32f1xx_hal_uart.o
LOAD ./Libraries/Src/SPI_Connection.o
LOAD ./Libraries/Src/protocol_parser.o
LOAD ./Libraries/Src/sensor_utils.o
START GROUP
LOAD d:/program files/stm32cubeide_1.12.0/stm32cubeide/plugins/com.st.stm32cube.ide.mcu.externaltools.gnu-tools-for-stm32.10.3-2021.10.win32_1.0.200.202301161003/tools/bin/../lib/gcc/arm-none-eabi/10.3.1/../../../../arm-none-eabi/lib/thumb/v7-m/nofp\libc_nano.a
LOAD d:/program files/stm32cubeide_1.12.0/stm32cubeide/plugins/com.st.stm32cube.ide.mcu.externaltools.gnu-tools-for-stm32.10.3-2021.10.win32_1.0.200.202301161003/tools/bin/../lib/gcc/arm-none-eabi/10.3.1/../../../../arm-none-eabi/lib/thumb/v7-m/nofp\libm.a
END GROUP
START GROUP
LOAD d:/program files/stm32cubeide_1.12.0/stm32cubeide/plugins/com.st.stm32cube.ide.mcu.externaltools.gnu-tools-for-stm32.10.3-2021.10.win32_1.0.200.202301161003/tools/bin/../lib/gcc/arm-none-eabi/10.3.1/thumb/v7-m/nofp\libgcc.a
LOAD d:/program files/stm32cubeide_1.12.0/stm32cubeide/plugins/com.st.stm32cube.ide.mcu.externaltools.gnu-tools-for-stm32.10.3-2021.10.win32_1.0.200.202301161003/tools/bin/../lib/gcc/arm-none-eabi/10.3.1/../../../../arm-none-eabi/lib/thumb/v7-m/nofp\libc_nano.a
END GROUP
START GROUP
LOAD d:/program files/stm32cubeide_1.12.0/stm32cubeide/plugins/com.st.stm32cube.ide.mcu.externaltools.gnu-tools-for-stm32.10.3-2021.10.win32_1.0.200.202301161003/tools/bin/../lib/gcc/arm-none-eabi/10.3.1/thumb/v7-m/nofp\libgcc.a
LOAD d:/program files/stm32cubeide_1.12.0/stm32cubeide/plugins/com.st.stm32cube.ide.mcu.externaltools.gnu-tools-for-stm32.10.3-2021.10.win32_1.0.200.202301161003/tools/bin/../lib/gcc/arm-none-eabi/10.3.1/../../../../arm-none-eabi/lib/thumb/v7-m/nofp\libc_nano.a
LOAD d:/program files/stm32cubeide_1.12.0/stm32cubeide/plugins/com.st.stm32cube.ide.mcu.externaltools.gnu-tools-for-stm32.10.3-2021.10.win32_1.0.200.202301161003/tools/bin/../lib/gcc/arm-none-eabi/10.3.1/../../../../arm-none-eabi/lib/thumb/v7-m/nofp\libnosys.a
END GROUP
START GROUP
LOAD d:/program files/stm32cubeide_1.12.0/stm32cubeide/plugins/com.st.stm32cube.ide.mcu.externaltools.gnu-tools-for-stm32.10.3-2021.10.win32_1.0.200.202301161003/tools/bin/../lib/gcc/arm-none-eabi/10.3.1/thumb/v7-m/nofp\libgcc.a
LOAD d:/program files/stm32cubeide_1.12.0/stm32cubeide/plugins/com.st.stm32cube.ide.mcu.externaltools.gnu-tools-for-stm32.10.3-2021.10.win32_1.0.200.202301161003/tools/bin/../lib/gcc/arm-none-eabi/10.3.1/../../../../arm-none-eabi/lib/thumb/v7-m/nofp\libc_nano.a
LOAD d:/program files/stm32cubeide_1.12.0/stm32cubeide/plugins/com.st.stm32cube.ide.mcu.externaltools.gnu-tools-for-stm32.10.3-2021.10.win32_1.0.200.202301161003/tools/bin/../lib/gcc/arm-none-eabi/10.3.1/../../../../arm-none-eabi/lib/thumb/v7-m/nofp\libnosys.a
END GROUP
LOAD d:/program files/stm32cubeide_1.12.0/stm32cubeide/plugins/com.st.stm32cube.ide.mcu.externaltools.gnu-tools-for-stm32.10.3-2021.10.win32_1.0.200.202301161003/tools/bin/../lib/gcc/arm-none-eabi/10.3.1/thumb/v7-m/nofp/crtend.o
LOAD d:/program files/stm32cubeide_1.12.0/stm32cubeide/plugins/com.st.stm32cube.ide.mcu.externaltools.gnu-tools-for-stm32.10.3-2021.10.win32_1.0.200.202301161003/tools/bin/../lib/gcc/arm-none-eabi/10.3.1/thumb/v7-m/nofp/crtn.o
                0x0000000020005000                _estack = (ORIGIN (RAM) + LENGTH (RAM))
                0x0000000000000200                _Min_Heap_Size = 0x200
                0x0000000000000400                _Min_Stack_Size = 0x400

.isr_vector     0x0000000008000000      0x10c
                0x0000000008000000                . = ALIGN (0x4)
 *(.isr_vector)
 .isr_vector    0x0000000008000000      0x10c ./Core/Startup/startup_stm32f103cbtx.o
                0x0000000008000000                g_pfnVectors
                0x000000000800010c                . = ALIGN (0x4)

.text           0x000000000800010c     0x6b58
                0x000000000800010c                . = ALIGN (0x4)
 *(.text)
 .text          0x000000000800010c       0x40 d:/program files/stm32cubeide_1.12.0/stm32cubeide/plugins/com.st.stm32cube.ide.mcu.externaltools.gnu-tools-for-stm32.10.3-2021.10.win32_1.0.200.202301161003/tools/bin/../lib/gcc/arm-none-eabi/10.3.1/thumb/v7-m/nofp/crtbegin.o
 .text          0x000000000800014c       0x10 d:/program files/stm32cubeide_1.12.0/stm32cubeide/plugins/com.st.stm32cube.ide.mcu.externaltools.gnu-tools-for-stm32.10.3-2021.10.win32_1.0.200.202301161003/tools/bin/../lib/gcc/arm-none-eabi/10.3.1/../../../../arm-none-eabi/lib/thumb/v7-m/nofp\libc_nano.a(lib_a-strlen.o)
                0x000000000800014c                strlen
 *(.text*)
 .text.getECGdata
                0x000000000800015c       0x8c ./Core/Src/main.o
                0x000000000800015c                getECGdata
 .text.MY_HAL_TIM_OnePulse_Init
                0x00000000080001e8       0xaa ./Core/Src/main.o
                0x00000000080001e8                MY_HAL_TIM_OnePulse_Init
 *fill*         0x0000000008000292        0x2 
 .text.MY_HAL_TIM_OnePulse_Start
                0x0000000008000294       0xd8 ./Core/Src/main.o
                0x0000000008000294                MY_HAL_TIM_OnePulse_Start
 .text.main     0x000000000800036c      0x2e8 ./Core/Src/main.o
                0x000000000800036c                main
 .text.SystemClock_Config
                0x0000000008000654       0x8a ./Core/Src/main.o
                0x0000000008000654                SystemClock_Config
 *fill*         0x00000000080006de        0x2 
 .text.MX_SPI1_Init
                0x00000000080006e0       0x6c ./Core/Src/main.o
 .text.MX_SPI2_Init
                0x000000000800074c       0x74 ./Core/Src/main.o
 .text.MX_TIM2_Init
                0x00000000080007c0      0x104 ./Core/Src/main.o
 .text.MX_TIM3_Init
                0x00000000080008c4       0x9c ./Core/Src/main.o
 .text.MX_USART1_UART_Init
                0x0000000008000960       0x54 ./Core/Src/main.o
 .text.MX_GPIO_Init
                0x00000000080009b4      0x134 ./Core/Src/main.o
 .text.HAL_SPI_ErrorCallback
                0x0000000008000ae8       0x38 ./Core/Src/main.o
                0x0000000008000ae8                HAL_SPI_ErrorCallback
 .text.Error_Handler
                0x0000000008000b20        0xa ./Core/Src/main.o
                0x0000000008000b20                Error_Handler
 *fill*         0x0000000008000b2a        0x2 
 .text.HAL_MspInit
                0x0000000008000b2c       0x64 ./Core/Src/stm32f1xx_hal_msp.o
                0x0000000008000b2c                HAL_MspInit
 .text.HAL_SPI_MspInit
                0x0000000008000b90      0x11c ./Core/Src/stm32f1xx_hal_msp.o
                0x0000000008000b90                HAL_SPI_MspInit
 .text.HAL_SPI_MspDeInit
                0x0000000008000cac       0x6c ./Core/Src/stm32f1xx_hal_msp.o
                0x0000000008000cac                HAL_SPI_MspDeInit
 .text.HAL_TIM_Base_MspInit
                0x0000000008000d18       0xd8 ./Core/Src/stm32f1xx_hal_msp.o
                0x0000000008000d18                HAL_TIM_Base_MspInit
 .text.HAL_TIM_MspPostInit
                0x0000000008000df0       0x8c ./Core/Src/stm32f1xx_hal_msp.o
                0x0000000008000df0                HAL_TIM_MspPostInit
 .text.HAL_UART_MspInit
                0x0000000008000e7c       0xa8 ./Core/Src/stm32f1xx_hal_msp.o
                0x0000000008000e7c                HAL_UART_MspInit
 .text.NMI_Handler
                0x0000000008000f24        0x6 ./Core/Src/stm32f1xx_it.o
                0x0000000008000f24                NMI_Handler
 .text.HardFault_Handler
                0x0000000008000f2a        0x6 ./Core/Src/stm32f1xx_it.o
                0x0000000008000f2a                HardFault_Handler
 .text.MemManage_Handler
                0x0000000008000f30        0x6 ./Core/Src/stm32f1xx_it.o
                0x0000000008000f30                MemManage_Handler
 .text.BusFault_Handler
                0x0000000008000f36        0x6 ./Core/Src/stm32f1xx_it.o
                0x0000000008000f36                BusFault_Handler
 .text.UsageFault_Handler
                0x0000000008000f3c        0x6 ./Core/Src/stm32f1xx_it.o
                0x0000000008000f3c                UsageFault_Handler
 .text.SVC_Handler
                0x0000000008000f42        0xc ./Core/Src/stm32f1xx_it.o
                0x0000000008000f42                SVC_Handler
 .text.DebugMon_Handler
                0x0000000008000f4e        0xc ./Core/Src/stm32f1xx_it.o
                0x0000000008000f4e                DebugMon_Handler
 .text.PendSV_Handler
                0x0000000008000f5a        0xc ./Core/Src/stm32f1xx_it.o
                0x0000000008000f5a                PendSV_Handler
 .text.SysTick_Handler
                0x0000000008000f66        0xc ./Core/Src/stm32f1xx_it.o
                0x0000000008000f66                SysTick_Handler
 *fill*         0x0000000008000f72        0x2 
 .text.EXTI9_5_IRQHandler
                0x0000000008000f74       0x18 ./Core/Src/stm32f1xx_it.o
                0x0000000008000f74                EXTI9_5_IRQHandler
 .text.TIM3_IRQHandler
                0x0000000008000f8c       0x14 ./Core/Src/stm32f1xx_it.o
                0x0000000008000f8c                TIM3_IRQHandler
 .text.SPI2_IRQHandler
                0x0000000008000fa0       0x14 ./Core/Src/stm32f1xx_it.o
                0x0000000008000fa0                SPI2_IRQHandler
 .text.USART1_IRQHandler
                0x0000000008000fb4       0x1c ./Core/Src/stm32f1xx_it.o
                0x0000000008000fb4                USART1_IRQHandler
 .text.EXTI15_10_IRQHandler
                0x0000000008000fd0       0x10 ./Core/Src/stm32f1xx_it.o
                0x0000000008000fd0                EXTI15_10_IRQHandler
 .text._sbrk    0x0000000008000fe0       0x6c ./Core/Src/sysmem.o
                0x0000000008000fe0                _sbrk
 .text.SystemInit
                0x000000000800104c        0xc ./Core/Src/system_stm32f1xx.o
                0x000000000800104c                SystemInit
 .text.Reset_Handler
                0x0000000008001058       0x48 ./Core/Startup/startup_stm32f103cbtx.o
                0x0000000008001058                Reset_Handler
 .text.Default_Handler
                0x00000000080010a0        0x2 ./Core/Startup/startup_stm32f103cbtx.o
                0x00000000080010a0                RTC_Alarm_IRQHandler
                0x00000000080010a0                EXTI2_IRQHandler
                0x00000000080010a0                TIM1_CC_IRQHandler
                0x00000000080010a0                PVD_IRQHandler
                0x00000000080010a0                EXTI3_IRQHandler
                0x00000000080010a0                EXTI0_IRQHandler
                0x00000000080010a0                I2C2_EV_IRQHandler
                0x00000000080010a0                ADC1_2_IRQHandler
                0x00000000080010a0                SPI1_IRQHandler
                0x00000000080010a0                TAMPER_IRQHandler
                0x00000000080010a0                DMA1_Channel4_IRQHandler
                0x00000000080010a0                USART3_IRQHandler
                0x00000000080010a0                RTC_IRQHandler
                0x00000000080010a0                DMA1_Channel7_IRQHandler
                0x00000000080010a0                CAN1_RX1_IRQHandler
                0x00000000080010a0                TIM4_IRQHandler
                0x00000000080010a0                I2C1_EV_IRQHandler
                0x00000000080010a0                DMA1_Channel6_IRQHandler
                0x00000000080010a0                RCC_IRQHandler
                0x00000000080010a0                TIM1_TRG_COM_IRQHandler
                0x00000000080010a0                DMA1_Channel1_IRQHandler
                0x00000000080010a0                Default_Handler
                0x00000000080010a0                DMA1_Channel5_IRQHandler
                0x00000000080010a0                EXTI4_IRQHandler
                0x00000000080010a0                USB_LP_CAN1_RX0_IRQHandler
                0x00000000080010a0                USB_HP_CAN1_TX_IRQHandler
                0x00000000080010a0                DMA1_Channel3_IRQHandler
                0x00000000080010a0                TIM1_UP_IRQHandler
                0x00000000080010a0                WWDG_IRQHandler
                0x00000000080010a0                TIM2_IRQHandler
                0x00000000080010a0                TIM1_BRK_IRQHandler
                0x00000000080010a0                EXTI1_IRQHandler
                0x00000000080010a0                USART2_IRQHandler
                0x00000000080010a0                I2C2_ER_IRQHandler
                0x00000000080010a0                DMA1_Channel2_IRQHandler
                0x00000000080010a0                CAN1_SCE_IRQHandler
                0x00000000080010a0                FLASH_IRQHandler
                0x00000000080010a0                I2C1_ER_IRQHandler
                0x00000000080010a0                USBWakeUp_IRQHandler
 .text.myDelay  0x00000000080010a2       0x26 ./Drivers/25Q/w25q_spi.o
                0x00000000080010a2                myDelay
 .text.SPI1_Send
                0x00000000080010c8       0x28 ./Drivers/25Q/w25q_spi.o
                0x00000000080010c8                SPI1_Send
 .text.SPI1_Recv
                0x00000000080010f0       0x28 ./Drivers/25Q/w25q_spi.o
                0x00000000080010f0                SPI1_Recv
 .text.W25_Reset
                0x0000000008001118       0x38 ./Drivers/25Q/w25q_spi.o
                0x0000000008001118                W25_Reset
 .text.W25_Write_Enable
                0x0000000008001150       0x34 ./Drivers/25Q/w25q_spi.o
                0x0000000008001150                W25_Write_Enable
 .text.W25_Write_Disable
                0x0000000008001184       0x34 ./Drivers/25Q/w25q_spi.o
                0x0000000008001184                W25_Write_Disable
 .text.W25_Set_Block_Protect
                0x00000000080011b8       0x14 ./Drivers/25Q/w25q_spi.o
                0x00000000080011b8                W25_Set_Block_Protect
 .text.W25_Wait_Write_End
                0x00000000080011cc       0x60 ./Drivers/25Q/w25q_spi.o
                0x00000000080011cc                W25_Wait_Write_End
 .text.W25_Erase_Chip
                0x000000000800122c       0x48 ./Drivers/25Q/w25q_spi.o
                0x000000000800122c                W25_Erase_Chip
 .text.W25_Write_Page
                0x0000000008001274      0x100 ./Drivers/25Q/w25q_spi.o
                0x0000000008001274                W25_Write_Page
 .text.W25_Read_ID
                0x0000000008001374       0x50 ./Drivers/25Q/w25q_spi.o
                0x0000000008001374                W25_Read_ID
 .text.W25_Ini  0x00000000080013c4      0x34c ./Drivers/25Q/w25q_spi.o
                0x00000000080013c4                W25_Ini
 .text.W25_Read_Page
                0x0000000008001710       0xf8 ./Drivers/25Q/w25q_spi.o
                0x0000000008001710                W25_Read_Page
 .text.ADS1293_WriteReg
                0x0000000008001808       0x64 ./Drivers/ADS1293/ADS1293.o
                0x0000000008001808                ADS1293_WriteReg
 .text.ads1293readdata
                0x000000000800186c       0x5c ./Drivers/ADS1293/ADS1293.o
                0x000000000800186c                ads1293readdata
 .text.ADS1293_Init
                0x00000000080018c8      0x106 ./Drivers/ADS1293/ADS1293.o
                0x00000000080018c8                ADS1293_Init
 *fill*         0x00000000080019ce        0x2 
 .text.HAL_Init
                0x00000000080019d0       0x2c ./Drivers/STM32F1xx_HAL_Driver/Src/stm32f1xx_hal.o
                0x00000000080019d0                HAL_Init
 .text.HAL_InitTick
                0x00000000080019fc       0x60 ./Drivers/STM32F1xx_HAL_Driver/Src/stm32f1xx_hal.o
                0x00000000080019fc                HAL_InitTick
 .text.HAL_IncTick
                0x0000000008001a5c       0x24 ./Drivers/STM32F1xx_HAL_Driver/Src/stm32f1xx_hal.o
                0x0000000008001a5c                HAL_IncTick
 .text.HAL_GetTick
                0x0000000008001a80       0x14 ./Drivers/STM32F1xx_HAL_Driver/Src/stm32f1xx_hal.o
                0x0000000008001a80                HAL_GetTick
 .text.HAL_Delay
                0x0000000008001a94       0x48 ./Drivers/STM32F1xx_HAL_Driver/Src/stm32f1xx_hal.o
                0x0000000008001a94                HAL_Delay
 .text.__NVIC_SetPriorityGrouping
                0x0000000008001adc       0x48 ./Drivers/STM32F1xx_HAL_Driver/Src/stm32f1xx_hal_cortex.o
 .text.__NVIC_GetPriorityGrouping
                0x0000000008001b24       0x1c ./Drivers/STM32F1xx_HAL_Driver/Src/stm32f1xx_hal_cortex.o
 .text.__NVIC_EnableIRQ
                0x0000000008001b40       0x38 ./Drivers/STM32F1xx_HAL_Driver/Src/stm32f1xx_hal_cortex.o
 .text.__NVIC_DisableIRQ
                0x0000000008001b78       0x48 ./Drivers/STM32F1xx_HAL_Driver/Src/stm32f1xx_hal_cortex.o
 .text.__NVIC_SetPriority
                0x0000000008001bc0       0x54 ./Drivers/STM32F1xx_HAL_Driver/Src/stm32f1xx_hal_cortex.o
 .text.NVIC_EncodePriority
                0x0000000008001c14       0x64 ./Drivers/STM32F1xx_HAL_Driver/Src/stm32f1xx_hal_cortex.o
 .text.SysTick_Config
                0x0000000008001c78       0x44 ./Drivers/STM32F1xx_HAL_Driver/Src/stm32f1xx_hal_cortex.o
 .text.HAL_NVIC_SetPriorityGrouping
                0x0000000008001cbc       0x16 ./Drivers/STM32F1xx_HAL_Driver/Src/stm32f1xx_hal_cortex.o
                0x0000000008001cbc                HAL_NVIC_SetPriorityGrouping
 .text.HAL_NVIC_SetPriority
                0x0000000008001cd2       0x38 ./Drivers/STM32F1xx_HAL_Driver/Src/stm32f1xx_hal_cortex.o
                0x0000000008001cd2                HAL_NVIC_SetPriority
 .text.HAL_NVIC_EnableIRQ
                0x0000000008001d0a       0x1c ./Drivers/STM32F1xx_HAL_Driver/Src/stm32f1xx_hal_cortex.o
                0x0000000008001d0a                HAL_NVIC_EnableIRQ
 .text.HAL_NVIC_DisableIRQ
                0x0000000008001d26       0x1c ./Drivers/STM32F1xx_HAL_Driver/Src/stm32f1xx_hal_cortex.o
                0x0000000008001d26                HAL_NVIC_DisableIRQ
 .text.HAL_SYSTICK_Config
                0x0000000008001d42       0x18 ./Drivers/STM32F1xx_HAL_Driver/Src/stm32f1xx_hal_cortex.o
                0x0000000008001d42                HAL_SYSTICK_Config
 .text.HAL_DMA_Abort
                0x0000000008001d5a       0x74 ./Drivers/STM32F1xx_HAL_Driver/Src/stm32f1xx_hal_dma.o
                0x0000000008001d5a                HAL_DMA_Abort
 *fill*         0x0000000008001dce        0x2 
 .text.HAL_DMA_Abort_IT
                0x0000000008001dd0       0xec ./Drivers/STM32F1xx_HAL_Driver/Src/stm32f1xx_hal_dma.o
                0x0000000008001dd0                HAL_DMA_Abort_IT
 .text.HAL_GPIO_Init
                0x0000000008001ebc      0x308 ./Drivers/STM32F1xx_HAL_Driver/Src/stm32f1xx_hal_gpio.o
                0x0000000008001ebc                HAL_GPIO_Init
 .text.HAL_GPIO_DeInit
                0x00000000080021c4      0x178 ./Drivers/STM32F1xx_HAL_Driver/Src/stm32f1xx_hal_gpio.o
                0x00000000080021c4                HAL_GPIO_DeInit
 .text.HAL_GPIO_ReadPin
                0x000000000800233c       0x2e ./Drivers/STM32F1xx_HAL_Driver/Src/stm32f1xx_hal_gpio.o
                0x000000000800233c                HAL_GPIO_ReadPin
 .text.HAL_GPIO_WritePin
                0x000000000800236a       0x30 ./Drivers/STM32F1xx_HAL_Driver/Src/stm32f1xx_hal_gpio.o
                0x000000000800236a                HAL_GPIO_WritePin
 .text.HAL_GPIO_TogglePin
                0x000000000800239a       0x32 ./Drivers/STM32F1xx_HAL_Driver/Src/stm32f1xx_hal_gpio.o
                0x000000000800239a                HAL_GPIO_TogglePin
 .text.HAL_GPIO_EXTI_IRQHandler
                0x00000000080023cc       0x30 ./Drivers/STM32F1xx_HAL_Driver/Src/stm32f1xx_hal_gpio.o
                0x00000000080023cc                HAL_GPIO_EXTI_IRQHandler
 .text.HAL_RCC_OscConfig
                0x00000000080023fc      0x504 ./Drivers/STM32F1xx_HAL_Driver/Src/stm32f1xx_hal_rcc.o
                0x00000000080023fc                HAL_RCC_OscConfig
 .text.HAL_RCC_ClockConfig
                0x0000000008002900      0x1d4 ./Drivers/STM32F1xx_HAL_Driver/Src/stm32f1xx_hal_rcc.o
                0x0000000008002900                HAL_RCC_ClockConfig
 .text.HAL_RCC_GetSysClockFreq
                0x0000000008002ad4       0xbc ./Drivers/STM32F1xx_HAL_Driver/Src/stm32f1xx_hal_rcc.o
                0x0000000008002ad4                HAL_RCC_GetSysClockFreq
 .text.HAL_RCC_GetHCLKFreq
                0x0000000008002b90       0x14 ./Drivers/STM32F1xx_HAL_Driver/Src/stm32f1xx_hal_rcc.o
                0x0000000008002b90                HAL_RCC_GetHCLKFreq
 .text.HAL_RCC_GetPCLK1Freq
                0x0000000008002ba4       0x28 ./Drivers/STM32F1xx_HAL_Driver/Src/stm32f1xx_hal_rcc.o
                0x0000000008002ba4                HAL_RCC_GetPCLK1Freq
 .text.HAL_RCC_GetPCLK2Freq
                0x0000000008002bcc       0x28 ./Drivers/STM32F1xx_HAL_Driver/Src/stm32f1xx_hal_rcc.o
                0x0000000008002bcc                HAL_RCC_GetPCLK2Freq
 .text.RCC_Delay
                0x0000000008002bf4       0x3c ./Drivers/STM32F1xx_HAL_Driver/Src/stm32f1xx_hal_rcc.o
 .text.HAL_SPI_Init
                0x0000000008002c30      0x108 ./Drivers/STM32F1xx_HAL_Driver/Src/stm32f1xx_hal_spi.o
                0x0000000008002c30                HAL_SPI_Init
 .text.HAL_SPI_DeInit
                0x0000000008002d38       0x50 ./Drivers/STM32F1xx_HAL_Driver/Src/stm32f1xx_hal_spi.o
                0x0000000008002d38                HAL_SPI_DeInit
 .text.HAL_SPI_Transmit
                0x0000000008002d88      0x278 ./Drivers/STM32F1xx_HAL_Driver/Src/stm32f1xx_hal_spi.o
                0x0000000008002d88                HAL_SPI_Transmit
 .text.HAL_SPI_Receive
                0x0000000008003000      0x222 ./Drivers/STM32F1xx_HAL_Driver/Src/stm32f1xx_hal_spi.o
                0x0000000008003000                HAL_SPI_Receive
 .text.HAL_SPI_TransmitReceive
                0x0000000008003222      0x344 ./Drivers/STM32F1xx_HAL_Driver/Src/stm32f1xx_hal_spi.o
                0x0000000008003222                HAL_SPI_TransmitReceive
 *fill*         0x0000000008003566        0x2 
 .text.HAL_SPI_TransmitReceive_IT
                0x0000000008003568      0x128 ./Drivers/STM32F1xx_HAL_Driver/Src/stm32f1xx_hal_spi.o
                0x0000000008003568                HAL_SPI_TransmitReceive_IT
 .text.HAL_SPI_IRQHandler
                0x0000000008003690      0x1cc ./Drivers/STM32F1xx_HAL_Driver/Src/stm32f1xx_hal_spi.o
                0x0000000008003690                HAL_SPI_IRQHandler
 .text.HAL_SPI_RxCpltCallback
                0x000000000800385c       0x12 ./Drivers/STM32F1xx_HAL_Driver/Src/stm32f1xx_hal_spi.o
                0x000000000800385c                HAL_SPI_RxCpltCallback
 .text.SPI_DMAAbortOnError
                0x000000000800386e       0x28 ./Drivers/STM32F1xx_HAL_Driver/Src/stm32f1xx_hal_spi.o
 .text.SPI_2linesRxISR_8BIT
                0x0000000008003896       0x64 ./Drivers/STM32F1xx_HAL_Driver/Src/stm32f1xx_hal_spi.o
 .text.SPI_2linesTxISR_8BIT
                0x00000000080038fa       0x60 ./Drivers/STM32F1xx_HAL_Driver/Src/stm32f1xx_hal_spi.o
 .text.SPI_2linesRxISR_16BIT
                0x000000000800395a       0x60 ./Drivers/STM32F1xx_HAL_Driver/Src/stm32f1xx_hal_spi.o
 .text.SPI_2linesTxISR_16BIT
                0x00000000080039ba       0x5e ./Drivers/STM32F1xx_HAL_Driver/Src/stm32f1xx_hal_spi.o
 .text.SPI_WaitFlagStateUntilTimeout
                0x0000000008003a18      0x110 ./Drivers/STM32F1xx_HAL_Driver/Src/stm32f1xx_hal_spi.o
 .text.SPI_EndRxTransaction
                0x0000000008003b28       0xa4 ./Drivers/STM32F1xx_HAL_Driver/Src/stm32f1xx_hal_spi.o
 .text.SPI_EndRxTxTransaction
                0x0000000008003bcc       0x3c ./Drivers/STM32F1xx_HAL_Driver/Src/stm32f1xx_hal_spi.o
 .text.SPI_CloseRxTx_ISR
                0x0000000008003c08       0xe8 ./Drivers/STM32F1xx_HAL_Driver/Src/stm32f1xx_hal_spi.o
 .text.HAL_TIM_Base_Init
                0x0000000008003cf0       0x9e ./Drivers/STM32F1xx_HAL_Driver/Src/stm32f1xx_hal_tim.o
                0x0000000008003cf0                HAL_TIM_Base_Init
 *fill*         0x0000000008003d8e        0x2 
 .text.HAL_TIM_Base_Start_IT
                0x0000000008003d90       0xa4 ./Drivers/STM32F1xx_HAL_Driver/Src/stm32f1xx_hal_tim.o
                0x0000000008003d90                HAL_TIM_Base_Start_IT
 .text.HAL_TIM_PWM_Init
                0x0000000008003e34       0x9e ./Drivers/STM32F1xx_HAL_Driver/Src/stm32f1xx_hal_tim.o
                0x0000000008003e34                HAL_TIM_PWM_Init
 .text.HAL_TIM_PWM_MspInit
                0x0000000008003ed2       0x12 ./Drivers/STM32F1xx_HAL_Driver/Src/stm32f1xx_hal_tim.o
                0x0000000008003ed2                HAL_TIM_PWM_MspInit
 .text.HAL_TIM_OnePulse_Init
                0x0000000008003ee4       0xa0 ./Drivers/STM32F1xx_HAL_Driver/Src/stm32f1xx_hal_tim.o
                0x0000000008003ee4                HAL_TIM_OnePulse_Init
 .text.HAL_TIM_OnePulse_MspInit
                0x0000000008003f84       0x12 ./Drivers/STM32F1xx_HAL_Driver/Src/stm32f1xx_hal_tim.o
                0x0000000008003f84                HAL_TIM_OnePulse_MspInit
 .text.HAL_TIM_IRQHandler
                0x0000000008003f96      0x210 ./Drivers/STM32F1xx_HAL_Driver/Src/stm32f1xx_hal_tim.o
                0x0000000008003f96                HAL_TIM_IRQHandler
 *fill*         0x00000000080041a6        0x2 
 .text.HAL_TIM_PWM_ConfigChannel
                0x00000000080041a8      0x17c ./Drivers/STM32F1xx_HAL_Driver/Src/stm32f1xx_hal_tim.o
                0x00000000080041a8                HAL_TIM_PWM_ConfigChannel
 .text.HAL_TIM_ConfigClockSource
                0x0000000008004324      0x188 ./Drivers/STM32F1xx_HAL_Driver/Src/stm32f1xx_hal_tim.o
                0x0000000008004324                HAL_TIM_ConfigClockSource
 .text.HAL_TIM_PeriodElapsedCallback
                0x00000000080044ac       0x12 ./Drivers/STM32F1xx_HAL_Driver/Src/stm32f1xx_hal_tim.o
                0x00000000080044ac                HAL_TIM_PeriodElapsedCallback
 .text.HAL_TIM_OC_DelayElapsedCallback
                0x00000000080044be       0x12 ./Drivers/STM32F1xx_HAL_Driver/Src/stm32f1xx_hal_tim.o
                0x00000000080044be                HAL_TIM_OC_DelayElapsedCallback
 .text.HAL_TIM_IC_CaptureCallback
                0x00000000080044d0       0x12 ./Drivers/STM32F1xx_HAL_Driver/Src/stm32f1xx_hal_tim.o
                0x00000000080044d0                HAL_TIM_IC_CaptureCallback
 .text.HAL_TIM_PWM_PulseFinishedCallback
                0x00000000080044e2       0x12 ./Drivers/STM32F1xx_HAL_Driver/Src/stm32f1xx_hal_tim.o
                0x00000000080044e2                HAL_TIM_PWM_PulseFinishedCallback
 .text.HAL_TIM_TriggerCallback
                0x00000000080044f4       0x12 ./Drivers/STM32F1xx_HAL_Driver/Src/stm32f1xx_hal_tim.o
                0x00000000080044f4                HAL_TIM_TriggerCallback
 *fill*         0x0000000008004506        0x2 
 .text.TIM_Base_SetConfig
                0x0000000008004508       0xc4 ./Drivers/STM32F1xx_HAL_Driver/Src/stm32f1xx_hal_tim.o
                0x0000000008004508                TIM_Base_SetConfig
 .text.TIM_OC1_SetConfig
                0x00000000080045cc       0xcc ./Drivers/STM32F1xx_HAL_Driver/Src/stm32f1xx_hal_tim.o
 .text.TIM_OC2_SetConfig
                0x0000000008004698       0xd4 ./Drivers/STM32F1xx_HAL_Driver/Src/stm32f1xx_hal_tim.o
                0x0000000008004698                TIM_OC2_SetConfig
 .text.TIM_OC3_SetConfig
                0x000000000800476c       0xd4 ./Drivers/STM32F1xx_HAL_Driver/Src/stm32f1xx_hal_tim.o
 .text.TIM_OC4_SetConfig
                0x0000000008004840       0x9c ./Drivers/STM32F1xx_HAL_Driver/Src/stm32f1xx_hal_tim.o
 .text.TIM_TI1_ConfigInputStage
                0x00000000080048dc       0x5c ./Drivers/STM32F1xx_HAL_Driver/Src/stm32f1xx_hal_tim.o
 .text.TIM_TI2_ConfigInputStage
                0x0000000008004938       0x5e ./Drivers/STM32F1xx_HAL_Driver/Src/stm32f1xx_hal_tim.o
 .text.TIM_ITRx_SetConfig
                0x0000000008004996       0x34 ./Drivers/STM32F1xx_HAL_Driver/Src/stm32f1xx_hal_tim.o
 .text.TIM_ETR_SetConfig
                0x00000000080049ca       0x3e ./Drivers/STM32F1xx_HAL_Driver/Src/stm32f1xx_hal_tim.o
                0x00000000080049ca                TIM_ETR_SetConfig
 .text.TIM_CCxChannelCmd
                0x0000000008004a08       0x48 ./Drivers/STM32F1xx_HAL_Driver/Src/stm32f1xx_hal_tim.o
                0x0000000008004a08                TIM_CCxChannelCmd
 .text.HAL_TIMEx_MasterConfigSynchronization
                0x0000000008004a50       0xbc ./Drivers/STM32F1xx_HAL_Driver/Src/stm32f1xx_hal_tim_ex.o
                0x0000000008004a50                HAL_TIMEx_MasterConfigSynchronization
 .text.HAL_TIMEx_CommutCallback
                0x0000000008004b0c       0x12 ./Drivers/STM32F1xx_HAL_Driver/Src/stm32f1xx_hal_tim_ex.o
                0x0000000008004b0c                HAL_TIMEx_CommutCallback
 .text.HAL_TIMEx_BreakCallback
                0x0000000008004b1e       0x12 ./Drivers/STM32F1xx_HAL_Driver/Src/stm32f1xx_hal_tim_ex.o
                0x0000000008004b1e                HAL_TIMEx_BreakCallback
 .text.HAL_UART_Init
                0x0000000008004b30       0x9a ./Drivers/STM32F1xx_HAL_Driver/Src/stm32f1xx_hal_uart.o
                0x0000000008004b30                HAL_UART_Init
 .text.HAL_UART_Transmit
                0x0000000008004bca      0x124 ./Drivers/STM32F1xx_HAL_Driver/Src/stm32f1xx_hal_uart.o
                0x0000000008004bca                HAL_UART_Transmit
 .text.HAL_UART_Receive_IT
                0x0000000008004cee       0x60 ./Drivers/STM32F1xx_HAL_Driver/Src/stm32f1xx_hal_uart.o
                0x0000000008004cee                HAL_UART_Receive_IT
 *fill*         0x0000000008004d4e        0x2 
 .text.HAL_UART_IRQHandler
                0x0000000008004d50      0x354 ./Drivers/STM32F1xx_HAL_Driver/Src/stm32f1xx_hal_uart.o
                0x0000000008004d50                HAL_UART_IRQHandler
 .text.HAL_UART_TxCpltCallback
                0x00000000080050a4       0x12 ./Drivers/STM32F1xx_HAL_Driver/Src/stm32f1xx_hal_uart.o
                0x00000000080050a4                HAL_UART_TxCpltCallback
 .text.HAL_UART_RxCpltCallback
                0x00000000080050b6       0x12 ./Drivers/STM32F1xx_HAL_Driver/Src/stm32f1xx_hal_uart.o
                0x00000000080050b6                HAL_UART_RxCpltCallback
 .text.HAL_UART_ErrorCallback
                0x00000000080050c8       0x12 ./Drivers/STM32F1xx_HAL_Driver/Src/stm32f1xx_hal_uart.o
                0x00000000080050c8                HAL_UART_ErrorCallback
 .text.HAL_UARTEx_RxEventCallback
                0x00000000080050da       0x16 ./Drivers/STM32F1xx_HAL_Driver/Src/stm32f1xx_hal_uart.o
                0x00000000080050da                HAL_UARTEx_RxEventCallback
 .text.UART_WaitOnFlagUntilTimeout
                0x00000000080050f0       0x94 ./Drivers/STM32F1xx_HAL_Driver/Src/stm32f1xx_hal_uart.o
 .text.UART_Start_Receive_IT
                0x0000000008005184       0x72 ./Drivers/STM32F1xx_HAL_Driver/Src/stm32f1xx_hal_uart.o
                0x0000000008005184                UART_Start_Receive_IT
 .text.UART_EndRxTransfer
                0x00000000080051f6       0x58 ./Drivers/STM32F1xx_HAL_Driver/Src/stm32f1xx_hal_uart.o
 .text.UART_DMAAbortOnError
                0x000000000800524e       0x28 ./Drivers/STM32F1xx_HAL_Driver/Src/stm32f1xx_hal_uart.o
 .text.UART_Transmit_IT
                0x0000000008005276       0x9e ./Drivers/STM32F1xx_HAL_Driver/Src/stm32f1xx_hal_uart.o
 .text.UART_EndTransmit_IT
                0x0000000008005314       0x30 ./Drivers/STM32F1xx_HAL_Driver/Src/stm32f1xx_hal_uart.o
 .text.UART_Receive_IT
                0x0000000008005344      0x152 ./Drivers/STM32F1xx_HAL_Driver/Src/stm32f1xx_hal_uart.o
 *fill*         0x0000000008005496        0x2 
 .text.UART_SetConfig
                0x0000000008005498      0x11c ./Drivers/STM32F1xx_HAL_Driver/Src/stm32f1xx_hal_uart.o
 .text.HAL_GPIO_EXTI_Callback
                0x00000000080055b4       0xd4 ./Libraries/Src/SPI_Connection.o
                0x00000000080055b4                HAL_GPIO_EXTI_Callback
 .text.fillBuffer
                0x0000000008005688       0x36 ./Libraries/Src/SPI_Connection.o
                0x0000000008005688                fillBuffer
 *fill*         0x00000000080056be        0x2 
 .text.initSPIConnection
                0x00000000080056c0       0x2c ./Libraries/Src/SPI_Connection.o
                0x00000000080056c0                initSPIConnection
 .text.resetSPIConnection
                0x00000000080056ec       0x18 ./Libraries/Src/SPI_Connection.o
                0x00000000080056ec                resetSPIConnection
 .text.initResponseBuffer
                0x0000000008005704       0x70 ./Libraries/Src/SPI_Connection.o
                0x0000000008005704                initResponseBuffer
 .text.switchBuffer
                0x0000000008005774       0x44 ./Libraries/Src/SPI_Connection.o
                0x0000000008005774                switchBuffer
 .text.HAL_SPI_TxRxCpltCallback
                0x00000000080057b8       0x68 ./Libraries/Src/SPI_Connection.o
                0x00000000080057b8                HAL_SPI_TxRxCpltCallback
 .text.getFSMProtocolState
                0x0000000008005820       0x14 ./Libraries/Src/protocol_parser.o
                0x0000000008005820                getFSMProtocolState
 .text.setFSMProtocolState
                0x0000000008005834       0x20 ./Libraries/Src/protocol_parser.o
                0x0000000008005834                setFSMProtocolState
 .text.setLastFSMProtocolState
                0x0000000008005854       0x20 ./Libraries/Src/protocol_parser.o
                0x0000000008005854                setLastFSMProtocolState
 .text.updateNumAvailableMeasData
                0x0000000008005874       0xb0 ./Libraries/Src/protocol_parser.o
                0x0000000008005874                updateNumAvailableMeasData
 .text.fillDataFrame
                0x0000000008005924       0x9c ./Libraries/Src/protocol_parser.o
                0x0000000008005924                fillDataFrame
 .text.fillDataField
                0x00000000080059c0       0xd4 ./Libraries/Src/protocol_parser.o
                0x00000000080059c0                fillDataField
 .text.fillResponseFrame
                0x0000000008005a94       0xac ./Libraries/Src/protocol_parser.o
                0x0000000008005a94                fillResponseFrame
 .text.sendPreviousResponse
                0x0000000008005b40       0x28 ./Libraries/Src/protocol_parser.o
                0x0000000008005b40                sendPreviousResponse
 .text.updateSavedResponse
                0x0000000008005b68       0x88 ./Libraries/Src/protocol_parser.o
                0x0000000008005b68                updateSavedResponse
 .text.parserFSM
                0x0000000008005bf0      0x3c0 ./Libraries/Src/protocol_parser.o
                0x0000000008005bf0                parserFSM
 .text.checkCRC32
                0x0000000008005fb0       0x5e ./Libraries/Src/protocol_parser.o
                0x0000000008005fb0                checkCRC32
 *fill*         0x000000000800600e        0x2 
 .text.calculateCRC32
                0x0000000008006010       0x58 ./Libraries/Src/protocol_parser.o
                0x0000000008006010                calculateCRC32
 .text.sensorInit
                0x0000000008006068       0x64 ./Libraries/Src/protocol_parser.o
                0x0000000008006068                sensorInit
 .text.sendInitCTRL
                0x00000000080060cc       0x20 ./Libraries/Src/protocol_parser.o
                0x00000000080060cc                sendInitCTRL
 .text.sendRxCompleteCTRL
                0x00000000080060ec       0x20 ./Libraries/Src/protocol_parser.o
                0x00000000080060ec                sendRxCompleteCTRL
 .text.resetFSMProtocol
                0x000000000800610c       0x34 ./Libraries/Src/protocol_parser.o
                0x000000000800610c                resetFSMProtocol
 .text.sensorSelfCheck
                0x0000000008006140      0x10a ./Libraries/Src/sensor_utils.o
                0x0000000008006140                sensorSelfCheck
 .text.sensorChipInit
                0x000000000800624a        0xc ./Libraries/Src/sensor_utils.o
                0x000000000800624a                sensorChipInit
 .text.resetSensorChip
                0x0000000008006256        0xc ./Libraries/Src/sensor_utils.o
                0x0000000008006256                resetSensorChip
 *fill*         0x0000000008006262        0x2 
 .text.resetSensor
                0x0000000008006264       0x44 ./Libraries/Src/sensor_utils.o
                0x0000000008006264                resetSensor
 .text.startMeasurement
                0x00000000080062a8       0x24 ./Libraries/Src/sensor_utils.o
                0x00000000080062a8                startMeasurement
 .text.stopMeasurement
                0x00000000080062cc       0x28 ./Libraries/Src/sensor_utils.o
                0x00000000080062cc                stopMeasurement
 .text.__errno  0x00000000080062f4        0xc d:/program files/stm32cubeide_1.12.0/stm32cubeide/plugins/com.st.stm32cube.ide.mcu.externaltools.gnu-tools-for-stm32.10.3-2021.10.win32_1.0.200.202301161003/tools/bin/../lib/gcc/arm-none-eabi/10.3.1/../../../../arm-none-eabi/lib/thumb/v7-m/nofp\libc_nano.a(lib_a-errno.o)
                0x00000000080062f4                __errno
 .text.__libc_init_array
                0x0000000008006300       0x48 d:/program files/stm32cubeide_1.12.0/stm32cubeide/plugins/com.st.stm32cube.ide.mcu.externaltools.gnu-tools-for-stm32.10.3-2021.10.win32_1.0.200.202301161003/tools/bin/../lib/gcc/arm-none-eabi/10.3.1/../../../../arm-none-eabi/lib/thumb/v7-m/nofp\libc_nano.a(lib_a-init.o)
                0x0000000008006300                __libc_init_array
 .text.memcpy   0x0000000008006348       0x1c d:/program files/stm32cubeide_1.12.0/stm32cubeide/plugins/com.st.stm32cube.ide.mcu.externaltools.gnu-tools-for-stm32.10.3-2021.10.win32_1.0.200.202301161003/tools/bin/../lib/gcc/arm-none-eabi/10.3.1/../../../../arm-none-eabi/lib/thumb/v7-m/nofp\libc_nano.a(lib_a-memcpy-stub.o)
                0x0000000008006348                memcpy
 .text.memset   0x0000000008006364       0x10 d:/program files/stm32cubeide_1.12.0/stm32cubeide/plugins/com.st.stm32cube.ide.mcu.externaltools.gnu-tools-for-stm32.10.3-2021.10.win32_1.0.200.202301161003/tools/bin/../lib/gcc/arm-none-eabi/10.3.1/../../../../arm-none-eabi/lib/thumb/v7-m/nofp\libc_nano.a(lib_a-memset.o)
                0x0000000008006364                memset
 .text.sprintf  0x0000000008006374       0x40 d:/program files/stm32cubeide_1.12.0/stm32cubeide/plugins/com.st.stm32cube.ide.mcu.externaltools.gnu-tools-for-stm32.10.3-2021.10.win32_1.0.200.202301161003/tools/bin/../lib/gcc/arm-none-eabi/10.3.1/../../../../arm-none-eabi/lib/thumb/v7-m/nofp\libc_nano.a(lib_a-sprintf.o)
                0x0000000008006374                siprintf
                0x0000000008006374                sprintf
 .text.__ssputs_r
                0x00000000080063b4       0xb6 d:/program files/stm32cubeide_1.12.0/stm32cubeide/plugins/com.st.stm32cube.ide.mcu.externaltools.gnu-tools-for-stm32.10.3-2021.10.win32_1.0.200.202301161003/tools/bin/../lib/gcc/arm-none-eabi/10.3.1/../../../../arm-none-eabi/lib/thumb/v7-m/nofp\libc_nano.a(lib_a-nano-svfprintf.o)
                0x00000000080063b4                __ssputs_r
 *fill*         0x000000000800646a        0x2 
 .text._svfprintf_r
                0x000000000800646c      0x200 d:/program files/stm32cubeide_1.12.0/stm32cubeide/plugins/com.st.stm32cube.ide.mcu.externaltools.gnu-tools-for-stm32.10.3-2021.10.win32_1.0.200.202301161003/tools/bin/../lib/gcc/arm-none-eabi/10.3.1/../../../../arm-none-eabi/lib/thumb/v7-m/nofp\libc_nano.a(lib_a-nano-svfprintf.o)
                0x000000000800646c                _svfiprintf_r
                0x000000000800646c                _svfprintf_r
 .text._printf_common
                0x000000000800666c       0xde d:/program files/stm32cubeide_1.12.0/stm32cubeide/plugins/com.st.stm32cube.ide.mcu.externaltools.gnu-tools-for-stm32.10.3-2021.10.win32_1.0.200.202301161003/tools/bin/../lib/gcc/arm-none-eabi/10.3.1/../../../../arm-none-eabi/lib/thumb/v7-m/nofp\libc_nano.a(lib_a-nano-vfprintf_i.o)
                0x000000000800666c                _printf_common
 *fill*         0x000000000800674a        0x2 
 .text._printf_i
                0x000000000800674c      0x24c d:/program files/stm32cubeide_1.12.0/stm32cubeide/plugins/com.st.stm32cube.ide.mcu.externaltools.gnu-tools-for-stm32.10.3-2021.10.win32_1.0.200.202301161003/tools/bin/../lib/gcc/arm-none-eabi/10.3.1/../../../../arm-none-eabi/lib/thumb/v7-m/nofp\libc_nano.a(lib_a-nano-vfprintf_i.o)
                0x000000000800674c                _printf_i
 .text.memchr   0x0000000008006998       0x1c d:/program files/stm32cubeide_1.12.0/stm32cubeide/plugins/com.st.stm32cube.ide.mcu.externaltools.gnu-tools-for-stm32.10.3-2021.10.win32_1.0.200.202301161003/tools/bin/../lib/gcc/arm-none-eabi/10.3.1/../../../../arm-none-eabi/lib/thumb/v7-m/nofp\libc_nano.a(lib_a-memchr-stub.o)
                0x0000000008006998                memchr
 .text.memmove  0x00000000080069b4       0x34 d:/program files/stm32cubeide_1.12.0/stm32cubeide/plugins/com.st.stm32cube.ide.mcu.externaltools.gnu-tools-for-stm32.10.3-2021.10.win32_1.0.200.202301161003/tools/bin/../lib/gcc/arm-none-eabi/10.3.1/../../../../arm-none-eabi/lib/thumb/v7-m/nofp\libc_nano.a(lib_a-memmove.o)
                0x00000000080069b4                memmove
 .text._free_r  0x00000000080069e8       0x90 d:/program files/stm32cubeide_1.12.0/stm32cubeide/plugins/com.st.stm32cube.ide.mcu.externaltools.gnu-tools-for-stm32.10.3-2021.10.win32_1.0.200.202301161003/tools/bin/../lib/gcc/arm-none-eabi/10.3.1/../../../../arm-none-eabi/lib/thumb/v7-m/nofp\libc_nano.a(lib_a-nano-freer.o)
                0x00000000080069e8                _free_r
 .text.sbrk_aligned
                0x0000000008006a78       0x40 d:/program files/stm32cubeide_1.12.0/stm32cubeide/plugins/com.st.stm32cube.ide.mcu.externaltools.gnu-tools-for-stm32.10.3-2021.10.win32_1.0.200.202301161003/tools/bin/../lib/gcc/arm-none-eabi/10.3.1/../../../../arm-none-eabi/lib/thumb/v7-m/nofp\libc_nano.a(lib_a-nano-mallocr.o)
 .text._malloc_r
                0x0000000008006ab8       0xe8 d:/program files/stm32cubeide_1.12.0/stm32cubeide/plugins/com.st.stm32cube.ide.mcu.externaltools.gnu-tools-for-stm32.10.3-2021.10.win32_1.0.200.202301161003/tools/bin/../lib/gcc/arm-none-eabi/10.3.1/../../../../arm-none-eabi/lib/thumb/v7-m/nofp\libc_nano.a(lib_a-nano-mallocr.o)
                0x0000000008006ab8                _malloc_r
 .text._realloc_r
                0x0000000008006ba0       0x5e d:/program files/stm32cubeide_1.12.0/stm32cubeide/plugins/com.st.stm32cube.ide.mcu.externaltools.gnu-tools-for-stm32.10.3-2021.10.win32_1.0.200.202301161003/tools/bin/../lib/gcc/arm-none-eabi/10.3.1/../../../../arm-none-eabi/lib/thumb/v7-m/nofp\libc_nano.a(lib_a-nano-reallocr.o)
                0x0000000008006ba0                _realloc_r
 *fill*         0x0000000008006bfe        0x2 
 .text._sbrk_r  0x0000000008006c00       0x20 d:/program files/stm32cubeide_1.12.0/stm32cubeide/plugins/com.st.stm32cube.ide.mcu.externaltools.gnu-tools-for-stm32.10.3-2021.10.win32_1.0.200.202301161003/tools/bin/../lib/gcc/arm-none-eabi/10.3.1/../../../../arm-none-eabi/lib/thumb/v7-m/nofp\libc_nano.a(lib_a-sbrkr.o)
                0x0000000008006c00                _sbrk_r
 .text.__malloc_lock
                0x0000000008006c20        0xc d:/program files/stm32cubeide_1.12.0/stm32cubeide/plugins/com.st.stm32cube.ide.mcu.externaltools.gnu-tools-for-stm32.10.3-2021.10.win32_1.0.200.202301161003/tools/bin/../lib/gcc/arm-none-eabi/10.3.1/../../../../arm-none-eabi/lib/thumb/v7-m/nofp\libc_nano.a(lib_a-mlock.o)
                0x0000000008006c20                __malloc_lock
 .text.__malloc_unlock
                0x0000000008006c2c        0xc d:/program files/stm32cubeide_1.12.0/stm32cubeide/plugins/com.st.stm32cube.ide.mcu.externaltools.gnu-tools-for-stm32.10.3-2021.10.win32_1.0.200.202301161003/tools/bin/../lib/gcc/arm-none-eabi/10.3.1/../../../../arm-none-eabi/lib/thumb/v7-m/nofp\libc_nano.a(lib_a-mlock.o)
                0x0000000008006c2c                __malloc_unlock
 .text._malloc_usable_size_r
                0x0000000008006c38       0x10 d:/program files/stm32cubeide_1.12.0/stm32cubeide/plugins/com.st.stm32cube.ide.mcu.externaltools.gnu-tools-for-stm32.10.3-2021.10.win32_1.0.200.202301161003/tools/bin/../lib/gcc/arm-none-eabi/10.3.1/../../../../arm-none-eabi/lib/thumb/v7-m/nofp\libc_nano.a(lib_a-nano-msizer.o)
                0x0000000008006c38                _malloc_usable_size_r
 .text.__retarget_lock_acquire_recursive
                0x0000000008006c48        0x2 d:/program files/stm32cubeide_1.12.0/stm32cubeide/plugins/com.st.stm32cube.ide.mcu.externaltools.gnu-tools-for-stm32.10.3-2021.10.win32_1.0.200.202301161003/tools/bin/../lib/gcc/arm-none-eabi/10.3.1/../../../../arm-none-eabi/lib/thumb/v7-m/nofp\libc_nano.a(lib_a-lock.o)
                0x0000000008006c48                __retarget_lock_acquire_recursive
 .text.__retarget_lock_release_recursive
                0x0000000008006c4a        0x2 d:/program files/stm32cubeide_1.12.0/stm32cubeide/plugins/com.st.stm32cube.ide.mcu.externaltools.gnu-tools-for-stm32.10.3-2021.10.win32_1.0.200.202301161003/tools/bin/../lib/gcc/arm-none-eabi/10.3.1/../../../../arm-none-eabi/lib/thumb/v7-m/nofp\libc_nano.a(lib_a-lock.o)
                0x0000000008006c4a                __retarget_lock_release_recursive
 *(.glue_7)
 .glue_7        0x0000000008006c4c        0x0 linker stubs
 *(.glue_7t)
 .glue_7t       0x0000000008006c4c        0x0 linker stubs
 *(.eh_frame)
 .eh_frame      0x0000000008006c4c        0x0 d:/program files/stm32cubeide_1.12.0/stm32cubeide/plugins/com.st.stm32cube.ide.mcu.externaltools.gnu-tools-for-stm32.10.3-2021.10.win32_1.0.200.202301161003/tools/bin/../lib/gcc/arm-none-eabi/10.3.1/thumb/v7-m/nofp/crtbegin.o
 *(.init)
 .init          0x0000000008006c4c        0x4 d:/program files/stm32cubeide_1.12.0/stm32cubeide/plugins/com.st.stm32cube.ide.mcu.externaltools.gnu-tools-for-stm32.10.3-2021.10.win32_1.0.200.202301161003/tools/bin/../lib/gcc/arm-none-eabi/10.3.1/thumb/v7-m/nofp/crti.o
                0x0000000008006c4c                _init
 .init          0x0000000008006c50        0x8 d:/program files/stm32cubeide_1.12.0/stm32cubeide/plugins/com.st.stm32cube.ide.mcu.externaltools.gnu-tools-for-stm32.10.3-2021.10.win32_1.0.200.202301161003/tools/bin/../lib/gcc/arm-none-eabi/10.3.1/thumb/v7-m/nofp/crtn.o
 *(.fini)
 .fini          0x0000000008006c58        0x4 d:/program files/stm32cubeide_1.12.0/stm32cubeide/plugins/com.st.stm32cube.ide.mcu.externaltools.gnu-tools-for-stm32.10.3-2021.10.win32_1.0.200.202301161003/tools/bin/../lib/gcc/arm-none-eabi/10.3.1/thumb/v7-m/nofp/crti.o
                0x0000000008006c58                _fini
 .fini          0x0000000008006c5c        0x8 d:/program files/stm32cubeide_1.12.0/stm32cubeide/plugins/com.st.stm32cube.ide.mcu.externaltools.gnu-tools-for-stm32.10.3-2021.10.win32_1.0.200.202301161003/tools/bin/../lib/gcc/arm-none-eabi/10.3.1/thumb/v7-m/nofp/crtn.o
                0x0000000008006c64                . = ALIGN (0x4)
                0x0000000008006c64                _etext = .

.vfp11_veneer   0x0000000008006c64        0x0
 .vfp11_veneer  0x0000000008006c64        0x0 linker stubs

.v4_bx          0x0000000008006c64        0x0
 .v4_bx         0x0000000008006c64        0x0 linker stubs

.iplt           0x0000000008006c64        0x0
 .iplt          0x0000000008006c64        0x0 d:/program files/stm32cubeide_1.12.0/stm32cubeide/plugins/com.st.stm32cube.ide.mcu.externaltools.gnu-tools-for-stm32.10.3-2021.10.win32_1.0.200.202301161003/tools/bin/../lib/gcc/arm-none-eabi/10.3.1/thumb/v7-m/nofp/crtbegin.o

.rodata         0x0000000008006c64      0x7b8
                0x0000000008006c64                . = ALIGN (0x4)
 *(.rodata)
 .rodata        0x0000000008006c64       0x1f ./Core/Src/main.o
 *fill*         0x0000000008006c83        0x1 
 .rodata        0x0000000008006c84      0x33a ./Drivers/25Q/w25q_spi.o
 *fill*         0x0000000008006fbe        0x2 
 .rodata        0x0000000008006fc0       0x10 ./Drivers/STM32F1xx_HAL_Driver/Src/stm32f1xx_hal_rcc.o
 *(.rodata*)
 .rodata.AHBPrescTable
                0x0000000008006fd0       0x10 ./Core/Src/system_stm32f1xx.o
                0x0000000008006fd0                AHBPrescTable
 .rodata.APBPrescTable
                0x0000000008006fe0        0x8 ./Core/Src/system_stm32f1xx.o
                0x0000000008006fe0                APBPrescTable
 .rodata.crc32_table
                0x0000000008006fe8      0x400 ./Libraries/Src/protocol_parser.o
                0x0000000008006fe8                crc32_table
 .rodata._svfprintf_r.str1.1
                0x00000000080073e8       0x11 d:/program files/stm32cubeide_1.12.0/stm32cubeide/plugins/com.st.stm32cube.ide.mcu.externaltools.gnu-tools-for-stm32.10.3-2021.10.win32_1.0.200.202301161003/tools/bin/../lib/gcc/arm-none-eabi/10.3.1/../../../../arm-none-eabi/lib/thumb/v7-m/nofp\libc_nano.a(lib_a-nano-svfprintf.o)
 .rodata._printf_i.str1.1
                0x00000000080073f9       0x22 d:/program files/stm32cubeide_1.12.0/stm32cubeide/plugins/com.st.stm32cube.ide.mcu.externaltools.gnu-tools-for-stm32.10.3-2021.10.win32_1.0.200.202301161003/tools/bin/../lib/gcc/arm-none-eabi/10.3.1/../../../../arm-none-eabi/lib/thumb/v7-m/nofp\libc_nano.a(lib_a-nano-vfprintf_i.o)
                0x000000000800741c                . = ALIGN (0x4)
 *fill*         0x000000000800741b        0x1 

.rel.dyn        0x000000000800741c        0x0
 .rel.iplt      0x000000000800741c        0x0 d:/program files/stm32cubeide_1.12.0/stm32cubeide/plugins/com.st.stm32cube.ide.mcu.externaltools.gnu-tools-for-stm32.10.3-2021.10.win32_1.0.200.202301161003/tools/bin/../lib/gcc/arm-none-eabi/10.3.1/thumb/v7-m/nofp/crtbegin.o

.ARM.extab      0x000000000800741c        0x0
                0x000000000800741c                . = ALIGN (0x4)
 *(.ARM.extab* .gnu.linkonce.armextab.*)
                0x000000000800741c                . = ALIGN (0x4)

.ARM            0x000000000800741c        0x0
                0x000000000800741c                . = ALIGN (0x4)
                0x000000000800741c                __exidx_start = .
 *(.ARM.exidx*)
                0x000000000800741c                __exidx_end = .
                0x000000000800741c                . = ALIGN (0x4)

.preinit_array  0x000000000800741c        0x0
                0x000000000800741c                . = ALIGN (0x4)
                0x000000000800741c                PROVIDE (__preinit_array_start = .)
 *(.preinit_array*)
                0x000000000800741c                PROVIDE (__preinit_array_end = .)
                0x000000000800741c                . = ALIGN (0x4)

.init_array     0x000000000800741c        0x4
                0x000000000800741c                . = ALIGN (0x4)
                0x000000000800741c                PROVIDE (__init_array_start = .)
 *(SORT_BY_NAME(.init_array.*))
 *(.init_array*)
 .init_array    0x000000000800741c        0x4 d:/program files/stm32cubeide_1.12.0/stm32cubeide/plugins/com.st.stm32cube.ide.mcu.externaltools.gnu-tools-for-stm32.10.3-2021.10.win32_1.0.200.202301161003/tools/bin/../lib/gcc/arm-none-eabi/10.3.1/thumb/v7-m/nofp/crtbegin.o
                0x0000000008007420                PROVIDE (__init_array_end = .)
                0x0000000008007420                . = ALIGN (0x4)

.fini_array     0x0000000008007420        0x4
                0x0000000008007420                . = ALIGN (0x4)
                [!provide]                        PROVIDE (__fini_array_start = .)
 *(SORT_BY_NAME(.fini_array.*))
 *(.fini_array*)
 .fini_array    0x0000000008007420        0x4 d:/program files/stm32cubeide_1.12.0/stm32cubeide/plugins/com.st.stm32cube.ide.mcu.externaltools.gnu-tools-for-stm32.10.3-2021.10.win32_1.0.200.202301161003/tools/bin/../lib/gcc/arm-none-eabi/10.3.1/thumb/v7-m/nofp/crtbegin.o
                [!provide]                        PROVIDE (__fini_array_end = .)
                0x0000000008007424                . = ALIGN (0x4)
                0x0000000008007424                _sidata = LOADADDR (.data)

.data           0x0000000020000000       0x78 load address 0x0000000008007424
                0x0000000020000000                . = ALIGN (0x4)
                0x0000000020000000                _sdata = .
 *(.data)
 *(.data*)
 .data.SystemCoreClock
                0x0000000020000000        0x4 ./Core/Src/system_stm32f1xx.o
                0x0000000020000000                SystemCoreClock
 .data.uwTickPrio
                0x0000000020000004        0x4 ./Drivers/STM32F1xx_HAL_Driver/Src/stm32f1xx_hal.o
                0x0000000020000004                uwTickPrio
 .data.uwTickFreq
                0x0000000020000008        0x1 ./Drivers/STM32F1xx_HAL_Driver/Src/stm32f1xx_hal.o
                0x0000000020000008                uwTickFreq
 *fill*         0x0000000020000009        0x3 
 .data.read     0x000000002000000c        0x8 ./Libraries/Src/protocol_parser.o
                0x000000002000000c                read
 .data._impure_ptr
                0x0000000020000014        0x4 d:/program files/stm32cubeide_1.12.0/stm32cubeide/plugins/com.st.stm32cube.ide.mcu.externaltools.gnu-tools-for-stm32.10.3-2021.10.win32_1.0.200.202301161003/tools/bin/../lib/gcc/arm-none-eabi/10.3.1/../../../../arm-none-eabi/lib/thumb/v7-m/nofp\libc_nano.a(lib_a-impure.o)
                0x0000000020000014                _impure_ptr
 .data.impure_data
                0x0000000020000018       0x60 d:/program files/stm32cubeide_1.12.0/stm32cubeide/plugins/com.st.stm32cube.ide.mcu.externaltools.gnu-tools-for-stm32.10.3-2021.10.win32_1.0.200.202301161003/tools/bin/../lib/gcc/arm-none-eabi/10.3.1/../../../../arm-none-eabi/lib/thumb/v7-m/nofp\libc_nano.a(lib_a-impure.o)
 *(.RamFunc)
 *(.RamFunc*)
                0x0000000020000078                . = ALIGN (0x4)
                0x0000000020000078                _edata = .

.igot.plt       0x0000000020000078        0x0 load address 0x000000000800749c
 .igot.plt      0x0000000020000078        0x0 d:/program files/stm32cubeide_1.12.0/stm32cubeide/plugins/com.st.stm32cube.ide.mcu.externaltools.gnu-tools-for-stm32.10.3-2021.10.win32_1.0.200.202301161003/tools/bin/../lib/gcc/arm-none-eabi/10.3.1/thumb/v7-m/nofp/crtbegin.o
                0x0000000020000078                . = ALIGN (0x4)

.bss            0x0000000020000078      0xa74 load address 0x000000000800749c
                0x0000000020000078                _sbss = .
                0x0000000020000078                __bss_start__ = _sbss
 *(.bss)
 .bss           0x0000000020000078       0x1c d:/program files/stm32cubeide_1.12.0/stm32cubeide/plugins/com.st.stm32cube.ide.mcu.externaltools.gnu-tools-for-stm32.10.3-2021.10.win32_1.0.200.202301161003/tools/bin/../lib/gcc/arm-none-eabi/10.3.1/thumb/v7-m/nofp/crtbegin.o
 *(.bss*)
 .bss.ECG_raw   0x0000000020000094        0x9 ./Core/Src/main.o
                0x0000000020000094                ECG_raw
 *fill*         0x000000002000009d        0x3 
 .bss.hspi1     0x00000000200000a0       0x58 ./Core/Src/main.o
                0x00000000200000a0                hspi1
 .bss.hspi2     0x00000000200000f8       0x58 ./Core/Src/main.o
                0x00000000200000f8                hspi2
 .bss.htim2     0x0000000020000150       0x48 ./Core/Src/main.o
                0x0000000020000150                htim2
 .bss.htim3     0x0000000020000198       0x48 ./Core/Src/main.o
                0x0000000020000198                htim3
 .bss.huart1    0x00000000200001e0       0x44 ./Core/Src/main.o
                0x00000000200001e0                huart1
 .bss.need_save
                0x0000000020000224        0x1 ./Core/Src/main.o
                0x0000000020000224                need_save
 *fill*         0x0000000020000225        0x1 
 .bss.page_ptr  0x0000000020000226        0x2 ./Core/Src/main.o
                0x0000000020000226                page_ptr
 .bss.TIM3_Trig
                0x0000000020000228        0x1 ./Core/Src/main.o
                0x0000000020000228                TIM3_Trig
 *fill*         0x0000000020000229        0x3 
 .bss.data_buf  0x000000002000022c      0x100 ./Core/Src/main.o
                0x000000002000022c                data_buf
 .bss.write_cycle_closed
                0x000000002000032c        0x1 ./Core/Src/main.o
                0x000000002000032c                write_cycle_closed
 .bss.reach_end_of_flash
                0x000000002000032d        0x1 ./Core/Src/main.o
                0x000000002000032d                reach_end_of_flash
 *fill*         0x000000002000032e        0x2 
 .bss.uart1_rx_buf
                0x0000000020000330        0x2 ./Core/Src/main.o
                0x0000000020000330                uart1_rx_buf
 .bss.uart1_rx_complete
                0x0000000020000332        0x1 ./Core/Src/main.o
                0x0000000020000332                uart1_rx_complete
 *fill*         0x0000000020000333        0x1 
 .bss.dt1       0x0000000020000334        0xa ./Core/Src/main.o
                0x0000000020000334                dt1
 .bss.page_save_buf_ptr.1
                0x000000002000033e        0x1 ./Core/Src/main.o
 *fill*         0x000000002000033f        0x1 
 .bss.page_save_buf.0
                0x0000000020000340      0x100 ./Core/Src/main.o
 .bss.__sbrk_heap_end
                0x0000000020000440        0x4 ./Core/Src/sysmem.o
 .bss.w25_info  0x0000000020000444       0x24 ./Drivers/25Q/w25q_spi.o
                0x0000000020000444                w25_info
 .bss.str1      0x0000000020000468       0x1e ./Drivers/25Q/w25q_spi.o
                0x0000000020000468                str1
 *fill*         0x0000000020000486        0x2 
 .bss.buf       0x0000000020000488        0xa ./Drivers/25Q/w25q_spi.o
 *fill*         0x0000000020000492        0x2 
 .bss.uwTick    0x0000000020000494        0x4 ./Drivers/STM32F1xx_HAL_Driver/Src/stm32f1xx_hal.o
                0x0000000020000494                uwTick
 .bss.spi_rx_complete
                0x0000000020000498        0x1 ./Libraries/Src/SPI_Connection.o
                0x0000000020000498                spi_rx_complete
 .bss.response_ready
                0x0000000020000499        0x1 ./Libraries/Src/SPI_Connection.o
                0x0000000020000499                response_ready
 .bss.spi_state
                0x000000002000049a        0x1 ./Libraries/Src/SPI_Connection.o
                0x000000002000049a                spi_state
 *fill*         0x000000002000049b        0x1 
 .bss.response_frame
                0x000000002000049c      0x108 ./Libraries/Src/SPI_Connection.o
                0x000000002000049c                response_frame
 .bss.safe_command_frame
                0x00000000200005a4      0x108 ./Libraries/Src/SPI_Connection.o
                0x00000000200005a4                safe_command_frame
 .bss.dummy_frame
                0x00000000200006ac      0x108 ./Libraries/Src/SPI_Connection.o
                0x00000000200006ac                dummy_frame
 .bss.trash_frame
                0x00000000200007b4      0x108 ./Libraries/Src/SPI_Connection.o
                0x00000000200007b4                trash_frame
 .bss.spi_tx_ptr
                0x00000000200008bc        0x4 ./Libraries/Src/SPI_Connection.o
                0x00000000200008bc                spi_tx_ptr
 .bss.spi_rx_ptr
                0x00000000200008c0        0x4 ./Libraries/Src/SPI_Connection.o
                0x00000000200008c0                spi_rx_ptr
 .bss.new_response_frame
                0x00000000200008c4        0x4 ./Libraries/Src/SPI_Connection.o
                0x00000000200008c4                new_response_frame
 .bss.wait_response_frame
                0x00000000200008c8      0x108 ./Libraries/Src/SPI_Connection.o
                0x00000000200008c8                wait_response_frame
 .bss.response  0x00000000200009d0      0x108 ./Libraries/Src/protocol_parser.o
                0x00000000200009d0                response
 .bss.FSM_state
                0x0000000020000ad8        0x1 ./Libraries/Src/protocol_parser.o
                0x0000000020000ad8                FSM_state
 .bss.FSM_last_state
                0x0000000020000ad9        0x1 ./Libraries/Src/protocol_parser.o
                0x0000000020000ad9                FSM_last_state
 .bss.reset_ready
                0x0000000020000ada        0x1 ./Libraries/Src/protocol_parser.o
                0x0000000020000ada                reset_ready
 *fill*         0x0000000020000adb        0x1 
 .bss.__malloc_free_list
                0x0000000020000adc        0x4 d:/program files/stm32cubeide_1.12.0/stm32cubeide/plugins/com.st.stm32cube.ide.mcu.externaltools.gnu-tools-for-stm32.10.3-2021.10.win32_1.0.200.202301161003/tools/bin/../lib/gcc/arm-none-eabi/10.3.1/../../../../arm-none-eabi/lib/thumb/v7-m/nofp\libc_nano.a(lib_a-nano-mallocr.o)
                0x0000000020000adc                __malloc_free_list
 .bss.__malloc_sbrk_start
                0x0000000020000ae0        0x4 d:/program files/stm32cubeide_1.12.0/stm32cubeide/plugins/com.st.stm32cube.ide.mcu.externaltools.gnu-tools-for-stm32.10.3-2021.10.win32_1.0.200.202301161003/tools/bin/../lib/gcc/arm-none-eabi/10.3.1/../../../../arm-none-eabi/lib/thumb/v7-m/nofp\libc_nano.a(lib_a-nano-mallocr.o)
                0x0000000020000ae0                __malloc_sbrk_start
 .bss.errno     0x0000000020000ae4        0x4 d:/program files/stm32cubeide_1.12.0/stm32cubeide/plugins/com.st.stm32cube.ide.mcu.externaltools.gnu-tools-for-stm32.10.3-2021.10.win32_1.0.200.202301161003/tools/bin/../lib/gcc/arm-none-eabi/10.3.1/../../../../arm-none-eabi/lib/thumb/v7-m/nofp\libc_nano.a(lib_a-reent.o)
                0x0000000020000ae4                errno
 .bss.__lock___malloc_recursive_mutex
                0x0000000020000ae8        0x1 d:/program files/stm32cubeide_1.12.0/stm32cubeide/plugins/com.st.stm32cube.ide.mcu.externaltools.gnu-tools-for-stm32.10.3-2021.10.win32_1.0.200.202301161003/tools/bin/../lib/gcc/arm-none-eabi/10.3.1/../../../../arm-none-eabi/lib/thumb/v7-m/nofp\libc_nano.a(lib_a-lock.o)
                0x0000000020000ae8                __lock___malloc_recursive_mutex
 *(COMMON)
                0x0000000020000aec                . = ALIGN (0x4)
 *fill*         0x0000000020000ae9        0x3 
                0x0000000020000aec                _ebss = .
                0x0000000020000aec                __bss_end__ = _ebss

._user_heap_stack
                0x0000000020000aec      0x604 load address 0x000000000800749c
                0x0000000020000af0                . = ALIGN (0x8)
 *fill*         0x0000000020000aec        0x4 
                [!provide]                        PROVIDE (end = .)
                0x0000000020000af0                PROVIDE (_end = .)
                0x0000000020000cf0                . = (. + _Min_Heap_Size)
 *fill*         0x0000000020000af0      0x200 
                0x00000000200010f0                . = (. + _Min_Stack_Size)
 *fill*         0x0000000020000cf0      0x400 
                0x00000000200010f0                . = ALIGN (0x8)

/DISCARD/
 libc.a(*)
 libm.a(*)
 libgcc.a(*)

.ARM.attributes
                0x0000000000000000       0x29
 *(.ARM.attributes)
 .ARM.attributes
                0x0000000000000000       0x1d d:/program files/stm32cubeide_1.12.0/stm32cubeide/plugins/com.st.stm32cube.ide.mcu.externaltools.gnu-tools-for-stm32.10.3-2021.10.win32_1.0.200.202301161003/tools/bin/../lib/gcc/arm-none-eabi/10.3.1/thumb/v7-m/nofp/crti.o
 .ARM.attributes
                0x000000000000001d       0x2d d:/program files/stm32cubeide_1.12.0/stm32cubeide/plugins/com.st.stm32cube.ide.mcu.externaltools.gnu-tools-for-stm32.10.3-2021.10.win32_1.0.200.202301161003/tools/bin/../lib/gcc/arm-none-eabi/10.3.1/thumb/v7-m/nofp/crtbegin.o
 .ARM.attributes
                0x000000000000004a       0x2d ./Core/Src/main.o
 .ARM.attributes
                0x0000000000000077       0x2d ./Core/Src/stm32f1xx_hal_msp.o
 .ARM.attributes
                0x00000000000000a4       0x2d ./Core/Src/stm32f1xx_it.o
 .ARM.attributes
                0x00000000000000d1       0x2d ./Core/Src/sysmem.o
 .ARM.attributes
                0x00000000000000fe       0x2d ./Core/Src/system_stm32f1xx.o
 .ARM.attributes
                0x000000000000012b       0x21 ./Core/Startup/startup_stm32f103cbtx.o
 .ARM.attributes
                0x000000000000014c       0x2d ./Drivers/25Q/w25q_spi.o
 .ARM.attributes
                0x0000000000000179       0x2d ./Drivers/ADS1293/ADS1293.o
 .ARM.attributes
                0x00000000000001a6       0x2d ./Drivers/STM32F1xx_HAL_Driver/Src/stm32f1xx_hal.o
 .ARM.attributes
                0x00000000000001d3       0x2d ./Drivers/STM32F1xx_HAL_Driver/Src/stm32f1xx_hal_cortex.o
 .ARM.attributes
                0x0000000000000200       0x2d ./Drivers/STM32F1xx_HAL_Driver/Src/stm32f1xx_hal_dma.o
 .ARM.attributes
                0x000000000000022d       0x2d ./Drivers/STM32F1xx_HAL_Driver/Src/stm32f1xx_hal_gpio.o
 .ARM.attributes
                0x000000000000025a       0x2d ./Drivers/STM32F1xx_HAL_Driver/Src/stm32f1xx_hal_rcc.o
 .ARM.attributes
                0x0000000000000287       0x2d ./Drivers/STM32F1xx_HAL_Driver/Src/stm32f1xx_hal_spi.o
 .ARM.attributes
                0x00000000000002b4       0x2d ./Drivers/STM32F1xx_HAL_Driver/Src/stm32f1xx_hal_tim.o
 .ARM.attributes
                0x00000000000002e1       0x2d ./Drivers/STM32F1xx_HAL_Driver/Src/stm32f1xx_hal_tim_ex.o
 .ARM.attributes
                0x000000000000030e       0x2d ./Drivers/STM32F1xx_HAL_Driver/Src/stm32f1xx_hal_uart.o
 .ARM.attributes
                0x000000000000033b       0x2d ./Libraries/Src/SPI_Connection.o
 .ARM.attributes
                0x0000000000000368       0x2d ./Libraries/Src/protocol_parser.o
 .ARM.attributes
                0x0000000000000395       0x2d ./Libraries/Src/sensor_utils.o
 .ARM.attributes
                0x00000000000003c2       0x2d d:/program files/stm32cubeide_1.12.0/stm32cubeide/plugins/com.st.stm32cube.ide.mcu.externaltools.gnu-tools-for-stm32.10.3-2021.10.win32_1.0.200.202301161003/tools/bin/../lib/gcc/arm-none-eabi/10.3.1/../../../../arm-none-eabi/lib/thumb/v7-m/nofp\libc_nano.a(lib_a-errno.o)
 .ARM.attributes
                0x00000000000003ef       0x2d d:/program files/stm32cubeide_1.12.0/stm32cubeide/plugins/com.st.stm32cube.ide.mcu.externaltools.gnu-tools-for-stm32.10.3-2021.10.win32_1.0.200.202301161003/tools/bin/../lib/gcc/arm-none-eabi/10.3.1/../../../../arm-none-eabi/lib/thumb/v7-m/nofp\libc_nano.a(lib_a-impure.o)
 .ARM.attributes
                0x000000000000041c       0x2d d:/program files/stm32cubeide_1.12.0/stm32cubeide/plugins/com.st.stm32cube.ide.mcu.externaltools.gnu-tools-for-stm32.10.3-2021.10.win32_1.0.200.202301161003/tools/bin/../lib/gcc/arm-none-eabi/10.3.1/../../../../arm-none-eabi/lib/thumb/v7-m/nofp\libc_nano.a(lib_a-init.o)
 .ARM.attributes
                0x0000000000000449       0x2d d:/program files/stm32cubeide_1.12.0/stm32cubeide/plugins/com.st.stm32cube.ide.mcu.externaltools.gnu-tools-for-stm32.10.3-2021.10.win32_1.0.200.202301161003/tools/bin/../lib/gcc/arm-none-eabi/10.3.1/../../../../arm-none-eabi/lib/thumb/v7-m/nofp\libc_nano.a(lib_a-memcpy-stub.o)
 .ARM.attributes
                0x0000000000000476       0x2d d:/program files/stm32cubeide_1.12.0/stm32cubeide/plugins/com.st.stm32cube.ide.mcu.externaltools.gnu-tools-for-stm32.10.3-2021.10.win32_1.0.200.202301161003/tools/bin/../lib/gcc/arm-none-eabi/10.3.1/../../../../arm-none-eabi/lib/thumb/v7-m/nofp\libc_nano.a(lib_a-memset.o)
 .ARM.attributes
                0x00000000000004a3       0x2d d:/program files/stm32cubeide_1.12.0/stm32cubeide/plugins/com.st.stm32cube.ide.mcu.externaltools.gnu-tools-for-stm32.10.3-2021.10.win32_1.0.200.202301161003/tools/bin/../lib/gcc/arm-none-eabi/10.3.1/../../../../arm-none-eabi/lib/thumb/v7-m/nofp\libc_nano.a(lib_a-sprintf.o)
 .ARM.attributes
                0x00000000000004d0       0x17 d:/program files/stm32cubeide_1.12.0/stm32cubeide/plugins/com.st.stm32cube.ide.mcu.externaltools.gnu-tools-for-stm32.10.3-2021.10.win32_1.0.200.202301161003/tools/bin/../lib/gcc/arm-none-eabi/10.3.1/../../../../arm-none-eabi/lib/thumb/v7-m/nofp\libc_nano.a(lib_a-strlen.o)
 .ARM.attributes
                0x00000000000004e7       0x2d d:/program files/stm32cubeide_1.12.0/stm32cubeide/plugins/com.st.stm32cube.ide.mcu.externaltools.gnu-tools-for-stm32.10.3-2021.10.win32_1.0.200.202301161003/tools/bin/../lib/gcc/arm-none-eabi/10.3.1/../../../../arm-none-eabi/lib/thumb/v7-m/nofp\libc_nano.a(lib_a-nano-svfprintf.o)
 .ARM.attributes
                0x0000000000000514       0x2d d:/program files/stm32cubeide_1.12.0/stm32cubeide/plugins/com.st.stm32cube.ide.mcu.externaltools.gnu-tools-for-stm32.10.3-2021.10.win32_1.0.200.202301161003/tools/bin/../lib/gcc/arm-none-eabi/10.3.1/../../../../arm-none-eabi/lib/thumb/v7-m/nofp\libc_nano.a(lib_a-nano-vfprintf_i.o)
 .ARM.attributes
                0x0000000000000541       0x2d d:/program files/stm32cubeide_1.12.0/stm32cubeide/plugins/com.st.stm32cube.ide.mcu.externaltools.gnu-tools-for-stm32.10.3-2021.10.win32_1.0.200.202301161003/tools/bin/../lib/gcc/arm-none-eabi/10.3.1/../../../../arm-none-eabi/lib/thumb/v7-m/nofp\libc_nano.a(lib_a-memchr-stub.o)
 .ARM.attributes
                0x000000000000056e       0x2d d:/program files/stm32cubeide_1.12.0/stm32cubeide/plugins/com.st.stm32cube.ide.mcu.externaltools.gnu-tools-for-stm32.10.3-2021.10.win32_1.0.200.202301161003/tools/bin/../lib/gcc/arm-none-eabi/10.3.1/../../../../arm-none-eabi/lib/thumb/v7-m/nofp\libc_nano.a(lib_a-memmove.o)
 .ARM.attributes
                0x000000000000059b       0x2d d:/program files/stm32cubeide_1.12.0/stm32cubeide/plugins/com.st.stm32cube.ide.mcu.externaltools.gnu-tools-for-stm32.10.3-2021.10.win32_1.0.200.202301161003/tools/bin/../lib/gcc/arm-none-eabi/10.3.1/../../../../arm-none-eabi/lib/thumb/v7-m/nofp\libc_nano.a(lib_a-nano-freer.o)
 .ARM.attributes
                0x00000000000005c8       0x2d d:/program files/stm32cubeide_1.12.0/stm32cubeide/plugins/com.st.stm32cube.ide.mcu.externaltools.gnu-tools-for-stm32.10.3-2021.10.win32_1.0.200.202301161003/tools/bin/../lib/gcc/arm-none-eabi/10.3.1/../../../../arm-none-eabi/lib/thumb/v7-m/nofp\libc_nano.a(lib_a-nano-mallocr.o)
 .ARM.attributes
                0x00000000000005f5       0x2d d:/program files/stm32cubeide_1.12.0/stm32cubeide/plugins/com.st.stm32cube.ide.mcu.externaltools.gnu-tools-for-stm32.10.3-2021.10.win32_1.0.200.202301161003/tools/bin/../lib/gcc/arm-none-eabi/10.3.1/../../../../arm-none-eabi/lib/thumb/v7-m/nofp\libc_nano.a(lib_a-nano-reallocr.o)
 .ARM.attributes
                0x0000000000000622       0x2d d:/program files/stm32cubeide_1.12.0/stm32cubeide/plugins/com.st.stm32cube.ide.mcu.externaltools.gnu-tools-for-stm32.10.3-2021.10.win32_1.0.200.202301161003/tools/bin/../lib/gcc/arm-none-eabi/10.3.1/../../../../arm-none-eabi/lib/thumb/v7-m/nofp\libc_nano.a(lib_a-sbrkr.o)
 .ARM.attributes
                0x000000000000064f       0x2d d:/program files/stm32cubeide_1.12.0/stm32cubeide/plugins/com.st.stm32cube.ide.mcu.externaltools.gnu-tools-for-stm32.10.3-2021.10.win32_1.0.200.202301161003/tools/bin/../lib/gcc/arm-none-eabi/10.3.1/../../../../arm-none-eabi/lib/thumb/v7-m/nofp\libc_nano.a(lib_a-mlock.o)
 .ARM.attributes
                0x000000000000067c       0x2d d:/program files/stm32cubeide_1.12.0/stm32cubeide/plugins/com.st.stm32cube.ide.mcu.externaltools.gnu-tools-for-stm32.10.3-2021.10.win32_1.0.200.202301161003/tools/bin/../lib/gcc/arm-none-eabi/10.3.1/../../../../arm-none-eabi/lib/thumb/v7-m/nofp\libc_nano.a(lib_a-nano-msizer.o)
 .ARM.attributes
                0x00000000000006a9       0x2d d:/program files/stm32cubeide_1.12.0/stm32cubeide/plugins/com.st.stm32cube.ide.mcu.externaltools.gnu-tools-for-stm32.10.3-2021.10.win32_1.0.200.202301161003/tools/bin/../lib/gcc/arm-none-eabi/10.3.1/../../../../arm-none-eabi/lib/thumb/v7-m/nofp\libc_nano.a(lib_a-reent.o)
 .ARM.attributes
                0x00000000000006d6       0x2d d:/program files/stm32cubeide_1.12.0/stm32cubeide/plugins/com.st.stm32cube.ide.mcu.externaltools.gnu-tools-for-stm32.10.3-2021.10.win32_1.0.200.202301161003/tools/bin/../lib/gcc/arm-none-eabi/10.3.1/../../../../arm-none-eabi/lib/thumb/v7-m/nofp\libc_nano.a(lib_a-lock.o)
 .ARM.attributes
                0x0000000000000703       0x1d d:/program files/stm32cubeide_1.12.0/stm32cubeide/plugins/com.st.stm32cube.ide.mcu.externaltools.gnu-tools-for-stm32.10.3-2021.10.win32_1.0.200.202301161003/tools/bin/../lib/gcc/arm-none-eabi/10.3.1/thumb/v7-m/nofp/crtn.o
OUTPUT(ECG_sensor.elf elf32-littlearm)
LOAD linker stubs
LOAD d:/program files/stm32cubeide_1.12.0/stm32cubeide/plugins/com.st.stm32cube.ide.mcu.externaltools.gnu-tools-for-stm32.10.3-2021.10.win32_1.0.200.202301161003/tools/bin/../lib/gcc/arm-none-eabi/10.3.1/../../../../arm-none-eabi/lib/thumb/v7-m/nofp\libc.a
LOAD d:/program files/stm32cubeide_1.12.0/stm32cubeide/plugins/com.st.stm32cube.ide.mcu.externaltools.gnu-tools-for-stm32.10.3-2021.10.win32_1.0.200.202301161003/tools/bin/../lib/gcc/arm-none-eabi/10.3.1/../../../../arm-none-eabi/lib/thumb/v7-m/nofp\libm.a
LOAD d:/program files/stm32cubeide_1.12.0/stm32cubeide/plugins/com.st.stm32cube.ide.mcu.externaltools.gnu-tools-for-stm32.10.3-2021.10.win32_1.0.200.202301161003/tools/bin/../lib/gcc/arm-none-eabi/10.3.1/thumb/v7-m/nofp\libgcc.a

.debug_info     0x0000000000000000     0xff94
 .debug_info    0x0000000000000000     0x1ab6 ./Core/Src/main.o
 .debug_info    0x0000000000001ab6     0x11ae ./Core/Src/stm32f1xx_hal_msp.o
 .debug_info    0x0000000000002c64      0xcaa ./Core/Src/stm32f1xx_it.o
 .debug_info    0x000000000000390e      0x171 ./Core/Src/sysmem.o
 .debug_info    0x0000000000003a7f      0x23d ./Core/Src/system_stm32f1xx.o
 .debug_info    0x0000000000003cbc       0x22 ./Core/Startup/startup_stm32f103cbtx.o
 .debug_info    0x0000000000003cde      0xe13 ./Drivers/25Q/w25q_spi.o
 .debug_info    0x0000000000004af1      0x7a2 ./Drivers/ADS1293/ADS1293.o
 .debug_info    0x0000000000005293      0x734 ./Drivers/STM32F1xx_HAL_Driver/Src/stm32f1xx_hal.o
 .debug_info    0x00000000000059c7      0xb20 ./Drivers/STM32F1xx_HAL_Driver/Src/stm32f1xx_hal_cortex.o
 .debug_info    0x00000000000064e7      0x73f ./Drivers/STM32F1xx_HAL_Driver/Src/stm32f1xx_hal_dma.o
 .debug_info    0x0000000000006c26      0x615 ./Drivers/STM32F1xx_HAL_Driver/Src/stm32f1xx_hal_gpio.o
 .debug_info    0x000000000000723b      0x860 ./Drivers/STM32F1xx_HAL_Driver/Src/stm32f1xx_hal_rcc.o
 .debug_info    0x0000000000007a9b     0x1658 ./Drivers/STM32F1xx_HAL_Driver/Src/stm32f1xx_hal_spi.o
 .debug_info    0x00000000000090f3     0x29de ./Drivers/STM32F1xx_HAL_Driver/Src/stm32f1xx_hal_tim.o
 .debug_info    0x000000000000bad1     0x1513 ./Drivers/STM32F1xx_HAL_Driver/Src/stm32f1xx_hal_tim_ex.o
 .debug_info    0x000000000000cfe4     0x15d8 ./Drivers/STM32F1xx_HAL_Driver/Src/stm32f1xx_hal_uart.o
 .debug_info    0x000000000000e5bc      0x974 ./Libraries/Src/SPI_Connection.o
 .debug_info    0x000000000000ef30      0xda3 ./Libraries/Src/protocol_parser.o
 .debug_info    0x000000000000fcd3      0x2c1 ./Libraries/Src/sensor_utils.o

.debug_abbrev   0x0000000000000000     0x2a5b
 .debug_abbrev  0x0000000000000000      0x37a ./Core/Src/main.o
 .debug_abbrev  0x000000000000037a      0x203 ./Core/Src/stm32f1xx_hal_msp.o
 .debug_abbrev  0x000000000000057d      0x1d7 ./Core/Src/stm32f1xx_it.o
 .debug_abbrev  0x0000000000000754       0xbb ./Core/Src/sysmem.o
 .debug_abbrev  0x000000000000080f      0x13b ./Core/Src/system_stm32f1xx.o
 .debug_abbrev  0x000000000000094a       0x12 ./Core/Startup/startup_stm32f103cbtx.o
 .debug_abbrev  0x000000000000095c      0x2b2 ./Drivers/25Q/w25q_spi.o
 .debug_abbrev  0x0000000000000c0e      0x1d9 ./Drivers/ADS1293/ADS1293.o
 .debug_abbrev  0x0000000000000de7      0x1fb ./Drivers/STM32F1xx_HAL_Driver/Src/stm32f1xx_hal.o
 .debug_abbrev  0x0000000000000fe2      0x2ed ./Drivers/STM32F1xx_HAL_Driver/Src/stm32f1xx_hal_cortex.o
 .debug_abbrev  0x00000000000012cf      0x1fe ./Drivers/STM32F1xx_HAL_Driver/Src/stm32f1xx_hal_dma.o
 .debug_abbrev  0x00000000000014cd      0x1bb ./Drivers/STM32F1xx_HAL_Driver/Src/stm32f1xx_hal_gpio.o
 .debug_abbrev  0x0000000000001688      0x2a8 ./Drivers/STM32F1xx_HAL_Driver/Src/stm32f1xx_hal_rcc.o
 .debug_abbrev  0x0000000000001930      0x26e ./Drivers/STM32F1xx_HAL_Driver/Src/stm32f1xx_hal_spi.o
 .debug_abbrev  0x0000000000001b9e      0x25d ./Drivers/STM32F1xx_HAL_Driver/Src/stm32f1xx_hal_tim.o
 .debug_abbrev  0x0000000000001dfb      0x265 ./Drivers/STM32F1xx_HAL_Driver/Src/stm32f1xx_hal_tim_ex.o
 .debug_abbrev  0x0000000000002060      0x278 ./Drivers/STM32F1xx_HAL_Driver/Src/stm32f1xx_hal_uart.o
 .debug_abbrev  0x00000000000022d8      0x267 ./Libraries/Src/SPI_Connection.o
 .debug_abbrev  0x000000000000253f      0x3a6 ./Libraries/Src/protocol_parser.o
 .debug_abbrev  0x00000000000028e5      0x176 ./Libraries/Src/sensor_utils.o

.debug_aranges  0x0000000000000000     0x1038
 .debug_aranges
                0x0000000000000000       0x80 ./Core/Src/main.o
 .debug_aranges
                0x0000000000000080       0x58 ./Core/Src/stm32f1xx_hal_msp.o
 .debug_aranges
                0x00000000000000d8       0x88 ./Core/Src/stm32f1xx_it.o
 .debug_aranges
                0x0000000000000160       0x20 ./Core/Src/sysmem.o
 .debug_aranges
                0x0000000000000180       0x28 ./Core/Src/system_stm32f1xx.o
 .debug_aranges
                0x00000000000001a8       0x28 ./Core/Startup/startup_stm32f103cbtx.o
 .debug_aranges
                0x00000000000001d0       0xa8 ./Drivers/25Q/w25q_spi.o
 .debug_aranges
                0x0000000000000278       0x30 ./Drivers/ADS1293/ADS1293.o
 .debug_aranges
                0x00000000000002a8       0xe0 ./Drivers/STM32F1xx_HAL_Driver/Src/stm32f1xx_hal.o
 .debug_aranges
                0x0000000000000388      0x100 ./Drivers/STM32F1xx_HAL_Driver/Src/stm32f1xx_hal_cortex.o
 .debug_aranges
                0x0000000000000488       0x80 ./Drivers/STM32F1xx_HAL_Driver/Src/stm32f1xx_hal_dma.o
 .debug_aranges
                0x0000000000000508       0x58 ./Drivers/STM32F1xx_HAL_Driver/Src/stm32f1xx_hal_gpio.o
 .debug_aranges
                0x0000000000000560       0x90 ./Drivers/STM32F1xx_HAL_Driver/Src/stm32f1xx_hal_rcc.o
 .debug_aranges
                0x00000000000005f0      0x1d0 ./Drivers/STM32F1xx_HAL_Driver/Src/stm32f1xx_hal_spi.o
 .debug_aranges
                0x00000000000007c0      0x3d0 ./Drivers/STM32F1xx_HAL_Driver/Src/stm32f1xx_hal_tim.o
 .debug_aranges
                0x0000000000000b90      0x168 ./Drivers/STM32F1xx_HAL_Driver/Src/stm32f1xx_hal_tim_ex.o
 .debug_aranges
                0x0000000000000cf8      0x200 ./Drivers/STM32F1xx_HAL_Driver/Src/stm32f1xx_hal_uart.o
 .debug_aranges
                0x0000000000000ef8       0x50 ./Libraries/Src/SPI_Connection.o
 .debug_aranges
                0x0000000000000f48       0x98 ./Libraries/Src/protocol_parser.o
 .debug_aranges
                0x0000000000000fe0       0x58 ./Libraries/Src/sensor_utils.o

.debug_ranges   0x0000000000000000      0xf30
 .debug_ranges  0x0000000000000000       0x70 ./Core/Src/main.o
 .debug_ranges  0x0000000000000070       0x48 ./Core/Src/stm32f1xx_hal_msp.o
 .debug_ranges  0x00000000000000b8       0x78 ./Core/Src/stm32f1xx_it.o
 .debug_ranges  0x0000000000000130       0x10 ./Core/Src/sysmem.o
 .debug_ranges  0x0000000000000140       0x18 ./Core/Src/system_stm32f1xx.o
 .debug_ranges  0x0000000000000158       0x20 ./Core/Startup/startup_stm32f103cbtx.o
 .debug_ranges  0x0000000000000178       0x98 ./Drivers/25Q/w25q_spi.o
 .debug_ranges  0x0000000000000210       0x20 ./Drivers/ADS1293/ADS1293.o
 .debug_ranges  0x0000000000000230       0xd0 ./Drivers/STM32F1xx_HAL_Driver/Src/stm32f1xx_hal.o
 .debug_ranges  0x0000000000000300       0xf0 ./Drivers/STM32F1xx_HAL_Driver/Src/stm32f1xx_hal_cortex.o
 .debug_ranges  0x00000000000003f0       0x70 ./Drivers/STM32F1xx_HAL_Driver/Src/stm32f1xx_hal_dma.o
 .debug_ranges  0x0000000000000460       0x48 ./Drivers/STM32F1xx_HAL_Driver/Src/stm32f1xx_hal_gpio.o
 .debug_ranges  0x00000000000004a8       0x80 ./Drivers/STM32F1xx_HAL_Driver/Src/stm32f1xx_hal_rcc.o
 .debug_ranges  0x0000000000000528      0x1c0 ./Drivers/STM32F1xx_HAL_Driver/Src/stm32f1xx_hal_spi.o
 .debug_ranges  0x00000000000006e8      0x3c0 ./Drivers/STM32F1xx_HAL_Driver/Src/stm32f1xx_hal_tim.o
 .debug_ranges  0x0000000000000aa8      0x158 ./Drivers/STM32F1xx_HAL_Driver/Src/stm32f1xx_hal_tim_ex.o
 .debug_ranges  0x0000000000000c00      0x220 ./Drivers/STM32F1xx_HAL_Driver/Src/stm32f1xx_hal_uart.o
 .debug_ranges  0x0000000000000e20       0x40 ./Libraries/Src/SPI_Connection.o
 .debug_ranges  0x0000000000000e60       0x88 ./Libraries/Src/protocol_parser.o
 .debug_ranges  0x0000000000000ee8       0x48 ./Libraries/Src/sensor_utils.o

.debug_macro    0x0000000000000000    0x196ab
 .debug_macro   0x0000000000000000      0x393 ./Core/Src/main.o
 .debug_macro   0x0000000000000393      0xa6c ./Core/Src/main.o
 .debug_macro   0x0000000000000dff      0x221 ./Core/Src/main.o
 .debug_macro   0x0000000000001020       0x2e ./Core/Src/main.o
 .debug_macro   0x000000000000104e       0x22 ./Core/Src/main.o
 .debug_macro   0x0000000000001070       0x22 ./Core/Src/main.o
 .debug_macro   0x0000000000001092       0x8e ./Core/Src/main.o
 .debug_macro   0x0000000000001120       0x51 ./Core/Src/main.o
 .debug_macro   0x0000000000001171      0x103 ./Core/Src/main.o
 .debug_macro   0x0000000000001274       0x6a ./Core/Src/main.o
 .debug_macro   0x00000000000012de      0x1df ./Core/Src/main.o
 .debug_macro   0x00000000000014bd       0x1c ./Core/Src/main.o
 .debug_macro   0x00000000000014d9       0x22 ./Core/Src/main.o
 .debug_macro   0x00000000000014fb       0xbd ./Core/Src/main.o
 .debug_macro   0x00000000000015b8      0xd23 ./Core/Src/main.o
 .debug_macro   0x00000000000022db     0xe09e ./Core/Src/main.o
 .debug_macro   0x0000000000010379       0x6d ./Core/Src/main.o
 .debug_macro   0x00000000000103e6     0x3468 ./Core/Src/main.o
 .debug_macro   0x000000000001384e      0x174 ./Core/Src/main.o
 .debug_macro   0x00000000000139c2       0x5c ./Core/Src/main.o
 .debug_macro   0x0000000000013a1e      0x5be ./Core/Src/main.o
 .debug_macro   0x0000000000013fdc      0x289 ./Core/Src/main.o
 .debug_macro   0x0000000000014265      0x1cb ./Core/Src/main.o
 .debug_macro   0x0000000000014430      0x114 ./Core/Src/main.o
 .debug_macro   0x0000000000014544      0x1b2 ./Core/Src/main.o
 .debug_macro   0x00000000000146f6       0x27 ./Core/Src/main.o
 .debug_macro   0x000000000001471d      0x136 ./Core/Src/main.o
 .debug_macro   0x0000000000014853      0x1bc ./Core/Src/main.o
 .debug_macro   0x0000000000014a0f       0x34 ./Core/Src/main.o
 .debug_macro   0x0000000000014a43       0x3c ./Core/Src/main.o
 .debug_macro   0x0000000000014a7f       0x57 ./Core/Src/main.o
 .debug_macro   0x0000000000014ad6       0x88 ./Core/Src/main.o
 .debug_macro   0x0000000000014b5e      0x241 ./Core/Src/main.o
 .debug_macro   0x0000000000014d9f      0x141 ./Core/Src/main.o
 .debug_macro   0x0000000000014ee0      0x217 ./Core/Src/main.o
 .debug_macro   0x00000000000150f7      0x8d1 ./Core/Src/main.o
 .debug_macro   0x00000000000159c8      0x279 ./Core/Src/main.o
 .debug_macro   0x0000000000015c41       0x83 ./Core/Src/main.o
 .debug_macro   0x0000000000015cc4       0x22 ./Core/Src/main.o
 .debug_macro   0x0000000000015ce6       0x64 ./Core/Src/main.o
 .debug_macro   0x0000000000015d4a       0x52 ./Core/Src/main.o
 .debug_macro   0x0000000000015d9c       0x18 ./Core/Src/main.o
 .debug_macro   0x0000000000015db4       0x3c ./Core/Src/main.o
 .debug_macro   0x0000000000015df0       0x34 ./Core/Src/main.o
 .debug_macro   0x0000000000015e24       0x16 ./Core/Src/main.o
 .debug_macro   0x0000000000015e3a       0x35 ./Core/Src/main.o
 .debug_macro   0x0000000000015e6f      0x341 ./Core/Src/main.o
 .debug_macro   0x00000000000161b0       0x10 ./Core/Src/main.o
 .debug_macro   0x00000000000161c0       0x16 ./Core/Src/main.o
 .debug_macro   0x00000000000161d6       0x43 ./Core/Src/main.o
 .debug_macro   0x0000000000016219       0x34 ./Core/Src/main.o
 .debug_macro   0x000000000001624d       0x10 ./Core/Src/main.o
 .debug_macro   0x000000000001625d       0x58 ./Core/Src/main.o
 .debug_macro   0x00000000000162b5       0x71 ./Core/Src/main.o
 .debug_macro   0x0000000000016326       0x1c ./Core/Src/main.o
 .debug_macro   0x0000000000016342      0x12a ./Core/Src/main.o
 .debug_macro   0x000000000001646c       0x10 ./Core/Src/main.o
 .debug_macro   0x000000000001647c       0x1c ./Core/Src/main.o
 .debug_macro   0x0000000000016498       0x52 ./Core/Src/main.o
 .debug_macro   0x00000000000164ea       0x22 ./Core/Src/main.o
 .debug_macro   0x000000000001650c       0x10 ./Core/Src/main.o
 .debug_macro   0x000000000001651c       0x52 ./Core/Src/main.o
 .debug_macro   0x000000000001656e       0xd5 ./Core/Src/main.o
 .debug_macro   0x0000000000016643       0x1c ./Core/Src/main.o
 .debug_macro   0x000000000001665f       0x3d ./Core/Src/main.o
 .debug_macro   0x000000000001669c       0x16 ./Core/Src/main.o
 .debug_macro   0x00000000000166b2      0x145 ./Core/Src/main.o
 .debug_macro   0x00000000000167f7       0x16 ./Core/Src/main.o
 .debug_macro   0x000000000001680d       0x20 ./Core/Src/main.o
 .debug_macro   0x000000000001682d       0x1c ./Core/Src/main.o
 .debug_macro   0x0000000000016849      0x1c5 ./Core/Src/stm32f1xx_hal_msp.o
 .debug_macro   0x0000000000016a0e      0x368 ./Core/Src/stm32f1xx_it.o
 .debug_macro   0x0000000000016d76       0xff ./Core/Src/sysmem.o
 .debug_macro   0x0000000000016e75      0x23b ./Core/Src/sysmem.o
 .debug_macro   0x00000000000170b0      0x1ad ./Core/Src/system_stm32f1xx.o
 .debug_macro   0x000000000001725d      0x3b8 ./Drivers/25Q/w25q_spi.o
 .debug_macro   0x0000000000017615      0x328 ./Drivers/ADS1293/ADS1293.o
 .debug_macro   0x000000000001793d       0x97 ./Drivers/ADS1293/ADS1293.o
 .debug_macro   0x00000000000179d4       0xfd ./Drivers/ADS1293/ADS1293.o
 .debug_macro   0x0000000000017ad1       0x56 ./Drivers/ADS1293/ADS1293.o
 .debug_macro   0x0000000000017b27      0x1d1 ./Drivers/STM32F1xx_HAL_Driver/Src/stm32f1xx_hal.o
 .debug_macro   0x0000000000017cf8      0x1ad ./Drivers/STM32F1xx_HAL_Driver/Src/stm32f1xx_hal_cortex.o
 .debug_macro   0x0000000000017ea5      0x1ad ./Drivers/STM32F1xx_HAL_Driver/Src/stm32f1xx_hal_dma.o
 .debug_macro   0x0000000000018052      0x218 ./Drivers/STM32F1xx_HAL_Driver/Src/stm32f1xx_hal_gpio.o
 .debug_macro   0x000000000001826a      0x1bf ./Drivers/STM32F1xx_HAL_Driver/Src/stm32f1xx_hal_rcc.o
 .debug_macro   0x0000000000018429      0x1b5 ./Drivers/STM32F1xx_HAL_Driver/Src/stm32f1xx_hal_spi.o
 .debug_macro   0x00000000000185de      0x1ae ./Drivers/STM32F1xx_HAL_Driver/Src/stm32f1xx_hal_tim.o
 .debug_macro   0x000000000001878c      0x1ad ./Drivers/STM32F1xx_HAL_Driver/Src/stm32f1xx_hal_tim_ex.o
 .debug_macro   0x0000000000018939      0x1ae ./Drivers/STM32F1xx_HAL_Driver/Src/stm32f1xx_hal_uart.o
 .debug_macro   0x0000000000018ae7      0x376 ./Libraries/Src/SPI_Connection.o
 .debug_macro   0x0000000000018e5d       0x16 ./Libraries/Src/SPI_Connection.o
 .debug_macro   0x0000000000018e73       0x70 ./Libraries/Src/SPI_Connection.o
 .debug_macro   0x0000000000018ee3      0x3aa ./Libraries/Src/protocol_parser.o
 .debug_macro   0x000000000001928d       0x10 ./Libraries/Src/protocol_parser.o
 .debug_macro   0x000000000001929d      0x398 ./Libraries/Src/sensor_utils.o
 .debug_macro   0x0000000000019635       0x76 ./Libraries/Src/sensor_utils.o

.debug_line     0x0000000000000000    0x12689
 .debug_line    0x0000000000000000      0xe54 ./Core/Src/main.o
 .debug_line    0x0000000000000e54      0x84b ./Core/Src/stm32f1xx_hal_msp.o
 .debug_line    0x000000000000169f      0xa75 ./Core/Src/stm32f1xx_it.o
 .debug_line    0x0000000000002114      0x52b ./Core/Src/sysmem.o
 .debug_line    0x000000000000263f      0x73b ./Core/Src/system_stm32f1xx.o
 .debug_line    0x0000000000002d7a       0x87 ./Core/Startup/startup_stm32f103cbtx.o
 .debug_line    0x0000000000002e01      0xe53 ./Drivers/25Q/w25q_spi.o
 .debug_line    0x0000000000003c54      0x91f ./Drivers/ADS1293/ADS1293.o
 .debug_line    0x0000000000004573      0x968 ./Drivers/STM32F1xx_HAL_Driver/Src/stm32f1xx_hal.o
 .debug_line    0x0000000000004edb      0xb50 ./Drivers/STM32F1xx_HAL_Driver/Src/stm32f1xx_hal_cortex.o
 .debug_line    0x0000000000005a2b      0xdc0 ./Drivers/STM32F1xx_HAL_Driver/Src/stm32f1xx_hal_dma.o
 .debug_line    0x00000000000067eb      0x9ff ./Drivers/STM32F1xx_HAL_Driver/Src/stm32f1xx_hal_gpio.o
 .debug_line    0x00000000000071ea      0xd76 ./Drivers/STM32F1xx_HAL_Driver/Src/stm32f1xx_hal_rcc.o
 .debug_line    0x0000000000007f60     0x1bed ./Drivers/STM32F1xx_HAL_Driver/Src/stm32f1xx_hal_spi.o
 .debug_line    0x0000000000009b4d     0x331e ./Drivers/STM32F1xx_HAL_Driver/Src/stm32f1xx_hal_tim.o
 .debug_line    0x000000000000ce6b     0x1890 ./Drivers/STM32F1xx_HAL_Driver/Src/stm32f1xx_hal_tim_ex.o
 .debug_line    0x000000000000e6fb     0x1a43 ./Drivers/STM32F1xx_HAL_Driver/Src/stm32f1xx_hal_uart.o
 .debug_line    0x000000000001013e      0xaa2 ./Libraries/Src/SPI_Connection.o
 .debug_line    0x0000000000010be0      0xf2a ./Libraries/Src/protocol_parser.o
 .debug_line    0x0000000000011b0a      0xb7f ./Libraries/Src/sensor_utils.o

.debug_str      0x0000000000000000    0x8cf40
 .debug_str     0x0000000000000000    0x895f4 ./Core/Src/main.o
                                      0x89b26 (size before relaxing)
 .debug_str     0x00000000000895f4      0x100 ./Core/Src/stm32f1xx_hal_msp.o
                                      0x85529 (size before relaxing)
 .debug_str     0x00000000000896f4      0x17f ./Core/Src/stm32f1xx_it.o
                                      0x88fe7 (size before relaxing)
 .debug_str     0x0000000000089873      0x4da ./Core/Src/sysmem.o
                                       0x5d6e (size before relaxing)
 .debug_str     0x0000000000089d4d       0x7e ./Core/Src/system_stm32f1xx.o
                                      0x84716 (size before relaxing)
 .debug_str     0x0000000000089dcb       0x36 ./Core/Startup/startup_stm32f103cbtx.o
                                         0x70 (size before relaxing)
 .debug_str     0x0000000000089e01      0x319 ./Drivers/25Q/w25q_spi.o
                                      0x88e18 (size before relaxing)
 .debug_str     0x000000000008a11a       0x6a ./Drivers/ADS1293/ADS1293.o
                                      0x88a99 (size before relaxing)
 .debug_str     0x000000000008a184      0x375 ./Drivers/STM32F1xx_HAL_Driver/Src/stm32f1xx_hal.o
                                      0x84e49 (size before relaxing)
 .debug_str     0x000000000008a4f9      0x28a ./Drivers/STM32F1xx_HAL_Driver/Src/stm32f1xx_hal_cortex.o
                                      0x84d95 (size before relaxing)
 .debug_str     0x000000000008a783      0x235 ./Drivers/STM32F1xx_HAL_Driver/Src/stm32f1xx_hal_dma.o
                                      0x84abf (size before relaxing)
 .debug_str     0x000000000008a9b8      0x2b5 ./Drivers/STM32F1xx_HAL_Driver/Src/stm32f1xx_hal_gpio.o
                                      0x84a9c (size before relaxing)
 .debug_str     0x000000000008ac6d      0x229 ./Drivers/STM32F1xx_HAL_Driver/Src/stm32f1xx_hal_rcc.o
                                      0x84b45 (size before relaxing)
 .debug_str     0x000000000008ae96      0x4dd ./Drivers/STM32F1xx_HAL_Driver/Src/stm32f1xx_hal_spi.o
                                      0x85042 (size before relaxing)
 .debug_str     0x000000000008b373      0xca2 ./Drivers/STM32F1xx_HAL_Driver/Src/stm32f1xx_hal_tim.o
                                      0x85b30 (size before relaxing)
 .debug_str     0x000000000008c015      0x493 ./Drivers/STM32F1xx_HAL_Driver/Src/stm32f1xx_hal_tim_ex.o
                                      0x8534c (size before relaxing)
 .debug_str     0x000000000008c4a8      0x596 ./Drivers/STM32F1xx_HAL_Driver/Src/stm32f1xx_hal_uart.o
                                      0x85150 (size before relaxing)
 .debug_str     0x000000000008ca3e      0x26c ./Libraries/Src/SPI_Connection.o
                                      0x88df4 (size before relaxing)
 .debug_str     0x000000000008ccaa      0x237 ./Libraries/Src/protocol_parser.o
                                      0x89210 (size before relaxing)
 .debug_str     0x000000000008cee1       0x5f ./Libraries/Src/sensor_utils.o
                                      0x8899e (size before relaxing)

.comment        0x0000000000000000       0x50
 .comment       0x0000000000000000       0x50 ./Core/Src/main.o