Archive member included to satisfy reference by file (symbol)

c:/program files/stmicroelectronics/stm32cubeide_1.12.0/stm32cubeide/plugins/com.st.stm32cube.ide.mcu.externaltools.gnu-tools-for-stm32.10.3-2021.10.win32_1.0.200.202301161003/tools/bin/../lib/gcc/arm-none-eabi/10.3.1/../../../../arm-none-eabi/lib/thumb/v7-m/nofp\libc_nano.a(lib_a-errno.o)
                              ./Core/Src/syscalls.o (__errno)
c:/program files/stmicroelectronics/stm32cubeide_1.12.0/stm32cubeide/plugins/com.st.stm32cube.ide.mcu.externaltools.gnu-tools-for-stm32.10.3-2021.10.win32_1.0.200.202301161003/tools/bin/../lib/gcc/arm-none-eabi/10.3.1/../../../../arm-none-eabi/lib/thumb/v7-m/nofp\libc_nano.a(lib_a-exit.o)
                              c:/program files/stmicroelectronics/stm32cubeide_1.12.0/stm32cubeide/plugins/com.st.stm32cube.ide.mcu.externaltools.gnu-tools-for-stm32.10.3-2021.10.win32_1.0.200.202301161003/tools/bin/../lib/gcc/arm-none-eabi/10.3.1/../../../../arm-none-eabi/lib/thumb/v7-m/nofp/crt0.o (exit)
c:/program files/stmicroelectronics/stm32cubeide_1.12.0/stm32cubeide/plugins/com.st.stm32cube.ide.mcu.externaltools.gnu-tools-for-stm32.10.3-2021.10.win32_1.0.200.202301161003/tools/bin/../lib/gcc/arm-none-eabi/10.3.1/../../../../arm-none-eabi/lib/thumb/v7-m/nofp\libc_nano.a(lib_a-impure.o)
                              c:/program files/stmicroelectronics/stm32cubeide_1.12.0/stm32cubeide/plugins/com.st.stm32cube.ide.mcu.externaltools.gnu-tools-for-stm32.10.3-2021.10.win32_1.0.200.202301161003/tools/bin/../lib/gcc/arm-none-eabi/10.3.1/../../../../arm-none-eabi/lib/thumb/v7-m/nofp\libc_nano.a(lib_a-exit.o) (_global_impure_ptr)
c:/program files/stmicroelectronics/stm32cubeide_1.12.0/stm32cubeide/plugins/com.st.stm32cube.ide.mcu.externaltools.gnu-tools-for-stm32.10.3-2021.10.win32_1.0.200.202301161003/tools/bin/../lib/gcc/arm-none-eabi/10.3.1/../../../../arm-none-eabi/lib/thumb/v7-m/nofp\libc_nano.a(lib_a-init.o)
                              c:/program files/stmicroelectronics/stm32cubeide_1.12.0/stm32cubeide/plugins/com.st.stm32cube.ide.mcu.externaltools.gnu-tools-for-stm32.10.3-2021.10.win32_1.0.200.202301161003/tools/bin/../lib/gcc/arm-none-eabi/10.3.1/../../../../arm-none-eabi/lib/thumb/v7-m/nofp/crt0.o (__libc_init_array)
c:/program files/stmicroelectronics/stm32cubeide_1.12.0/stm32cubeide/plugins/com.st.stm32cube.ide.mcu.externaltools.gnu-tools-for-stm32.10.3-2021.10.win32_1.0.200.202301161003/tools/bin/../lib/gcc/arm-none-eabi/10.3.1/../../../../arm-none-eabi/lib/thumb/v7-m/nofp\libc_nano.a(lib_a-memcpy-stub.o)
                              ./Libraries/Src/SPI_Connection.o (memcpy)
c:/program files/stmicroelectronics/stm32cubeide_1.12.0/stm32cubeide/plugins/com.st.stm32cube.ide.mcu.externaltools.gnu-tools-for-stm32.10.3-2021.10.win32_1.0.200.202301161003/tools/bin/../lib/gcc/arm-none-eabi/10.3.1/../../../../arm-none-eabi/lib/thumb/v7-m/nofp\libc_nano.a(lib_a-memset.o)
                              c:/program files/stmicroelectronics/stm32cubeide_1.12.0/stm32cubeide/plugins/com.st.stm32cube.ide.mcu.externaltools.gnu-tools-for-stm32.10.3-2021.10.win32_1.0.200.202301161003/tools/bin/../lib/gcc/arm-none-eabi/10.3.1/../../../../arm-none-eabi/lib/thumb/v7-m/nofp/crt0.o (memset)
c:/program files/stmicroelectronics/stm32cubeide_1.12.0/stm32cubeide/plugins/com.st.stm32cube.ide.mcu.externaltools.gnu-tools-for-stm32.10.3-2021.10.win32_1.0.200.202301161003/tools/bin/../lib/gcc/arm-none-eabi/10.3.1/../../../../arm-none-eabi/lib/thumb/v7-m/nofp\libc_nano.a(lib_a-sprintf.o)
                              ./Drivers/25Q/w25q_spi.o (sprintf)
c:/program files/stmicroelectronics/stm32cubeide_1.12.0/stm32cubeide/plugins/com.st.stm32cube.ide.mcu.externaltools.gnu-tools-for-stm32.10.3-2021.10.win32_1.0.200.202301161003/tools/bin/../lib/gcc/arm-none-eabi/10.3.1/../../../../arm-none-eabi/lib/thumb/v7-m/nofp\libc_nano.a(lib_a-strcat.o)
                              ./Drivers/25Q/w25q_spi.o (strcat)
c:/program files/stmicroelectronics/stm32cubeide_1.12.0/stm32cubeide/plugins/com.st.stm32cube.ide.mcu.externaltools.gnu-tools-for-stm32.10.3-2021.10.win32_1.0.200.202301161003/tools/bin/../lib/gcc/arm-none-eabi/10.3.1/../../../../arm-none-eabi/lib/thumb/v7-m/nofp\libc_nano.a(lib_a-strlen.o)
                              ./Drivers/25Q/w25q_spi.o (strlen)
c:/program files/stmicroelectronics/stm32cubeide_1.12.0/stm32cubeide/plugins/com.st.stm32cube.ide.mcu.externaltools.gnu-tools-for-stm32.10.3-2021.10.win32_1.0.200.202301161003/tools/bin/../lib/gcc/arm-none-eabi/10.3.1/../../../../arm-none-eabi/lib/thumb/v7-m/nofp\libc_nano.a(lib_a-nano-svfprintf.o)
                              c:/program files/stmicroelectronics/stm32cubeide_1.12.0/stm32cubeide/plugins/com.st.stm32cube.ide.mcu.externaltools.gnu-tools-for-stm32.10.3-2021.10.win32_1.0.200.202301161003/tools/bin/../lib/gcc/arm-none-eabi/10.3.1/../../../../arm-none-eabi/lib/thumb/v7-m/nofp\libc_nano.a(lib_a-sprintf.o) (_svfprintf_r)
[...]
Memory Configuration

Name             Origin             Length             Attributes
RAM              0x0000000020000000 0x0000000000005000 xrw
FLASH            0x0000000008000000 0x0000000000020000 xr
*default*        0x0000000000000000 0xffffffffffffffff

Linker script and memory map

LOAD c:/program files/stmicroelectronics/stm32cubeide_1.12.0/stm32cubeide/plugins/com.st.stm32cube.ide.mcu.externaltools.gnu-tools-for-stm32.10.3-2021.10.win32_1.0.200.202301161003/tools/bin/../lib/gcc/arm-none-eabi/10.3.1/thumb/v7-m/nofp/crti.o
LOAD c:/program files/stmicroelectronics/stm32cubeide_1.12.0/stm32cubeide/plugins/com.st.stm32cube.ide.mcu.externaltools.gnu-tools-for-stm32.10.3-2021.10.win32_1.0.200.202301161003/tools/bin/../lib/gcc/arm-none-eabi/10.3.1/thumb/v7-m/nofp/crtbegin.o
LOAD c:/program files/stmicroelectronics/stm32cubeide_1.12.0/stm32cubeide/plugins/com.st.stm32cube.ide.mcu.externaltools.gnu-tools-for-stm32.10.3-2021.10.win32_1.0.200.202301161003/tools/bin/../lib/gcc/arm-none-eabi/10.3.1/../../../../arm-none-eabi/lib/thumb/v7-m/nofp/crt0.o
LOAD ./Core/Src/exp_measurement.o
LOAD ./Core/Src/exp_protocol.o
LOAD ./Core/Src/main.o
LOAD ./Core/Src/stm32f1xx_hal_msp.o
LOAD ./Core/Src/stm32f1xx_it.o
LOAD ./Core/Src/syscalls.o
LOAD ./Core/Src/sysmem.o
LOAD ./Core/Src/system_stm32f1xx.o
LOAD ./Core/Startup/startup_stm32f103cbtx.o
LOAD ./Drivers/25Q/w25q_spi.o
LOAD ./Drivers/ADS1293/ADS1293.o
LOAD ./Drivers/STM32F1xx_HAL_Driver/Src/stm32f1xx_hal.o
LOAD ./Drivers/STM32F1xx_HAL_Driver/Src/stm32f1xx_hal_cortex.o
LOAD ./Drivers/STM32F1xx_HAL_Driver/Src/stm32f1xx_hal_dma.o
LOAD ./Drivers/STM32F1xx_HAL_Driver/Src/stm32f1xx_hal_exti.o
LOAD ./Drivers/STM32F1xx_HAL_Driver/Src/stm32f1xx_hal_flash.o
LOAD ./Drivers/STM32F1xx_HAL_Driver/Src/stm32f1xx_hal_flash_ex.o
LOAD ./Drivers/STM32F1xx_HAL_Driver/Src/stm32f1xx_hal_gpio.o
LOAD ./Drivers/STM32F1xx_HAL_Driver/Src/stm32f1xx_hal_gpio_ex.o
LOAD ./Drivers/STM32F1xx_HAL_Driver/Src/stm32f1xx_hal_pwr.o
LOAD ./Drivers/STM32F1xx_HAL_Driver/Src/stm32f1xx_hal_rcc.o
LOAD ./Drivers/STM32F1xx_HAL_Driver/Src/stm32f1xx_hal_rcc_ex.o
LOAD ./Drivers/STM32F1xx_HAL_Driver/Src/stm32f1xx_hal_spi.o
LOAD ./Drivers/STM32F1xx_HAL_Driver/Src/stm32f1xx_hal_tim.o
LOAD ./Drivers/STM32F1xx_HAL_Driver/Src/stm32f1xx_hal_tim_ex.o
LOAD ./Drivers/STM32F1xx_HAL_Driver/Src/stm32f1xx_hal_uart.o
LOAD ./Libraries/Src/SPI_Connection.o
LOAD ./Libraries/Src/protocol_parser.o
LOAD ./Libraries/Src/sensor_utils.o
START GROUP
LOAD c:/program files/stmicroelectronics/stm32cubeide_1.12.0/stm32cubeide/plugins/com.st.stm32cube.ide.mcu.externaltools.gnu-tools-for-stm32.10.3-2021.10.win32_1.0.200.202301161003/tools/bin/../lib/gcc/arm-none-eabi/10.3.1/../../../../arm-none-eabi/lib/thumb/v7-m/nofp\libc_nano.a
LOAD c:/program files/stmicroelectronics/stm32cubeide_1.12.0/stm32cubeide/plugins/com.st.stm32cube.ide.mcu.externaltools.gnu-tools-for-stm32.10.3-2021.10.win32_1.0.200.202301161003/tools/bin/../lib/gcc/arm-none-eabi/10.3.1/../../../../arm-none-eabi/lib/thumb/v7-m/nofp\libm.a
END GROUP
START GROUP
LOAD c:/program files/stmicroelectronics/stm32cubeide_1.12.0/stm32cubeide/plugins/com.st.stm32cube.ide.mcu.externaltools.gnu-tools-for-stm32.10.3-2021.10.win32_1.0.200.202301161003/tools/bin/../lib/gcc/arm-none-eabi/10.3.1/thumb/v7-m/nofp\libgcc.a
LOAD c:/program files/stmicroelectronics/stm32cubeide_1.12.0/stm32cubeide/plugins/com.st.stm32cube.ide.mcu.externaltools.gnu-tools-for-stm32.10.3-2021.10.win32_1.0.200.202301161003/tools/bin/../lib/gcc/arm-none-eabi/10.3.1/../../../../arm-none-eabi/lib/thumb/v7-m/nofp\libc_nano.a
END GROUP
START GROUP
LOAD c:/program files/stmicroelectronics/stm32cubeide_1.12.0/stm32cubeide/plugins/com.st.stm32cube.ide.mcu.externaltools.gnu-tools-for-stm32.10.3-2021.10.win32_1.0.200.202301161003/tools/bin/../lib/gcc/arm-none-eabi/10.3.1/thumb/v7-m/nofp\libgcc.a
LOAD c:/program files/stmicroelectronics/stm32cubeide_1.12.0/stm32cubeide/plugins/com.st.stm32cube.ide.mcu.externaltools.gnu-tools-for-stm32.10.3-2021.10.win32_1.0.200.202301161003/tools/bin/../lib/gcc/arm-none-eabi/10.3.1/../../../../arm-none-eabi/lib/thumb/v7-m/nofp\libc_nano.a
LOAD c:/program files/stmicroelectronics/stm32cubeide_1.12.0/stm32cubeide/plugins/com.st.stm32cube.ide.mcu.externaltools.gnu-tools-for-stm32.10.3-2021.10.win32_1.0.200.202301161003/tools/bin/../lib/gcc/arm-none-eabi/10.3.1/../../../../arm-none-eabi/lib/thumb/v7-m/nofp\libnosys.a
END GROUP
START GROUP
LOAD c:/program files/stmicroelectronics/stm32cubeide_1.12.0/stm32cubeide/plugins/com.st.stm32cube.ide.mcu.externaltools.gnu-tools-for-stm32.10.3-2021.10.win32_1.0.200.202301161003/tools/bin/../lib/gcc/arm-none-eabi/10.3.1/thumb/v7-m/nofp\libgcc.a
LOAD c:/program files/stmicroelectronics/stm32cubeide_1.12.0/stm32cubeide/plugins/com.st.stm32cube.ide.mcu.externaltools.gnu-tools-for-stm32.10.3-2021.10.win32_1.0.200.202301161003/tools/bin/../lib/gcc/arm-none-eabi/10.3.1/../../../../arm-none-eabi/lib/thumb/v7-m/nofp\libc_nano.a
LOAD c:/program files/stmicroelectronics/stm32cubeide_1.12.0/stm32cubeide/plugins/com.st.stm32cube.ide.mcu.externaltools.gnu-tools-for-stm32.10.3-2021.10.win32_1.0.200.202301161003/tools/bin/../lib/gcc/arm-none-eabi/10.3.1/../../../../arm-none-eabi/lib/thumb/v7-m/nofp\libnosys.a
END GROUP
LOAD c:/program files/stmicroelectronics/stm32cubeide_1.12.0/stm32cubeide/plugins/com.st.stm32cube.ide.mcu.externaltools.gnu-tools-for-stm32.10.3-2021.10.win32_1.0.200.202301161003/tools/bin/../lib/gcc/arm-none-eabi/10.3.1/thumb/v7-m/nofp/crtend.o
LOAD c:/program files/stmicroelectronics/stm32cubeide_1.12.0/stm32cubeide/plugins/com.st.stm32cube.ide.mcu.externaltools.gnu-tools-for-stm32.10.3-2021.10.win32_1.0.200.202301161003/tools/bin/../lib/gcc/arm-none-eabi/10.3.1/thumb/v7-m/nofp/crtn.o
                0x0000000020005000                _estack = (ORIGIN (RAM) + LENGTH (RAM))
                0x0000000000000200                _Min_Heap_Size = 0x200
                0x0000000000000400                _Min_Stack_Size = 0x400

.isr_vector     0x0000000008000000      0x10c
                0x0000000008000000                . = ALIGN (0x4)
 *(.isr_vector)
 .isr_vector    0x0000000008000000      0x10c ./Core/Startup/startup_stm32f103cbtx.o
                0x0000000008000000                g_pfnVectors
                0x000000000800010c                . = ALIGN (0x4)

.text           0x000000000800010c     0x50b8
                0x000000000800010c                . = ALIGN (0x4)
 *(.text)
 .text          0x000000000800010c       0x40 c:/program files/stmicroelectronics/stm32cubeide_1.12.0/stm32cubeide/plugins/com.st.stm32cube.ide.mcu.externaltools.gnu-tools-for-stm32.10.3-2021.10.win32_1.0.200.202301161003/tools/bin/../lib/gcc/arm-none-eabi/10.3.1/thumb/v7-m/nofp/crtbegin.o
 *(.text*)
 .text.get_measurement_time
                0x000000000800014c       0x14 ./Core/Src/exp_measurement.o
                0x000000000800014c                get_measurement_time
 .text.reset_meas_time
                0x0000000008000160       0x24 ./Core/Src/exp_measurement.o
                0x0000000008000160                reset_meas_time
 .text.start_measurement
                0x0000000008000184       0x44 ./Core/Src/exp_measurement.o
                0x0000000008000184                start_measurement
 .text.stop_measurement
                0x00000000080001c8       0x3c ./Core/Src/exp_measurement.o
                0x00000000080001c8                stop_measurement
 .text.HAL_TIM_PeriodElapsedCallback
                0x0000000008000204       0x74 ./Core/Src/exp_measurement.o
                0x0000000008000204                HAL_TIM_PeriodElapsedCallback
 .text.parser_exp
                0x0000000008000278       0x40 ./Core/Src/exp_protocol.o
                0x0000000008000278                parser_exp
 .text.HAL_UART_RxCpltCallback
                0x00000000080002b8       0x48 ./Core/Src/exp_protocol.o
                0x00000000080002b8                HAL_UART_RxCpltCallback
 .text.uart_init
                0x0000000008000300       0x2c ./Core/Src/exp_protocol.o
                0x0000000008000300                uart_init
 .text.send_data
                0x000000000800032c       0x74 ./Core/Src/exp_protocol.o
                0x000000000800032c                send_data
 .text.getECGdata
                0x00000000080003a0       0x74 ./Core/Src/main.o
                0x00000000080003a0                getECGdata
 .text.MY_HAL_TIM_OnePulse_Init
                0x0000000008000414       0xaa ./Core/Src/main.o
                0x0000000008000414                MY_HAL_TIM_OnePulse_Init
 *fill*         0x00000000080004be        0x2 
 .text.main     0x00000000080004c0       0x6c ./Core/Src/main.o
                0x00000000080004c0                main
 .text.SystemClock_Config
                0x000000000800052c       0x8a ./Core/Src/main.o
                0x000000000800052c                SystemClock_Config
 *fill*         0x00000000080005b6        0x2 
 .text.MX_SPI1_Init
                0x00000000080005b8       0x6c ./Core/Src/main.o
 .text.MX_SPI2_Init
                0x0000000008000624       0x74 ./Core/Src/main.o
 .text.MX_TIM1_Init
                0x0000000008000698       0xa0 ./Core/Src/main.o
 .text.MX_TIM2_Init
                0x0000000008000738      0x104 ./Core/Src/main.o
 .text.MX_TIM3_Init
                0x000000000800083c       0x9c ./Core/Src/main.o
 .text.MX_TIM4_Init
                0x00000000080008d8       0x9c ./Core/Src/main.o
 .text.MX_USART1_UART_Init
                0x0000000008000974       0x54 ./Core/Src/main.o
 .text.MX_GPIO_Init
                0x00000000080009c8      0x134 ./Core/Src/main.o
 .text.HAL_SPI_ErrorCallback
                0x0000000008000afc       0x38 ./Core/Src/main.o
                0x0000000008000afc                HAL_SPI_ErrorCallback
 .text.Error_Handler
                0x0000000008000b34        0xa ./Core/Src/main.o
                0x0000000008000b34                Error_Handler
 *fill*         0x0000000008000b3e        0x2 
 .text.HAL_MspInit
                0x0000000008000b40       0x64 ./Core/Src/stm32f1xx_hal_msp.o
                0x0000000008000b40                HAL_MspInit
 .text.HAL_SPI_MspInit
                0x0000000008000ba4      0x11c ./Core/Src/stm32f1xx_hal_msp.o
                0x0000000008000ba4                HAL_SPI_MspInit
 .text.HAL_SPI_MspDeInit
                0x0000000008000cc0       0x6c ./Core/Src/stm32f1xx_hal_msp.o
                0x0000000008000cc0                HAL_SPI_MspDeInit
 .text.HAL_TIM_Base_MspInit
                0x0000000008000d2c      0x148 ./Core/Src/stm32f1xx_hal_msp.o
                0x0000000008000d2c                HAL_TIM_Base_MspInit
 .text.HAL_TIM_MspPostInit
                0x0000000008000e74       0x8c ./Core/Src/stm32f1xx_hal_msp.o
                0x0000000008000e74                HAL_TIM_MspPostInit
 .text.HAL_UART_MspInit
                0x0000000008000f00       0xa8 ./Core/Src/stm32f1xx_hal_msp.o
                0x0000000008000f00                HAL_UART_MspInit
 .text.NMI_Handler
                0x0000000008000fa8        0x6 ./Core/Src/stm32f1xx_it.o
                0x0000000008000fa8                NMI_Handler
 .text.HardFault_Handler
                0x0000000008000fae        0x6 ./Core/Src/stm32f1xx_it.o
                0x0000000008000fae                HardFault_Handler
 .text.MemManage_Handler
                0x0000000008000fb4        0x6 ./Core/Src/stm32f1xx_it.o
                0x0000000008000fb4                MemManage_Handler
 .text.BusFault_Handler
                0x0000000008000fba        0x6 ./Core/Src/stm32f1xx_it.o
                0x0000000008000fba                BusFault_Handler
 .text.UsageFault_Handler
                0x0000000008000fc0        0x6 ./Core/Src/stm32f1xx_it.o
                0x0000000008000fc0                UsageFault_Handler
 .text.SVC_Handler
                0x0000000008000fc6        0xc ./Core/Src/stm32f1xx_it.o
                0x0000000008000fc6                SVC_Handler
 .text.DebugMon_Handler
                0x0000000008000fd2        0xc ./Core/Src/stm32f1xx_it.o
                0x0000000008000fd2                DebugMon_Handler
 .text.PendSV_Handler
                0x0000000008000fde        0xc ./Core/Src/stm32f1xx_it.o
                0x0000000008000fde                PendSV_Handler
 .text.SysTick_Handler
                0x0000000008000fea        0xc ./Core/Src/stm32f1xx_it.o
                0x0000000008000fea                SysTick_Handler
 *fill*         0x0000000008000ff6        0x2 
 .text.EXTI9_5_IRQHandler
                0x0000000008000ff8       0x18 ./Core/Src/stm32f1xx_it.o
                0x0000000008000ff8                EXTI9_5_IRQHandler
 .text.TIM1_UP_IRQHandler
                0x0000000008001010       0x14 ./Core/Src/stm32f1xx_it.o
                0x0000000008001010                TIM1_UP_IRQHandler
 .text.TIM3_IRQHandler
                0x0000000008001024       0x1c ./Core/Src/stm32f1xx_it.o
                0x0000000008001024                TIM3_IRQHandler
 .text.TIM4_IRQHandler
                0x0000000008001040       0x14 ./Core/Src/stm32f1xx_it.o
                0x0000000008001040                TIM4_IRQHandler
 .text.SPI2_IRQHandler
                0x0000000008001054       0x14 ./Core/Src/stm32f1xx_it.o
                0x0000000008001054                SPI2_IRQHandler
 .text.USART1_IRQHandler
                0x0000000008001068       0x1c ./Core/Src/stm32f1xx_it.o
                0x0000000008001068                USART1_IRQHandler
 .text.EXTI15_10_IRQHandler
                0x0000000008001084       0x10 ./Core/Src/stm32f1xx_it.o
                0x0000000008001084                EXTI15_10_IRQHandler
 .text.SystemInit
                0x0000000008001094        0xc ./Core/Src/system_stm32f1xx.o
                0x0000000008001094                SystemInit
 .text.Reset_Handler
                0x00000000080010a0       0x48 ./Core/Startup/startup_stm32f103cbtx.o
                0x00000000080010a0                Reset_Handler
 .text.Default_Handler
                0x00000000080010e8        0x2 ./Core/Startup/startup_stm32f103cbtx.o
                0x00000000080010e8                RTC_Alarm_IRQHandler
                0x00000000080010e8                EXTI2_IRQHandler
                0x00000000080010e8                TIM1_CC_IRQHandler
                0x00000000080010e8                PVD_IRQHandler
                0x00000000080010e8                EXTI3_IRQHandler
                0x00000000080010e8                EXTI0_IRQHandler
                0x00000000080010e8                I2C2_EV_IRQHandler
                0x00000000080010e8                ADC1_2_IRQHandler
                0x00000000080010e8                SPI1_IRQHandler
                0x00000000080010e8                TAMPER_IRQHandler
                0x00000000080010e8                DMA1_Channel4_IRQHandler
                0x00000000080010e8                USART3_IRQHandler
                0x00000000080010e8                RTC_IRQHandler
                0x00000000080010e8                DMA1_Channel7_IRQHandler
                0x00000000080010e8                CAN1_RX1_IRQHandler
                0x00000000080010e8                I2C1_EV_IRQHandler
                0x00000000080010e8                DMA1_Channel6_IRQHandler
                0x00000000080010e8                RCC_IRQHandler
                0x00000000080010e8                TIM1_TRG_COM_IRQHandler
                0x00000000080010e8                DMA1_Channel1_IRQHandler
                0x00000000080010e8                Default_Handler
                0x00000000080010e8                DMA1_Channel5_IRQHandler
                0x00000000080010e8                EXTI4_IRQHandler
                0x00000000080010e8                USB_LP_CAN1_RX0_IRQHandler
                0x00000000080010e8                USB_HP_CAN1_TX_IRQHandler
                0x00000000080010e8                DMA1_Channel3_IRQHandler
                0x00000000080010e8                WWDG_IRQHandler
                0x00000000080010e8                TIM2_IRQHandler
                0x00000000080010e8                TIM1_BRK_IRQHandler
                0x00000000080010e8                EXTI1_IRQHandler
                0x00000000080010e8                USART2_IRQHandler
                0x00000000080010e8                I2C2_ER_IRQHandler
                0x00000000080010e8                DMA1_Channel2_IRQHandler
                0x00000000080010e8                CAN1_SCE_IRQHandler
                0x00000000080010e8                FLASH_IRQHandler
                0x00000000080010e8                I2C1_ER_IRQHandler
                0x00000000080010e8                USBWakeUp_IRQHandler
 *fill*         0x00000000080010ea        0x2 
 .text.ADS1293_WriteReg
                0x00000000080010ec       0x64 ./Drivers/ADS1293/ADS1293.o
                0x00000000080010ec                ADS1293_WriteReg
 .text.ads1293readdata
                0x0000000008001150       0x5c ./Drivers/ADS1293/ADS1293.o
                0x0000000008001150                ads1293readdata
 .text.ADS1293_Init
                0x00000000080011ac      0x106 ./Drivers/ADS1293/ADS1293.o
                0x00000000080011ac                ADS1293_Init
 *fill*         0x00000000080012b2        0x2 
 .text.HAL_Init
                0x00000000080012b4       0x2c ./Drivers/STM32F1xx_HAL_Driver/Src/stm32f1xx_hal.o
                0x00000000080012b4                HAL_Init
 .text.HAL_InitTick
                0x00000000080012e0       0x60 ./Drivers/STM32F1xx_HAL_Driver/Src/stm32f1xx_hal.o
                0x00000000080012e0                HAL_InitTick
 .text.HAL_IncTick
                0x0000000008001340       0x24 ./Drivers/STM32F1xx_HAL_Driver/Src/stm32f1xx_hal.o
                0x0000000008001340                HAL_IncTick
 .text.HAL_GetTick
                0x0000000008001364       0x14 ./Drivers/STM32F1xx_HAL_Driver/Src/stm32f1xx_hal.o
                0x0000000008001364                HAL_GetTick
 .text.HAL_Delay
                0x0000000008001378       0x48 ./Drivers/STM32F1xx_HAL_Driver/Src/stm32f1xx_hal.o
                0x0000000008001378                HAL_Delay
 .text.__NVIC_SetPriorityGrouping
                0x00000000080013c0       0x48 ./Drivers/STM32F1xx_HAL_Driver/Src/stm32f1xx_hal_cortex.o
 .text.__NVIC_GetPriorityGrouping
                0x0000000008001408       0x1c ./Drivers/STM32F1xx_HAL_Driver/Src/stm32f1xx_hal_cortex.o
 .text.__NVIC_EnableIRQ
                0x0000000008001424       0x38 ./Drivers/STM32F1xx_HAL_Driver/Src/stm32f1xx_hal_cortex.o
 .text.__NVIC_DisableIRQ
                0x000000000800145c       0x48 ./Drivers/STM32F1xx_HAL_Driver/Src/stm32f1xx_hal_cortex.o
 .text.__NVIC_SetPriority
                0x00000000080014a4       0x54 ./Drivers/STM32F1xx_HAL_Driver/Src/stm32f1xx_hal_cortex.o
 .text.NVIC_EncodePriority
                0x00000000080014f8       0x64 ./Drivers/STM32F1xx_HAL_Driver/Src/stm32f1xx_hal_cortex.o
 .text.SysTick_Config
                0x000000000800155c       0x44 ./Drivers/STM32F1xx_HAL_Driver/Src/stm32f1xx_hal_cortex.o
 .text.HAL_NVIC_SetPriorityGrouping
                0x00000000080015a0       0x16 ./Drivers/STM32F1xx_HAL_Driver/Src/stm32f1xx_hal_cortex.o
                0x00000000080015a0                HAL_NVIC_SetPriorityGrouping
 .text.HAL_NVIC_SetPriority
                0x00000000080015b6       0x38 ./Drivers/STM32F1xx_HAL_Driver/Src/stm32f1xx_hal_cortex.o
                0x00000000080015b6                HAL_NVIC_SetPriority
 .text.HAL_NVIC_EnableIRQ
                0x00000000080015ee       0x1c ./Drivers/STM32F1xx_HAL_Driver/Src/stm32f1xx_hal_cortex.o
                0x00000000080015ee                HAL_NVIC_EnableIRQ
 .text.HAL_NVIC_DisableIRQ
                0x000000000800160a       0x1c ./Drivers/STM32F1xx_HAL_Driver/Src/stm32f1xx_hal_cortex.o
                0x000000000800160a                HAL_NVIC_DisableIRQ
 .text.HAL_SYSTICK_Config
                0x0000000008001626       0x18 ./Drivers/STM32F1xx_HAL_Driver/Src/stm32f1xx_hal_cortex.o
                0x0000000008001626                HAL_SYSTICK_Config
 .text.HAL_DMA_Abort
                0x000000000800163e       0x74 ./Drivers/STM32F1xx_HAL_Driver/Src/stm32f1xx_hal_dma.o
                0x000000000800163e                HAL_DMA_Abort
 *fill*         0x00000000080016b2        0x2 
 .text.HAL_DMA_Abort_IT
                0x00000000080016b4       0xec ./Drivers/STM32F1xx_HAL_Driver/Src/stm32f1xx_hal_dma.o
                0x00000000080016b4                HAL_DMA_Abort_IT
 .text.HAL_GPIO_Init
                0x00000000080017a0      0x308 ./Drivers/STM32F1xx_HAL_Driver/Src/stm32f1xx_hal_gpio.o
                0x00000000080017a0                HAL_GPIO_Init
 .text.HAL_GPIO_DeInit
                0x0000000008001aa8      0x178 ./Drivers/STM32F1xx_HAL_Driver/Src/stm32f1xx_hal_gpio.o
                0x0000000008001aa8                HAL_GPIO_DeInit
 .text.HAL_GPIO_ReadPin
                0x0000000008001c20       0x2e ./Drivers/STM32F1xx_HAL_Driver/Src/stm32f1xx_hal_gpio.o
                0x0000000008001c20                HAL_GPIO_ReadPin
 .text.HAL_GPIO_WritePin
                0x0000000008001c4e       0x30 ./Drivers/STM32F1xx_HAL_Driver/Src/stm32f1xx_hal_gpio.o
                0x0000000008001c4e                HAL_GPIO_WritePin
 .text.HAL_GPIO_TogglePin
                0x0000000008001c7e       0x32 ./Drivers/STM32F1xx_HAL_Driver/Src/stm32f1xx_hal_gpio.o
                0x0000000008001c7e                HAL_GPIO_TogglePin
 .text.HAL_GPIO_EXTI_IRQHandler
                0x0000000008001cb0       0x30 ./Drivers/STM32F1xx_HAL_Driver/Src/stm32f1xx_hal_gpio.o
                0x0000000008001cb0                HAL_GPIO_EXTI_IRQHandler
 .text.HAL_RCC_OscConfig
                0x0000000008001ce0      0x504 ./Drivers/STM32F1xx_HAL_Driver/Src/stm32f1xx_hal_rcc.o
                0x0000000008001ce0                HAL_RCC_OscConfig
 .text.HAL_RCC_ClockConfig
                0x00000000080021e4      0x1d4 ./Drivers/STM32F1xx_HAL_Driver/Src/stm32f1xx_hal_rcc.o
                0x00000000080021e4                HAL_RCC_ClockConfig
 .text.HAL_RCC_GetSysClockFreq
                0x00000000080023b8       0xbc ./Drivers/STM32F1xx_HAL_Driver/Src/stm32f1xx_hal_rcc.o
                0x00000000080023b8                HAL_RCC_GetSysClockFreq
 .text.HAL_RCC_GetHCLKFreq
                0x0000000008002474       0x14 ./Drivers/STM32F1xx_HAL_Driver/Src/stm32f1xx_hal_rcc.o
                0x0000000008002474                HAL_RCC_GetHCLKFreq
 .text.HAL_RCC_GetPCLK1Freq
                0x0000000008002488       0x28 ./Drivers/STM32F1xx_HAL_Driver/Src/stm32f1xx_hal_rcc.o
                0x0000000008002488                HAL_RCC_GetPCLK1Freq
 .text.HAL_RCC_GetPCLK2Freq
                0x00000000080024b0       0x28 ./Drivers/STM32F1xx_HAL_Driver/Src/stm32f1xx_hal_rcc.o
                0x00000000080024b0                HAL_RCC_GetPCLK2Freq
 .text.RCC_Delay
                0x00000000080024d8       0x3c ./Drivers/STM32F1xx_HAL_Driver/Src/stm32f1xx_hal_rcc.o
 .text.HAL_SPI_Init
                0x0000000008002514      0x108 ./Drivers/STM32F1xx_HAL_Driver/Src/stm32f1xx_hal_spi.o
                0x0000000008002514                HAL_SPI_Init
 .text.HAL_SPI_DeInit
                0x000000000800261c       0x50 ./Drivers/STM32F1xx_HAL_Driver/Src/stm32f1xx_hal_spi.o
                0x000000000800261c                HAL_SPI_DeInit
 .text.HAL_SPI_Transmit
                0x000000000800266c      0x278 ./Drivers/STM32F1xx_HAL_Driver/Src/stm32f1xx_hal_spi.o
                0x000000000800266c                HAL_SPI_Transmit
 .text.HAL_SPI_Receive
                0x00000000080028e4      0x222 ./Drivers/STM32F1xx_HAL_Driver/Src/stm32f1xx_hal_spi.o
                0x00000000080028e4                HAL_SPI_Receive
 .text.HAL_SPI_TransmitReceive
                0x0000000008002b06      0x344 ./Drivers/STM32F1xx_HAL_Driver/Src/stm32f1xx_hal_spi.o
                0x0000000008002b06                HAL_SPI_TransmitReceive
 *fill*         0x0000000008002e4a        0x2 
 .text.HAL_SPI_TransmitReceive_IT
                0x0000000008002e4c      0x128 ./Drivers/STM32F1xx_HAL_Driver/Src/stm32f1xx_hal_spi.o
                0x0000000008002e4c                HAL_SPI_TransmitReceive_IT
 .text.HAL_SPI_IRQHandler
                0x0000000008002f74      0x1cc ./Drivers/STM32F1xx_HAL_Driver/Src/stm32f1xx_hal_spi.o
                0x0000000008002f74                HAL_SPI_IRQHandler
 .text.HAL_SPI_RxCpltCallback
                0x0000000008003140       0x12 ./Drivers/STM32F1xx_HAL_Driver/Src/stm32f1xx_hal_spi.o
                0x0000000008003140                HAL_SPI_RxCpltCallback
 .text.SPI_DMAAbortOnError
                0x0000000008003152       0x28 ./Drivers/STM32F1xx_HAL_Driver/Src/stm32f1xx_hal_spi.o
 .text.SPI_2linesRxISR_8BIT
                0x000000000800317a       0x64 ./Drivers/STM32F1xx_HAL_Driver/Src/stm32f1xx_hal_spi.o
 .text.SPI_2linesTxISR_8BIT
                0x00000000080031de       0x60 ./Drivers/STM32F1xx_HAL_Driver/Src/stm32f1xx_hal_spi.o
 .text.SPI_2linesRxISR_16BIT
                0x000000000800323e       0x60 ./Drivers/STM32F1xx_HAL_Driver/Src/stm32f1xx_hal_spi.o
 .text.SPI_2linesTxISR_16BIT
                0x000000000800329e       0x5e ./Drivers/STM32F1xx_HAL_Driver/Src/stm32f1xx_hal_spi.o
 .text.SPI_WaitFlagStateUntilTimeout
                0x00000000080032fc      0x110 ./Drivers/STM32F1xx_HAL_Driver/Src/stm32f1xx_hal_spi.o
 .text.SPI_EndRxTransaction
                0x000000000800340c       0xa4 ./Drivers/STM32F1xx_HAL_Driver/Src/stm32f1xx_hal_spi.o
 .text.SPI_EndRxTxTransaction
                0x00000000080034b0       0x3c ./Drivers/STM32F1xx_HAL_Driver/Src/stm32f1xx_hal_spi.o
 .text.SPI_CloseRxTx_ISR
                0x00000000080034ec       0xe8 ./Drivers/STM32F1xx_HAL_Driver/Src/stm32f1xx_hal_spi.o
 .text.HAL_TIM_Base_Init
                0x00000000080035d4       0x9e ./Drivers/STM32F1xx_HAL_Driver/Src/stm32f1xx_hal_tim.o
                0x00000000080035d4                HAL_TIM_Base_Init
 .text.HAL_TIM_Base_Stop
                0x0000000008003672       0x4c ./Drivers/STM32F1xx_HAL_Driver/Src/stm32f1xx_hal_tim.o
                0x0000000008003672                HAL_TIM_Base_Stop
 *fill*         0x00000000080036be        0x2 
 .text.HAL_TIM_Base_Start_IT
                0x00000000080036c0       0xa4 ./Drivers/STM32F1xx_HAL_Driver/Src/stm32f1xx_hal_tim.o
                0x00000000080036c0                HAL_TIM_Base_Start_IT
 .text.HAL_TIM_PWM_Init
                0x0000000008003764       0x9e ./Drivers/STM32F1xx_HAL_Driver/Src/stm32f1xx_hal_tim.o
                0x0000000008003764                HAL_TIM_PWM_Init
 .text.HAL_TIM_PWM_MspInit
                0x0000000008003802       0x12 ./Drivers/STM32F1xx_HAL_Driver/Src/stm32f1xx_hal_tim.o
                0x0000000008003802                HAL_TIM_PWM_MspInit
 .text.HAL_TIM_OnePulse_Init
                0x0000000008003814       0xa0 ./Drivers/STM32F1xx_HAL_Driver/Src/stm32f1xx_hal_tim.o
                0x0000000008003814                HAL_TIM_OnePulse_Init
 .text.HAL_TIM_OnePulse_MspInit
                0x00000000080038b4       0x12 ./Drivers/STM32F1xx_HAL_Driver/Src/stm32f1xx_hal_tim.o
                0x00000000080038b4                HAL_TIM_OnePulse_MspInit
 .text.HAL_TIM_IRQHandler
                0x00000000080038c6      0x210 ./Drivers/STM32F1xx_HAL_Driver/Src/stm32f1xx_hal_tim.o
                0x00000000080038c6                HAL_TIM_IRQHandler
 *fill*         0x0000000008003ad6        0x2 
 .text.HAL_TIM_PWM_ConfigChannel
                0x0000000008003ad8      0x17c ./Drivers/STM32F1xx_HAL_Driver/Src/stm32f1xx_hal_tim.o
                0x0000000008003ad8                HAL_TIM_PWM_ConfigChannel
 .text.HAL_TIM_ConfigClockSource
                0x0000000008003c54      0x188 ./Drivers/STM32F1xx_HAL_Driver/Src/stm32f1xx_hal_tim.o
                0x0000000008003c54                HAL_TIM_ConfigClockSource
 .text.HAL_TIM_OC_DelayElapsedCallback
                0x0000000008003ddc       0x12 ./Drivers/STM32F1xx_HAL_Driver/Src/stm32f1xx_hal_tim.o
                0x0000000008003ddc                HAL_TIM_OC_DelayElapsedCallback
 .text.HAL_TIM_IC_CaptureCallback
                0x0000000008003dee       0x12 ./Drivers/STM32F1xx_HAL_Driver/Src/stm32f1xx_hal_tim.o
                0x0000000008003dee                HAL_TIM_IC_CaptureCallback
 .text.HAL_TIM_PWM_PulseFinishedCallback
                0x0000000008003e00       0x12 ./Drivers/STM32F1xx_HAL_Driver/Src/stm32f1xx_hal_tim.o
                0x0000000008003e00                HAL_TIM_PWM_PulseFinishedCallback
 .text.HAL_TIM_TriggerCallback
                0x0000000008003e12       0x12 ./Drivers/STM32F1xx_HAL_Driver/Src/stm32f1xx_hal_tim.o
                0x0000000008003e12                HAL_TIM_TriggerCallback
 .text.TIM_Base_SetConfig
                0x0000000008003e24       0xc4 ./Drivers/STM32F1xx_HAL_Driver/Src/stm32f1xx_hal_tim.o
                0x0000000008003e24                TIM_Base_SetConfig
 .text.TIM_OC1_SetConfig
                0x0000000008003ee8       0xcc ./Drivers/STM32F1xx_HAL_Driver/Src/stm32f1xx_hal_tim.o
 .text.TIM_OC2_SetConfig
                0x0000000008003fb4       0xd4 ./Drivers/STM32F1xx_HAL_Driver/Src/stm32f1xx_hal_tim.o
                0x0000000008003fb4                TIM_OC2_SetConfig
 .text.TIM_OC3_SetConfig
                0x0000000008004088       0xd4 ./Drivers/STM32F1xx_HAL_Driver/Src/stm32f1xx_hal_tim.o
 .text.TIM_OC4_SetConfig
                0x000000000800415c       0x9c ./Drivers/STM32F1xx_HAL_Driver/Src/stm32f1xx_hal_tim.o
 .text.TIM_TI1_ConfigInputStage
                0x00000000080041f8       0x5c ./Drivers/STM32F1xx_HAL_Driver/Src/stm32f1xx_hal_tim.o
 .text.TIM_TI2_ConfigInputStage
                0x0000000008004254       0x5e ./Drivers/STM32F1xx_HAL_Driver/Src/stm32f1xx_hal_tim.o
 .text.TIM_ITRx_SetConfig
                0x00000000080042b2       0x34 ./Drivers/STM32F1xx_HAL_Driver/Src/stm32f1xx_hal_tim.o
 .text.TIM_ETR_SetConfig
                0x00000000080042e6       0x3e ./Drivers/STM32F1xx_HAL_Driver/Src/stm32f1xx_hal_tim.o
                0x00000000080042e6                TIM_ETR_SetConfig
 .text.HAL_TIMEx_MasterConfigSynchronization
                0x0000000008004324       0xbc ./Drivers/STM32F1xx_HAL_Driver/Src/stm32f1xx_hal_tim_ex.o
                0x0000000008004324                HAL_TIMEx_MasterConfigSynchronization
 .text.HAL_TIMEx_CommutCallback
                0x00000000080043e0       0x12 ./Drivers/STM32F1xx_HAL_Driver/Src/stm32f1xx_hal_tim_ex.o
                0x00000000080043e0                HAL_TIMEx_CommutCallback
 .text.HAL_TIMEx_BreakCallback
                0x00000000080043f2       0x12 ./Drivers/STM32F1xx_HAL_Driver/Src/stm32f1xx_hal_tim_ex.o
                0x00000000080043f2                HAL_TIMEx_BreakCallback
 .text.HAL_UART_Init
                0x0000000008004404       0x9a ./Drivers/STM32F1xx_HAL_Driver/Src/stm32f1xx_hal_uart.o
                0x0000000008004404                HAL_UART_Init
 .text.HAL_UART_Transmit
                0x000000000800449e      0x124 ./Drivers/STM32F1xx_HAL_Driver/Src/stm32f1xx_hal_uart.o
                0x000000000800449e                HAL_UART_Transmit
 .text.HAL_UART_Receive_IT
                0x00000000080045c2       0x60 ./Drivers/STM32F1xx_HAL_Driver/Src/stm32f1xx_hal_uart.o
                0x00000000080045c2                HAL_UART_Receive_IT
 *fill*         0x0000000008004622        0x2 
 .text.HAL_UART_IRQHandler
                0x0000000008004624      0x354 ./Drivers/STM32F1xx_HAL_Driver/Src/stm32f1xx_hal_uart.o
                0x0000000008004624                HAL_UART_IRQHandler
 .text.HAL_UART_TxCpltCallback
                0x0000000008004978       0x12 ./Drivers/STM32F1xx_HAL_Driver/Src/stm32f1xx_hal_uart.o
                0x0000000008004978                HAL_UART_TxCpltCallback
 .text.HAL_UART_ErrorCallback
                0x000000000800498a       0x12 ./Drivers/STM32F1xx_HAL_Driver/Src/stm32f1xx_hal_uart.o
                0x000000000800498a                HAL_UART_ErrorCallback
 .text.HAL_UARTEx_RxEventCallback
                0x000000000800499c       0x16 ./Drivers/STM32F1xx_HAL_Driver/Src/stm32f1xx_hal_uart.o
                0x000000000800499c                HAL_UARTEx_RxEventCallback
 .text.UART_WaitOnFlagUntilTimeout
                0x00000000080049b2       0x94 ./Drivers/STM32F1xx_HAL_Driver/Src/stm32f1xx_hal_uart.o
 .text.UART_Start_Receive_IT
                0x0000000008004a46       0x72 ./Drivers/STM32F1xx_HAL_Driver/Src/stm32f1xx_hal_uart.o
                0x0000000008004a46                UART_Start_Receive_IT
 .text.UART_EndRxTransfer
                0x0000000008004ab8       0x58 ./Drivers/STM32F1xx_HAL_Driver/Src/stm32f1xx_hal_uart.o
 .text.UART_DMAAbortOnError
                0x0000000008004b10       0x28 ./Drivers/STM32F1xx_HAL_Driver/Src/stm32f1xx_hal_uart.o
 .text.UART_Transmit_IT
                0x0000000008004b38       0x9e ./Drivers/STM32F1xx_HAL_Driver/Src/stm32f1xx_hal_uart.o
 .text.UART_EndTransmit_IT
                0x0000000008004bd6       0x30 ./Drivers/STM32F1xx_HAL_Driver/Src/stm32f1xx_hal_uart.o
 .text.UART_Receive_IT
                0x0000000008004c06      0x152 ./Drivers/STM32F1xx_HAL_Driver/Src/stm32f1xx_hal_uart.o
 .text.UART_SetConfig
                0x0000000008004d58      0x11c ./Drivers/STM32F1xx_HAL_Driver/Src/stm32f1xx_hal_uart.o
 .text.HAL_GPIO_EXTI_Callback
                0x0000000008004e74       0xd4 ./Libraries/Src/SPI_Connection.o
                0x0000000008004e74                HAL_GPIO_EXTI_Callback
 .text.fillBuffer
                0x0000000008004f48       0x36 ./Libraries/Src/SPI_Connection.o
                0x0000000008004f48                fillBuffer
 *fill*         0x0000000008004f7e        0x2 
 .text.initSPIConnection
                0x0000000008004f80       0x2c ./Libraries/Src/SPI_Connection.o
                0x0000000008004f80                initSPIConnection
 .text.resetSPIConnection
                0x0000000008004fac       0x18 ./Libraries/Src/SPI_Connection.o
                0x0000000008004fac                resetSPIConnection
 .text.initResponseBuffer
                0x0000000008004fc4       0x70 ./Libraries/Src/SPI_Connection.o
                0x0000000008004fc4                initResponseBuffer
 .text.switchBuffer
                0x0000000008005034       0x44 ./Libraries/Src/SPI_Connection.o
                0x0000000008005034                switchBuffer
 .text.HAL_SPI_TxRxCpltCallback
                0x0000000008005078       0x68 ./Libraries/Src/SPI_Connection.o
                0x0000000008005078                HAL_SPI_TxRxCpltCallback
 .text.calculateCRC32
                0x00000000080050e0       0x58 ./Libraries/Src/protocol_parser.o
                0x00000000080050e0                calculateCRC32
 .text.__libc_init_array
                0x0000000008005138       0x48 c:/program files/stmicroelectronics/stm32cubeide_1.12.0/stm32cubeide/plugins/com.st.stm32cube.ide.mcu.externaltools.gnu-tools-for-stm32.10.3-2021.10.win32_1.0.200.202301161003/tools/bin/../lib/gcc/arm-none-eabi/10.3.1/../../../../arm-none-eabi/lib/thumb/v7-m/nofp\libc_nano.a(lib_a-init.o)
                0x0000000008005138                __libc_init_array
 .text.memcpy   0x0000000008005180       0x1c c:/program files/stmicroelectronics/stm32cubeide_1.12.0/stm32cubeide/plugins/com.st.stm32cube.ide.mcu.externaltools.gnu-tools-for-stm32.10.3-2021.10.win32_1.0.200.202301161003/tools/bin/../lib/gcc/arm-none-eabi/10.3.1/../../../../arm-none-eabi/lib/thumb/v7-m/nofp\libc_nano.a(lib_a-memcpy-stub.o)
                0x0000000008005180                memcpy
 .text.memset   0x000000000800519c       0x10 c:/program files/stmicroelectronics/stm32cubeide_1.12.0/stm32cubeide/plugins/com.st.stm32cube.ide.mcu.externaltools.gnu-tools-for-stm32.10.3-2021.10.win32_1.0.200.202301161003/tools/bin/../lib/gcc/arm-none-eabi/10.3.1/../../../../arm-none-eabi/lib/thumb/v7-m/nofp\libc_nano.a(lib_a-memset.o)
                0x000000000800519c                memset
 *(.glue_7)
 .glue_7        0x00000000080051ac        0x0 linker stubs
 *(.glue_7t)
 .glue_7t       0x00000000080051ac        0x0 linker stubs
 *(.eh_frame)
 .eh_frame      0x00000000080051ac        0x0 c:/program files/stmicroelectronics/stm32cubeide_1.12.0/stm32cubeide/plugins/com.st.stm32cube.ide.mcu.externaltools.gnu-tools-for-stm32.10.3-2021.10.win32_1.0.200.202301161003/tools/bin/../lib/gcc/arm-none-eabi/10.3.1/thumb/v7-m/nofp/crtbegin.o
 *(.init)
 .init          0x00000000080051ac        0x4 c:/program files/stmicroelectronics/stm32cubeide_1.12.0/stm32cubeide/plugins/com.st.stm32cube.ide.mcu.externaltools.gnu-tools-for-stm32.10.3-2021.10.win32_1.0.200.202301161003/tools/bin/../lib/gcc/arm-none-eabi/10.3.1/thumb/v7-m/nofp/crti.o
                0x00000000080051ac                _init
 .init          0x00000000080051b0        0x8 c:/program files/stmicroelectronics/stm32cubeide_1.12.0/stm32cubeide/plugins/com.st.stm32cube.ide.mcu.externaltools.gnu-tools-for-stm32.10.3-2021.10.win32_1.0.200.202301161003/tools/bin/../lib/gcc/arm-none-eabi/10.3.1/thumb/v7-m/nofp/crtn.o
 *(.fini)
 .fini          0x00000000080051b8        0x4 c:/program files/stmicroelectronics/stm32cubeide_1.12.0/stm32cubeide/plugins/com.st.stm32cube.ide.mcu.externaltools.gnu-tools-for-stm32.10.3-2021.10.win32_1.0.200.202301161003/tools/bin/../lib/gcc/arm-none-eabi/10.3.1/thumb/v7-m/nofp/crti.o
                0x00000000080051b8                _fini
 .fini          0x00000000080051bc        0x8 c:/program files/stmicroelectronics/stm32cubeide_1.12.0/stm32cubeide/plugins/com.st.stm32cube.ide.mcu.externaltools.gnu-tools-for-stm32.10.3-2021.10.win32_1.0.200.202301161003/tools/bin/../lib/gcc/arm-none-eabi/10.3.1/thumb/v7-m/nofp/crtn.o
                0x00000000080051c4                . = ALIGN (0x4)
                0x00000000080051c4                _etext = .

.vfp11_veneer   0x00000000080051c4        0x0
 .vfp11_veneer  0x00000000080051c4        0x0 linker stubs

.v4_bx          0x00000000080051c4        0x0
 .v4_bx         0x00000000080051c4        0x0 linker stubs

.iplt           0x00000000080051c4        0x0
 .iplt          0x00000000080051c4        0x0 c:/program files/stmicroelectronics/stm32cubeide_1.12.0/stm32cubeide/plugins/com.st.stm32cube.ide.mcu.externaltools.gnu-tools-for-stm32.10.3-2021.10.win32_1.0.200.202301161003/tools/bin/../lib/gcc/arm-none-eabi/10.3.1/thumb/v7-m/nofp/crtbegin.o

.rodata         0x00000000080051c4      0x428
                0x00000000080051c4                . = ALIGN (0x4)
 *(.rodata)
 .rodata        0x00000000080051c4       0x10 ./Drivers/STM32F1xx_HAL_Driver/Src/stm32f1xx_hal_rcc.o
 *(.rodata*)
 .rodata.AHBPrescTable
                0x00000000080051d4       0x10 ./Core/Src/system_stm32f1xx.o
                0x00000000080051d4                AHBPrescTable
 .rodata.APBPrescTable
                0x00000000080051e4        0x8 ./Core/Src/system_stm32f1xx.o
                0x00000000080051e4                APBPrescTable
 .rodata.crc32_table
                0x00000000080051ec      0x400 ./Libraries/Src/protocol_parser.o
                0x00000000080051ec                crc32_table
                0x00000000080055ec                . = ALIGN (0x4)

.rel.dyn        0x00000000080055ec        0x0
 .rel.iplt      0x00000000080055ec        0x0 c:/program files/stmicroelectronics/stm32cubeide_1.12.0/stm32cubeide/plugins/com.st.stm32cube.ide.mcu.externaltools.gnu-tools-for-stm32.10.3-2021.10.win32_1.0.200.202301161003/tools/bin/../lib/gcc/arm-none-eabi/10.3.1/thumb/v7-m/nofp/crtbegin.o

.ARM.extab      0x00000000080055ec        0x0
                0x00000000080055ec                . = ALIGN (0x4)
 *(.ARM.extab* .gnu.linkonce.armextab.*)
                0x00000000080055ec                . = ALIGN (0x4)

.ARM            0x00000000080055ec        0x0
                0x00000000080055ec                . = ALIGN (0x4)
                0x00000000080055ec                __exidx_start = .
 *(.ARM.exidx*)
                0x00000000080055ec                __exidx_end = .
                0x00000000080055ec                . = ALIGN (0x4)

.preinit_array  0x00000000080055ec        0x0
                0x00000000080055ec                . = ALIGN (0x4)
                0x00000000080055ec                PROVIDE (__preinit_array_start = .)
 *(.preinit_array*)
                0x00000000080055ec                PROVIDE (__preinit_array_end = .)
                0x00000000080055ec                . = ALIGN (0x4)

.init_array     0x00000000080055ec        0x4
                0x00000000080055ec                . = ALIGN (0x4)
                0x00000000080055ec                PROVIDE (__init_array_start = .)
 *(SORT_BY_NAME(.init_array.*))
 *(.init_array*)
 .init_array    0x00000000080055ec        0x4 c:/program files/stmicroelectronics/stm32cubeide_1.12.0/stm32cubeide/plugins/com.st.stm32cube.ide.mcu.externaltools.gnu-tools-for-stm32.10.3-2021.10.win32_1.0.200.202301161003/tools/bin/../lib/gcc/arm-none-eabi/10.3.1/thumb/v7-m/nofp/crtbegin.o
                0x00000000080055f0                PROVIDE (__init_array_end = .)
                0x00000000080055f0                . = ALIGN (0x4)

.fini_array     0x00000000080055f0        0x4
                0x00000000080055f0                . = ALIGN (0x4)
                [!provide]                        PROVIDE (__fini_array_start = .)
 *(SORT_BY_NAME(.fini_array.*))
 *(.fini_array*)
 .fini_array    0x00000000080055f0        0x4 c:/program files/stmicroelectronics/stm32cubeide_1.12.0/stm32cubeide/plugins/com.st.stm32cube.ide.mcu.externaltools.gnu-tools-for-stm32.10.3-2021.10.win32_1.0.200.202301161003/tools/bin/../lib/gcc/arm-none-eabi/10.3.1/thumb/v7-m/nofp/crtbegin.o
                [!provide]                        PROVIDE (__fini_array_end = .)
                0x00000000080055f4                . = ALIGN (0x4)
                0x00000000080055f4                _sidata = LOADADDR (.data)

.data           0x0000000020000000        0xc load address 0x00000000080055f4
                0x0000000020000000                . = ALIGN (0x4)
                0x0000000020000000                _sdata = .
 *(.data)
 *(.data*)
 .data.SystemCoreClock
                0x0000000020000000        0x4 ./Core/Src/system_stm32f1xx.o
                0x0000000020000000                SystemCoreClock
 .data.uwTickPrio
                0x0000000020000004        0x4 ./Drivers/STM32F1xx_HAL_Driver/Src/stm32f1xx_hal.o
                0x0000000020000004                uwTickPrio
 .data.uwTickFreq
                0x0000000020000008        0x1 ./Drivers/STM32F1xx_HAL_Driver/Src/stm32f1xx_hal.o
                0x0000000020000008                uwTickFreq
 *(.RamFunc)
 *(.RamFunc*)
                0x000000002000000c                . = ALIGN (0x4)
 *fill*         0x0000000020000009        0x3 
                0x000000002000000c                _edata = .

.igot.plt       0x000000002000000c        0x0 load address 0x0000000008005600
 .igot.plt      0x000000002000000c        0x0 c:/program files/stmicroelectronics/stm32cubeide_1.12.0/stm32cubeide/plugins/com.st.stm32cube.ide.mcu.externaltools.gnu-tools-for-stm32.10.3-2021.10.win32_1.0.200.202301161003/tools/bin/../lib/gcc/arm-none-eabi/10.3.1/thumb/v7-m/nofp/crtbegin.o
                0x000000002000000c                . = ALIGN (0x4)

.bss            0x000000002000000c      0x79c load address 0x0000000008005600
                0x000000002000000c                _sbss = .
                0x000000002000000c                __bss_start__ = _sbss
 *(.bss)
 .bss           0x000000002000000c       0x1c c:/program files/stmicroelectronics/stm32cubeide_1.12.0/stm32cubeide/plugins/com.st.stm32cube.ide.mcu.externaltools.gnu-tools-for-stm32.10.3-2021.10.win32_1.0.200.202301161003/tools/bin/../lib/gcc/arm-none-eabi/10.3.1/thumb/v7-m/nofp/crtbegin.o
 *(.bss*)
 .bss.measurement_works
                0x0000000020000028        0x1 ./Core/Src/exp_measurement.o
                0x0000000020000028                measurement_works
 *fill*         0x0000000020000029        0x3 
 .bss.measurement_time
                0x000000002000002c        0x4 ./Core/Src/exp_measurement.o
                0x000000002000002c                measurement_time
 .bss.uart1_rx_buf
                0x0000000020000030        0x2 ./Core/Src/exp_protocol.o
                0x0000000020000030                uart1_rx_buf
 *fill*         0x0000000020000032        0x2 
 .bss.uart1_rx_safe_buf
                0x0000000020000034        0x2 ./Core/Src/exp_protocol.o
                0x0000000020000034                uart1_rx_safe_buf
 *fill*         0x0000000020000036        0x2 
 .bss.uart1_tx_buf
                0x0000000020000038        0x9 ./Core/Src/exp_protocol.o
                0x0000000020000038                uart1_tx_buf
 .bss.uart1_rx_complete
                0x0000000020000041        0x1 ./Core/Src/exp_protocol.o
                0x0000000020000041                uart1_rx_complete
 *fill*         0x0000000020000042        0x2 
 .bss.ECG_raw   0x0000000020000044        0x6 ./Core/Src/main.o
                0x0000000020000044                ECG_raw
 *fill*         0x000000002000004a        0x2 
 .bss.ECG_raw_safe
                0x000000002000004c        0x6 ./Core/Src/main.o
                0x000000002000004c                ECG_raw_safe
 *fill*         0x0000000020000052        0x2 
 .bss.hspi1     0x0000000020000054       0x58 ./Core/Src/main.o
                0x0000000020000054                hspi1
 .bss.hspi2     0x00000000200000ac       0x58 ./Core/Src/main.o
                0x00000000200000ac                hspi2
 .bss.htim1     0x0000000020000104       0x48 ./Core/Src/main.o
                0x0000000020000104                htim1
 .bss.htim2     0x000000002000014c       0x48 ./Core/Src/main.o
                0x000000002000014c                htim2
 .bss.htim3     0x0000000020000194       0x48 ./Core/Src/main.o
                0x0000000020000194                htim3
 .bss.htim4     0x00000000200001dc       0x48 ./Core/Src/main.o
                0x00000000200001dc                htim4
 .bss.huart1    0x0000000020000224       0x44 ./Core/Src/main.o
                0x0000000020000224                huart1
 .bss.TIM3_Trig
                0x0000000020000268        0x1 ./Core/Src/main.o
                0x0000000020000268                TIM3_Trig
 .bss.need_to_send
                0x0000000020000269        0x1 ./Core/Src/main.o
                0x0000000020000269                need_to_send
 *fill*         0x000000002000026a        0x2 
 .bss.uwTick    0x000000002000026c        0x4 ./Drivers/STM32F1xx_HAL_Driver/Src/stm32f1xx_hal.o
                0x000000002000026c                uwTick
 .bss.spi_rx_complete
                0x0000000020000270        0x1 ./Libraries/Src/SPI_Connection.o
                0x0000000020000270                spi_rx_complete
 .bss.response_ready
                0x0000000020000271        0x1 ./Libraries/Src/SPI_Connection.o
                0x0000000020000271                response_ready
 .bss.spi_state
                0x0000000020000272        0x1 ./Libraries/Src/SPI_Connection.o
                0x0000000020000272                spi_state
 *fill*         0x0000000020000273        0x1 
 .bss.response_frame
                0x0000000020000274      0x108 ./Libraries/Src/SPI_Connection.o
                0x0000000020000274                response_frame
 .bss.safe_command_frame
                0x000000002000037c      0x108 ./Libraries/Src/SPI_Connection.o
                0x000000002000037c                safe_command_frame
 .bss.dummy_frame
                0x0000000020000484      0x108 ./Libraries/Src/SPI_Connection.o
                0x0000000020000484                dummy_frame
 .bss.trash_frame
                0x000000002000058c      0x108 ./Libraries/Src/SPI_Connection.o
                0x000000002000058c                trash_frame
 .bss.spi_tx_ptr
                0x0000000020000694        0x4 ./Libraries/Src/SPI_Connection.o
                0x0000000020000694                spi_tx_ptr
 .bss.spi_rx_ptr
                0x0000000020000698        0x4 ./Libraries/Src/SPI_Connection.o
                0x0000000020000698                spi_rx_ptr
 .bss.new_response_frame
                0x000000002000069c        0x4 ./Libraries/Src/SPI_Connection.o
                0x000000002000069c                new_response_frame
 .bss.wait_response_frame
                0x00000000200006a0      0x108 ./Libraries/Src/SPI_Connection.o
                0x00000000200006a0                wait_response_frame
 *(COMMON)
                0x00000000200007a8                . = ALIGN (0x4)
                0x00000000200007a8                _ebss = .
                0x00000000200007a8                __bss_end__ = _ebss

._user_heap_stack
                0x00000000200007a8      0x600 load address 0x0000000008005600
                0x00000000200007a8                . = ALIGN (0x8)
                [!provide]                        PROVIDE (end = .)
                0x00000000200007a8                PROVIDE (_end = .)
                0x00000000200009a8                . = (. + _Min_Heap_Size)
 *fill*         0x00000000200007a8      0x200 
                0x0000000020000da8                . = (. + _Min_Stack_Size)
 *fill*         0x00000000200009a8      0x400 
                0x0000000020000da8                . = ALIGN (0x8)

/DISCARD/
 libc.a(*)
 libm.a(*)
 libgcc.a(*)

.ARM.attributes
                0x0000000000000000       0x29
 *(.ARM.attributes)
 .ARM.attributes
                0x0000000000000000       0x1d c:/program files/stmicroelectronics/stm32cubeide_1.12.0/stm32cubeide/plugins/com.st.stm32cube.ide.mcu.externaltools.gnu-tools-for-stm32.10.3-2021.10.win32_1.0.200.202301161003/tools/bin/../lib/gcc/arm-none-eabi/10.3.1/thumb/v7-m/nofp/crti.o
 .ARM.attributes
                0x000000000000001d       0x2d c:/program files/stmicroelectronics/stm32cubeide_1.12.0/stm32cubeide/plugins/com.st.stm32cube.ide.mcu.externaltools.gnu-tools-for-stm32.10.3-2021.10.win32_1.0.200.202301161003/tools/bin/../lib/gcc/arm-none-eabi/10.3.1/thumb/v7-m/nofp/crtbegin.o
 .ARM.attributes
                0x000000000000004a       0x2d ./Core/Src/exp_measurement.o
 .ARM.attributes
                0x0000000000000077       0x2d ./Core/Src/exp_protocol.o
 .ARM.attributes
                0x00000000000000a4       0x2d ./Core/Src/main.o
 .ARM.attributes
                0x00000000000000d1       0x2d ./Core/Src/stm32f1xx_hal_msp.o
 .ARM.attributes
                0x00000000000000fe       0x2d ./Core/Src/stm32f1xx_it.o
 .ARM.attributes
                0x000000000000012b       0x2d ./Core/Src/system_stm32f1xx.o
 .ARM.attributes
                0x0000000000000158       0x21 ./Core/Startup/startup_stm32f103cbtx.o
 .ARM.attributes
                0x0000000000000179       0x2d ./Drivers/ADS1293/ADS1293.o
 .ARM.attributes
                0x00000000000001a6       0x2d ./Drivers/STM32F1xx_HAL_Driver/Src/stm32f1xx_hal.o
 .ARM.attributes
                0x00000000000001d3       0x2d ./Drivers/STM32F1xx_HAL_Driver/Src/stm32f1xx_hal_cortex.o
 .ARM.attributes
                0x0000000000000200       0x2d ./Drivers/STM32F1xx_HAL_Driver/Src/stm32f1xx_hal_dma.o
 .ARM.attributes
                0x000000000000022d       0x2d ./Drivers/STM32F1xx_HAL_Driver/Src/stm32f1xx_hal_gpio.o
 .ARM.attributes
                0x000000000000025a       0x2d ./Drivers/STM32F1xx_HAL_Driver/Src/stm32f1xx_hal_rcc.o
 .ARM.attributes
                0x0000000000000287       0x2d ./Drivers/STM32F1xx_HAL_Driver/Src/stm32f1xx_hal_spi.o
 .ARM.attributes
                0x00000000000002b4       0x2d ./Drivers/STM32F1xx_HAL_Driver/Src/stm32f1xx_hal_tim.o
 .ARM.attributes
                0x00000000000002e1       0x2d ./Drivers/STM32F1xx_HAL_Driver/Src/stm32f1xx_hal_tim_ex.o
 .ARM.attributes
                0x000000000000030e       0x2d ./Drivers/STM32F1xx_HAL_Driver/Src/stm32f1xx_hal_uart.o
 .ARM.attributes
                0x000000000000033b       0x2d ./Libraries/Src/SPI_Connection.o
 .ARM.attributes
                0x0000000000000368       0x2d ./Libraries/Src/protocol_parser.o
 .ARM.attributes
                0x0000000000000395       0x2d c:/program files/stmicroelectronics/stm32cubeide_1.12.0/stm32cubeide/plugins/com.st.stm32cube.ide.mcu.externaltools.gnu-tools-for-stm32.10.3-2021.10.win32_1.0.200.202301161003/tools/bin/../lib/gcc/arm-none-eabi/10.3.1/../../../../arm-none-eabi/lib/thumb/v7-m/nofp\libc_nano.a(lib_a-init.o)
 .ARM.attributes
                0x00000000000003c2       0x2d c:/program files/stmicroelectronics/stm32cubeide_1.12.0/stm32cubeide/plugins/com.st.stm32cube.ide.mcu.externaltools.gnu-tools-for-stm32.10.3-2021.10.win32_1.0.200.202301161003/tools/bin/../lib/gcc/arm-none-eabi/10.3.1/../../../../arm-none-eabi/lib/thumb/v7-m/nofp\libc_nano.a(lib_a-memcpy-stub.o)
 .ARM.attributes
                0x00000000000003ef       0x2d c:/program files/stmicroelectronics/stm32cubeide_1.12.0/stm32cubeide/plugins/com.st.stm32cube.ide.mcu.externaltools.gnu-tools-for-stm32.10.3-2021.10.win32_1.0.200.202301161003/tools/bin/../lib/gcc/arm-none-eabi/10.3.1/../../../../arm-none-eabi/lib/thumb/v7-m/nofp\libc_nano.a(lib_a-memset.o)
 .ARM.attributes
                0x000000000000041c       0x1d c:/program files/stmicroelectronics/stm32cubeide_1.12.0/stm32cubeide/plugins/com.st.stm32cube.ide.mcu.externaltools.gnu-tools-for-stm32.10.3-2021.10.win32_1.0.200.202301161003/tools/bin/../lib/gcc/arm-none-eabi/10.3.1/thumb/v7-m/nofp/crtn.o
OUTPUT(ECG_sensor.elf elf32-littlearm)
LOAD linker stubs
LOAD c:/program files/stmicroelectronics/stm32cubeide_1.12.0/stm32cubeide/plugins/com.st.stm32cube.ide.mcu.externaltools.gnu-tools-for-stm32.10.3-2021.10.win32_1.0.200.202301161003/tools/bin/../lib/gcc/arm-none-eabi/10.3.1/../../../../arm-none-eabi/lib/thumb/v7-m/nofp\libc.a
LOAD c:/program files/stmicroelectronics/stm32cubeide_1.12.0/stm32cubeide/plugins/com.st.stm32cube.ide.mcu.externaltools.gnu-tools-for-stm32.10.3-2021.10.win32_1.0.200.202301161003/tools/bin/../lib/gcc/arm-none-eabi/10.3.1/../../../../arm-none-eabi/lib/thumb/v7-m/nofp\libm.a
LOAD c:/program files/stmicroelectronics/stm32cubeide_1.12.0/stm32cubeide/plugins/com.st.stm32cube.ide.mcu.externaltools.gnu-tools-for-stm32.10.3-2021.10.win32_1.0.200.202301161003/tools/bin/../lib/gcc/arm-none-eabi/10.3.1/thumb/v7-m/nofp\libgcc.a

.debug_info     0x0000000000000000     0xfb42
 .debug_info    0x0000000000000000      0x7df ./Core/Src/exp_measurement.o
 .debug_info    0x00000000000007df      0x7c5 ./Core/Src/exp_protocol.o
 .debug_info    0x0000000000000fa4     0x187f ./Core/Src/main.o
 .debug_info    0x0000000000002823     0x11ea ./Core/Src/stm32f1xx_hal_msp.o
 .debug_info    0x0000000000003a0d      0xcf4 ./Core/Src/stm32f1xx_it.o
 .debug_info    0x0000000000004701      0x23d ./Core/Src/system_stm32f1xx.o
 .debug_info    0x000000000000493e       0x22 ./Core/Startup/startup_stm32f103cbtx.o
 .debug_info    0x0000000000004960      0x7a2 ./Drivers/ADS1293/ADS1293.o
 .debug_info    0x0000000000005102      0x734 ./Drivers/STM32F1xx_HAL_Driver/Src/stm32f1xx_hal.o
 .debug_info    0x0000000000005836      0xb20 ./Drivers/STM32F1xx_HAL_Driver/Src/stm32f1xx_hal_cortex.o
 .debug_info    0x0000000000006356      0x73f ./Drivers/STM32F1xx_HAL_Driver/Src/stm32f1xx_hal_dma.o
 .debug_info    0x0000000000006a95      0x615 ./Drivers/STM32F1xx_HAL_Driver/Src/stm32f1xx_hal_gpio.o
 .debug_info    0x00000000000070aa      0x860 ./Drivers/STM32F1xx_HAL_Driver/Src/stm32f1xx_hal_rcc.o
 .debug_info    0x000000000000790a     0x1658 ./Drivers/STM32F1xx_HAL_Driver/Src/stm32f1xx_hal_spi.o
 .debug_info    0x0000000000008f62     0x29de ./Drivers/STM32F1xx_HAL_Driver/Src/stm32f1xx_hal_tim.o
 .debug_info    0x000000000000b940     0x1513 ./Drivers/STM32F1xx_HAL_Driver/Src/stm32f1xx_hal_tim_ex.o
 .debug_info    0x000000000000ce53     0x15d8 ./Drivers/STM32F1xx_HAL_Driver/Src/stm32f1xx_hal_uart.o
 .debug_info    0x000000000000e42b      0x974 ./Libraries/Src/SPI_Connection.o
 .debug_info    0x000000000000ed9f      0xda3 ./Libraries/Src/protocol_parser.o

.debug_abbrev   0x0000000000000000     0x290c
 .debug_abbrev  0x0000000000000000      0x1de ./Core/Src/exp_measurement.o
 .debug_abbrev  0x00000000000001de      0x1e6 ./Core/Src/exp_protocol.o
 .debug_abbrev  0x00000000000003c4      0x34a ./Core/Src/main.o
 .debug_abbrev  0x000000000000070e      0x203 ./Core/Src/stm32f1xx_hal_msp.o
 .debug_abbrev  0x0000000000000911      0x1d7 ./Core/Src/stm32f1xx_it.o
 .debug_abbrev  0x0000000000000ae8      0x13b ./Core/Src/system_stm32f1xx.o
 .debug_abbrev  0x0000000000000c23       0x12 ./Core/Startup/startup_stm32f103cbtx.o
 .debug_abbrev  0x0000000000000c35      0x1d9 ./Drivers/ADS1293/ADS1293.o
 .debug_abbrev  0x0000000000000e0e      0x1fb ./Drivers/STM32F1xx_HAL_Driver/Src/stm32f1xx_hal.o
 .debug_abbrev  0x0000000000001009      0x2ed ./Drivers/STM32F1xx_HAL_Driver/Src/stm32f1xx_hal_cortex.o
 .debug_abbrev  0x00000000000012f6      0x1fe ./Drivers/STM32F1xx_HAL_Driver/Src/stm32f1xx_hal_dma.o
 .debug_abbrev  0x00000000000014f4      0x1bb ./Drivers/STM32F1xx_HAL_Driver/Src/stm32f1xx_hal_gpio.o
 .debug_abbrev  0x00000000000016af      0x2a8 ./Drivers/STM32F1xx_HAL_Driver/Src/stm32f1xx_hal_rcc.o
 .debug_abbrev  0x0000000000001957      0x26e ./Drivers/STM32F1xx_HAL_Driver/Src/stm32f1xx_hal_spi.o
 .debug_abbrev  0x0000000000001bc5      0x25d ./Drivers/STM32F1xx_HAL_Driver/Src/stm32f1xx_hal_tim.o
 .debug_abbrev  0x0000000000001e22      0x265 ./Drivers/STM32F1xx_HAL_Driver/Src/stm32f1xx_hal_tim_ex.o
 .debug_abbrev  0x0000000000002087      0x278 ./Drivers/STM32F1xx_HAL_Driver/Src/stm32f1xx_hal_uart.o
 .debug_abbrev  0x00000000000022ff      0x267 ./Libraries/Src/SPI_Connection.o
 .debug_abbrev  0x0000000000002566      0x3a6 ./Libraries/Src/protocol_parser.o

.debug_aranges  0x0000000000000000      0xfb0
 .debug_aranges
                0x0000000000000000       0x40 ./Core/Src/exp_measurement.o
 .debug_aranges
                0x0000000000000040       0x38 ./Core/Src/exp_protocol.o
 .debug_aranges
                0x0000000000000078       0x90 ./Core/Src/main.o
 .debug_aranges
                0x0000000000000108       0x58 ./Core/Src/stm32f1xx_hal_msp.o
 .debug_aranges
                0x0000000000000160       0x98 ./Core/Src/stm32f1xx_it.o
 .debug_aranges
                0x00000000000001f8       0x28 ./Core/Src/system_stm32f1xx.o
 .debug_aranges
                0x0000000000000220       0x28 ./Core/Startup/startup_stm32f103cbtx.o
 .debug_aranges
                0x0000000000000248       0x30 ./Drivers/ADS1293/ADS1293.o
 .debug_aranges
                0x0000000000000278       0xe0 ./Drivers/STM32F1xx_HAL_Driver/Src/stm32f1xx_hal.o
 .debug_aranges
                0x0000000000000358      0x100 ./Drivers/STM32F1xx_HAL_Driver/Src/stm32f1xx_hal_cortex.o
 .debug_aranges
                0x0000000000000458       0x80 ./Drivers/STM32F1xx_HAL_Driver/Src/stm32f1xx_hal_dma.o
 .debug_aranges
                0x00000000000004d8       0x58 ./Drivers/STM32F1xx_HAL_Driver/Src/stm32f1xx_hal_gpio.o
 .debug_aranges
                0x0000000000000530       0x90 ./Drivers/STM32F1xx_HAL_Driver/Src/stm32f1xx_hal_rcc.o
 .debug_aranges
                0x00000000000005c0      0x1d0 ./Drivers/STM32F1xx_HAL_Driver/Src/stm32f1xx_hal_spi.o
 .debug_aranges
                0x0000000000000790      0x3d0 ./Drivers/STM32F1xx_HAL_Driver/Src/stm32f1xx_hal_tim.o
 .debug_aranges
                0x0000000000000b60      0x168 ./Drivers/STM32F1xx_HAL_Driver/Src/stm32f1xx_hal_tim_ex.o
 .debug_aranges
                0x0000000000000cc8      0x200 ./Drivers/STM32F1xx_HAL_Driver/Src/stm32f1xx_hal_uart.o
 .debug_aranges
                0x0000000000000ec8       0x50 ./Libraries/Src/SPI_Connection.o
 .debug_aranges
                0x0000000000000f18       0x98 ./Libraries/Src/protocol_parser.o

.debug_ranges   0x0000000000000000      0xeb8
 .debug_ranges  0x0000000000000000       0x30 ./Core/Src/exp_measurement.o
 .debug_ranges  0x0000000000000030       0x28 ./Core/Src/exp_protocol.o
 .debug_ranges  0x0000000000000058       0x80 ./Core/Src/main.o
 .debug_ranges  0x00000000000000d8       0x48 ./Core/Src/stm32f1xx_hal_msp.o
 .debug_ranges  0x0000000000000120       0x88 ./Core/Src/stm32f1xx_it.o
 .debug_ranges  0x00000000000001a8       0x18 ./Core/Src/system_stm32f1xx.o
 .debug_ranges  0x00000000000001c0       0x20 ./Core/Startup/startup_stm32f103cbtx.o
 .debug_ranges  0x00000000000001e0       0x20 ./Drivers/ADS1293/ADS1293.o
 .debug_ranges  0x0000000000000200       0xd0 ./Drivers/STM32F1xx_HAL_Driver/Src/stm32f1xx_hal.o
 .debug_ranges  0x00000000000002d0       0xf0 ./Drivers/STM32F1xx_HAL_Driver/Src/stm32f1xx_hal_cortex.o
 .debug_ranges  0x00000000000003c0       0x70 ./Drivers/STM32F1xx_HAL_Driver/Src/stm32f1xx_hal_dma.o
 .debug_ranges  0x0000000000000430       0x48 ./Drivers/STM32F1xx_HAL_Driver/Src/stm32f1xx_hal_gpio.o
 .debug_ranges  0x0000000000000478       0x80 ./Drivers/STM32F1xx_HAL_Driver/Src/stm32f1xx_hal_rcc.o
 .debug_ranges  0x00000000000004f8      0x1c0 ./Drivers/STM32F1xx_HAL_Driver/Src/stm32f1xx_hal_spi.o
 .debug_ranges  0x00000000000006b8      0x3c0 ./Drivers/STM32F1xx_HAL_Driver/Src/stm32f1xx_hal_tim.o
 .debug_ranges  0x0000000000000a78      0x158 ./Drivers/STM32F1xx_HAL_Driver/Src/stm32f1xx_hal_tim_ex.o
 .debug_ranges  0x0000000000000bd0      0x220 ./Drivers/STM32F1xx_HAL_Driver/Src/stm32f1xx_hal_uart.o
 .debug_ranges  0x0000000000000df0       0x40 ./Libraries/Src/SPI_Connection.o
 .debug_ranges  0x0000000000000e30       0x88 ./Libraries/Src/protocol_parser.o

.debug_macro    0x0000000000000000    0x19066
 .debug_macro   0x0000000000000000      0x1c5 ./Core/Src/exp_measurement.o
 .debug_macro   0x00000000000001c5      0xa6c ./Core/Src/exp_measurement.o
 .debug_macro   0x0000000000000c31       0x1c ./Core/Src/exp_measurement.o
 .debug_macro   0x0000000000000c4d      0x221 ./Core/Src/exp_measurement.o
 .debug_macro   0x0000000000000e6e       0x2e ./Core/Src/exp_measurement.o
 .debug_macro   0x0000000000000e9c       0x22 ./Core/Src/exp_measurement.o
 .debug_macro   0x0000000000000ebe       0x22 ./Core/Src/exp_measurement.o
 .debug_macro   0x0000000000000ee0       0x8e ./Core/Src/exp_measurement.o
 .debug_macro   0x0000000000000f6e       0x51 ./Core/Src/exp_measurement.o
 .debug_macro   0x0000000000000fbf      0x103 ./Core/Src/exp_measurement.o
 .debug_macro   0x00000000000010c2       0x6a ./Core/Src/exp_measurement.o
 .debug_macro   0x000000000000112c      0x1df ./Core/Src/exp_measurement.o
 .debug_macro   0x000000000000130b       0x1c ./Core/Src/exp_measurement.o
 .debug_macro   0x0000000000001327       0x22 ./Core/Src/exp_measurement.o
 .debug_macro   0x0000000000001349       0xbd ./Core/Src/exp_measurement.o
 .debug_macro   0x0000000000001406      0xd23 ./Core/Src/exp_measurement.o
 .debug_macro   0x0000000000002129     0xe09e ./Core/Src/exp_measurement.o
 .debug_macro   0x00000000000101c7       0x6d ./Core/Src/exp_measurement.o
 .debug_macro   0x0000000000010234     0x3468 ./Core/Src/exp_measurement.o
 .debug_macro   0x000000000001369c      0x174 ./Core/Src/exp_measurement.o
 .debug_macro   0x0000000000013810       0x5c ./Core/Src/exp_measurement.o
 .debug_macro   0x000000000001386c      0x5be ./Core/Src/exp_measurement.o
 .debug_macro   0x0000000000013e2a      0x289 ./Core/Src/exp_measurement.o
 .debug_macro   0x00000000000140b3      0x1cb ./Core/Src/exp_measurement.o
 .debug_macro   0x000000000001427e      0x114 ./Core/Src/exp_measurement.o
 .debug_macro   0x0000000000014392      0x1b2 ./Core/Src/exp_measurement.o
 .debug_macro   0x0000000000014544       0x27 ./Core/Src/exp_measurement.o
 .debug_macro   0x000000000001456b      0x136 ./Core/Src/exp_measurement.o
 .debug_macro   0x00000000000146a1      0x1bc ./Core/Src/exp_measurement.o
 .debug_macro   0x000000000001485d       0x34 ./Core/Src/exp_measurement.o
 .debug_macro   0x0000000000014891       0x3c ./Core/Src/exp_measurement.o
 .debug_macro   0x00000000000148cd       0x57 ./Core/Src/exp_measurement.o
 .debug_macro   0x0000000000014924       0x88 ./Core/Src/exp_measurement.o
 .debug_macro   0x00000000000149ac      0x241 ./Core/Src/exp_measurement.o
 .debug_macro   0x0000000000014bed      0x141 ./Core/Src/exp_measurement.o
 .debug_macro   0x0000000000014d2e      0x217 ./Core/Src/exp_measurement.o
 .debug_macro   0x0000000000014f45      0x8d1 ./Core/Src/exp_measurement.o
 .debug_macro   0x0000000000015816      0x279 ./Core/Src/exp_measurement.o
 .debug_macro   0x0000000000015a8f       0x83 ./Core/Src/exp_measurement.o
 .debug_macro   0x0000000000015b12       0x22 ./Core/Src/exp_measurement.o
 .debug_macro   0x0000000000015b34      0x2ac ./Core/Src/exp_protocol.o
 .debug_macro   0x0000000000015de0       0x64 ./Core/Src/exp_protocol.o
 .debug_macro   0x0000000000015e44       0x52 ./Core/Src/exp_protocol.o
 .debug_macro   0x0000000000015e96       0x18 ./Core/Src/exp_protocol.o
 .debug_macro   0x0000000000015eae       0x3c ./Core/Src/exp_protocol.o
 .debug_macro   0x0000000000015eea       0x34 ./Core/Src/exp_protocol.o
 .debug_macro   0x0000000000015f1e       0x16 ./Core/Src/exp_protocol.o
 .debug_macro   0x0000000000015f34       0x43 ./Core/Src/exp_protocol.o
 .debug_macro   0x0000000000015f77       0x34 ./Core/Src/exp_protocol.o
 .debug_macro   0x0000000000015fab       0x10 ./Core/Src/exp_protocol.o
 .debug_macro   0x0000000000015fbb       0x58 ./Core/Src/exp_protocol.o
 .debug_macro   0x0000000000016013       0x71 ./Core/Src/exp_protocol.o
 .debug_macro   0x0000000000016084       0x1c ./Core/Src/exp_protocol.o
 .debug_macro   0x00000000000160a0      0x12a ./Core/Src/exp_protocol.o
 .debug_macro   0x00000000000161ca      0x341 ./Core/Src/exp_protocol.o
 .debug_macro   0x000000000001650b       0x10 ./Core/Src/exp_protocol.o
 .debug_macro   0x000000000001651b       0x35 ./Core/Src/exp_protocol.o
 .debug_macro   0x0000000000016550       0x20 ./Core/Src/exp_protocol.o
 .debug_macro   0x0000000000016570      0x3ab ./Core/Src/main.o
 .debug_macro   0x000000000001691b       0x16 ./Core/Src/main.o
 .debug_macro   0x0000000000016931       0x10 ./Core/Src/main.o
 .debug_macro   0x0000000000016941       0x10 ./Core/Src/main.o
 .debug_macro   0x0000000000016951       0x1c ./Core/Src/main.o
 .debug_macro   0x000000000001696d       0x52 ./Core/Src/main.o
 .debug_macro   0x00000000000169bf       0x22 ./Core/Src/main.o
 .debug_macro   0x00000000000169e1       0x10 ./Core/Src/main.o
 .debug_macro   0x00000000000169f1       0x52 ./Core/Src/main.o
 .debug_macro   0x0000000000016a43       0xd5 ./Core/Src/main.o
 .debug_macro   0x0000000000016b18       0x1c ./Core/Src/main.o
 .debug_macro   0x0000000000016b34       0x3d ./Core/Src/main.o
 .debug_macro   0x0000000000016b71       0x16 ./Core/Src/main.o
 .debug_macro   0x0000000000016b87      0x145 ./Core/Src/main.o
 .debug_macro   0x0000000000016ccc       0x16 ./Core/Src/main.o
 .debug_macro   0x0000000000016ce2       0x1c ./Core/Src/main.o
 .debug_macro   0x0000000000016cfe      0x1c5 ./Core/Src/stm32f1xx_hal_msp.o
 .debug_macro   0x0000000000016ec3      0x36c ./Core/Src/stm32f1xx_it.o
 .debug_macro   0x000000000001722f      0x1ad ./Core/Src/system_stm32f1xx.o
 .debug_macro   0x00000000000173dc      0x32c ./Drivers/ADS1293/ADS1293.o
 .debug_macro   0x0000000000017708       0x97 ./Drivers/ADS1293/ADS1293.o
 .debug_macro   0x000000000001779f       0xfd ./Drivers/ADS1293/ADS1293.o
 .debug_macro   0x000000000001789c       0x56 ./Drivers/ADS1293/ADS1293.o
 .debug_macro   0x00000000000178f2      0x1d1 ./Drivers/STM32F1xx_HAL_Driver/Src/stm32f1xx_hal.o
 .debug_macro   0x0000000000017ac3      0x1ad ./Drivers/STM32F1xx_HAL_Driver/Src/stm32f1xx_hal_cortex.o
 .debug_macro   0x0000000000017c70      0x1ad ./Drivers/STM32F1xx_HAL_Driver/Src/stm32f1xx_hal_dma.o
 .debug_macro   0x0000000000017e1d      0x218 ./Drivers/STM32F1xx_HAL_Driver/Src/stm32f1xx_hal_gpio.o
 .debug_macro   0x0000000000018035      0x1bf ./Drivers/STM32F1xx_HAL_Driver/Src/stm32f1xx_hal_rcc.o
 .debug_macro   0x00000000000181f4      0x1b5 ./Drivers/STM32F1xx_HAL_Driver/Src/stm32f1xx_hal_spi.o
 .debug_macro   0x00000000000183a9      0x1ae ./Drivers/STM32F1xx_HAL_Driver/Src/stm32f1xx_hal_tim.o
 .debug_macro   0x0000000000018557      0x1ad ./Drivers/STM32F1xx_HAL_Driver/Src/stm32f1xx_hal_tim_ex.o
 .debug_macro   0x0000000000018704      0x1ae ./Drivers/STM32F1xx_HAL_Driver/Src/stm32f1xx_hal_uart.o
 .debug_macro   0x00000000000188b2      0x37a ./Libraries/Src/SPI_Connection.o
 .debug_macro   0x0000000000018c2c       0x16 ./Libraries/Src/SPI_Connection.o
 .debug_macro   0x0000000000018c42       0x70 ./Libraries/Src/SPI_Connection.o
 .debug_macro   0x0000000000018cb2      0x3b4 ./Libraries/Src/protocol_parser.o

.debug_line     0x0000000000000000    0x12cce
 .debug_line    0x0000000000000000      0x847 ./Core/Src/exp_measurement.o
 .debug_line    0x0000000000000847      0xa88 ./Core/Src/exp_protocol.o
 .debug_line    0x00000000000012cf      0xfdb ./Core/Src/main.o
 .debug_line    0x00000000000022aa      0x96c ./Core/Src/stm32f1xx_hal_msp.o
 .debug_line    0x0000000000002c16      0xc67 ./Core/Src/stm32f1xx_it.o
 .debug_line    0x000000000000387d      0x817 ./Core/Src/system_stm32f1xx.o
 .debug_line    0x0000000000004094       0x87 ./Core/Startup/startup_stm32f103cbtx.o
 .debug_line    0x000000000000411b      0xada ./Drivers/ADS1293/ADS1293.o
 .debug_line    0x0000000000004bf5      0xa44 ./Drivers/STM32F1xx_HAL_Driver/Src/stm32f1xx_hal.o
 .debug_line    0x0000000000005639      0xc2c ./Drivers/STM32F1xx_HAL_Driver/Src/stm32f1xx_hal_cortex.o
 .debug_line    0x0000000000006265      0xe9c ./Drivers/STM32F1xx_HAL_Driver/Src/stm32f1xx_hal_dma.o
 .debug_line    0x0000000000007101      0xadb ./Drivers/STM32F1xx_HAL_Driver/Src/stm32f1xx_hal_gpio.o
 .debug_line    0x0000000000007bdc      0xe52 ./Drivers/STM32F1xx_HAL_Driver/Src/stm32f1xx_hal_rcc.o
 .debug_line    0x0000000000008a2e     0x1cc9 ./Drivers/STM32F1xx_HAL_Driver/Src/stm32f1xx_hal_spi.o
 .debug_line    0x000000000000a6f7     0x33fa ./Drivers/STM32F1xx_HAL_Driver/Src/stm32f1xx_hal_tim.o
 .debug_line    0x000000000000daf1     0x196c ./Drivers/STM32F1xx_HAL_Driver/Src/stm32f1xx_hal_tim_ex.o
 .debug_line    0x000000000000f45d     0x1b1f ./Drivers/STM32F1xx_HAL_Driver/Src/stm32f1xx_hal_uart.o
 .debug_line    0x0000000000010f7c      0xc61 ./Libraries/Src/SPI_Connection.o
 .debug_line    0x0000000000011bdd     0x10f1 ./Libraries/Src/protocol_parser.o

.debug_str      0x0000000000000000    0x8c953
 .debug_str     0x0000000000000000    0x84998 ./Core/Src/exp_measurement.o
                                      0x84d8b (size before relaxing)
 .debug_str     0x0000000000084998     0x32ad ./Core/Src/exp_protocol.o
                                      0x87cc7 (size before relaxing)
 .debug_str     0x0000000000087c45     0x1a7a ./Core/Src/main.o
                                      0x89997 (size before relaxing)
 .debug_str     0x00000000000896bf       0xfa ./Core/Src/stm32f1xx_hal_msp.o
                                      0x8552d (size before relaxing)
 .debug_str     0x00000000000897b9      0x18f ./Core/Src/stm32f1xx_it.o
                                      0x89027 (size before relaxing)
 .debug_str     0x0000000000089948       0x7e ./Core/Src/system_stm32f1xx.o
                                      0x8471a (size before relaxing)
 .debug_str     0x00000000000899c6       0x70 ./Core/Startup/startup_stm32f103cbtx.o
 .debug_str     0x0000000000089a36       0x7e ./Drivers/ADS1293/ADS1293.o
                                      0x88a9d (size before relaxing)
 .debug_str     0x0000000000089ab4      0x375 ./Drivers/STM32F1xx_HAL_Driver/Src/stm32f1xx_hal.o
                                      0x84e4d (size before relaxing)
 .debug_str     0x0000000000089e29      0x28a ./Drivers/STM32F1xx_HAL_Driver/Src/stm32f1xx_hal_cortex.o
                                      0x84d99 (size before relaxing)
 .debug_str     0x000000000008a0b3      0x235 ./Drivers/STM32F1xx_HAL_Driver/Src/stm32f1xx_hal_dma.o
                                      0x84ac3 (size before relaxing)
 .debug_str     0x000000000008a2e8      0x2b5 ./Drivers/STM32F1xx_HAL_Driver/Src/stm32f1xx_hal_gpio.o
                                      0x84aa0 (size before relaxing)
 .debug_str     0x000000000008a59d      0x229 ./Drivers/STM32F1xx_HAL_Driver/Src/stm32f1xx_hal_rcc.o
                                      0x84b49 (size before relaxing)
 .debug_str     0x000000000008a7c6      0x4e3 ./Drivers/STM32F1xx_HAL_Driver/Src/stm32f1xx_hal_spi.o
                                      0x85046 (size before relaxing)
 .debug_str     0x000000000008aca9      0xc5c ./Drivers/STM32F1xx_HAL_Driver/Src/stm32f1xx_hal_tim.o
                                      0x85b34 (size before relaxing)
 .debug_str     0x000000000008b905      0x493 ./Drivers/STM32F1xx_HAL_Driver/Src/stm32f1xx_hal_tim_ex.o
                                      0x85350 (size before relaxing)
 .debug_str     0x000000000008bd98      0x57e ./Drivers/STM32F1xx_HAL_Driver/Src/stm32f1xx_hal_uart.o
                                      0x85154 (size before relaxing)
 .debug_str     0x000000000008c316      0x28b ./Libraries/Src/SPI_Connection.o
                                      0x88df8 (size before relaxing)
 .debug_str     0x000000000008c5a1      0x3b2 ./Libraries/Src/protocol_parser.o
                                      0x89214 (size before relaxing)

.comment        0x0000000000000000       0x50
 .comment       0x0000000000000000       0x50 ./Core/Src/exp_measurement.o
                                         0x51 (size before relaxing)
 .comment       0x0000000000000050       0x51 ./Core/Src/exp_protocol.o
 .comment       0x0000000000000050       0x51 ./Core/Src/main.o
 .comment       0x0000000000000050       0x51 ./Core/Src/stm32f1xx_hal_msp.o
 .comment       0x0000000000000050       0x51 ./Core/Src/stm32f1xx_it.o
 .comment       0x0000000000000050       0x51 ./Core/Src/system_stm32f1xx.o
 .comment       0x0000000000000050       0x51 ./Drivers/ADS1293/ADS1293.o
 .comment       0x0000000000000050       0x51 ./Drivers/STM32F1xx_HAL_Driver/Src/stm32f1xx_hal.o
 .comment       0x0000000000000050       0x51 ./Drivers/STM32F1xx_HAL_Driver/Src/stm32f1xx_hal_cortex.o
 .comment       0x0000000000000050       0x51 ./Drivers/STM32F1xx_HAL_Driver/Src/stm32f1xx_hal_dma.o
 .comment       0x0000000000000050       0x51 ./Drivers/STM32F1xx_HAL_Driver/Src/stm32f1xx_hal_gpio.o
 .comment       0x0000000000000050       0x51 ./Drivers/STM32F1xx_HAL_Driver/Src/stm32f1xx_hal_rcc.o
 .comment       0x0000000000000050       0x51 ./Drivers/STM32F1xx_HAL_Driver/Src/stm32f1xx_hal_spi.o
 .comment       0x0000000000000050       0x51 ./Drivers/STM32F1xx_HAL_Driver/Src/stm32f1xx_hal_tim.o
 .comment       0x0000000000000050       0x51 ./Drivers/STM32F1xx_HAL_Driver/Src/stm32f1xx_hal_tim_ex.o
 .comment       0x0000000000000050       0x51 ./Drivers/STM32F1xx_HAL_Driver/Src/stm32f1xx_hal_uart.o
 .comment       0x0000000000000050       0x51 ./Libraries/Src/SPI_Connection.o
 .comment       0x0000000000000050       0x51 ./Libraries/Src/protocol_parser.o

.debug_frame    0x0000000000000000     0x4098
 .debug_frame   0x0000000000000000       0xac ./Core/Src/exp_measurement.o
 .debug_frame   0x00000000000000ac       0x90 ./Core/Src/exp_protocol.o
 .debug_frame   0x000000000000013c      0x1fc ./Core/Src/main.o
 .debug_frame   0x0000000000000338      0x134 ./Core/Src/stm32f1xx_hal_msp.o
 .debug_frame   0x000000000000046c      0x1c8 ./Core/Src/stm32f1xx_it.o
 .debug_frame   0x0000000000000634       0x58 ./Core/Src/system_stm32f1xx.o
 .debug_frame   0x000000000000068c       0x74 ./Drivers/ADS1293/ADS1293.o
 .debug_frame   0x0000000000000700      0x334 ./Drivers/STM32F1xx_HAL_Driver/Src/stm32f1xx_hal.o
 .debug_frame   0x0000000000000a34      0x428 ./Drivers/STM32F1xx_HAL_Driver/Src/stm32f1xx_hal_cortex.o
 .debug_frame   0x0000000000000e5c      0x208 ./Drivers/STM32F1xx_HAL_Driver/Src/stm32f1xx_hal_dma.o
 .debug_frame   0x0000000000001064      0x14c ./Drivers/STM32F1xx_HAL_Driver/Src/stm32f1xx_hal_gpio.o
 .debug_frame   0x00000000000011b0      0x21c ./Drivers/STM32F1xx_HAL_Driver/Src/stm32f1xx_hal_rcc.o
 .debug_frame   0x00000000000013cc      0x824 ./Drivers/STM32F1xx_HAL_Driver/Src/stm32f1xx_hal_spi.o
 .debug_frame   0x0000000000001bf0     0x11b8 ./Drivers/STM32F1xx_HAL_Driver/Src/stm32f1xx_hal_tim.o
 .debug_frame   0x0000000000002da8      0x638 ./Drivers/STM32F1xx_HAL_Driver/Src/stm32f1xx_hal_tim_ex.o
 .debug_frame   0x00000000000033e0      0x914 ./Drivers/STM32F1xx_HAL_Driver/Src/stm32f1xx_hal_uart.o
 .debug_frame   0x0000000000003cf4      0x104 ./Libraries/Src/SPI_Connection.o
 .debug_frame   0x0000000000003df8      0x22c ./Libraries/Src/protocol_parser.o
 .debug_frame   0x0000000000004024       0x2c c:/program files/stmicroelectronics/stm32cubeide_1.12.0/stm32cubeide/plugins/com.st.stm32cube.ide.mcu.externaltools.gnu-tools-for-stm32.10.3-2021.10.win32_1.0.200.202301161003/tools/bin/../lib/gcc/arm-none-eabi/10.3.1/../../../../arm-none-eabi/lib/thumb/v7-m/nofp\libc_nano.a(lib_a-init.o)
 .debug_frame   0x0000000000004050       0x28 c:/program files/stmicroelectronics/stm32cubeide_1.12.0/stm32cubeide/plugins/com.st.stm32cube.ide.mcu.externaltools.gnu-tools-for-stm32.10.3-2021.10.win32_1.0.200.202301161003/tools/bin/../lib/gcc/arm-none-eabi/10.3.1/../../../../arm-none-eabi/lib/thumb/v7-m/nofp\libc_nano.a(lib_a-memcpy-stub.o)
 .debug_frame   0x0000000000004078       0x20 c:/program files/stmicroelectronics/stm32cubeide_1.12.0/stm32cubeide/plugins/com.st.stm32cube.ide.mcu.externaltools.gnu-tools-for-stm32.10.3-2021.10.win32_1.0.200.202301161003/tools/bin/../lib/gcc/arm-none-eabi/10.3.1/../../../../arm-none-eabi/lib/thumb/v7-m/nofp\libc_nano.a(lib_a-memset.o)
