../Drivers/STM32F1xx_HAL_Driver/Src/stm32f1xx_hal_tim.c:266:19:HAL_TIM_Base_Init	16	static
../Drivers/STM32F1xx_HAL_Driver/Src/stm32f1xx_hal_tim.c:325:19:HAL_TIM_Base_DeInit	16	static
../Drivers/STM32F1xx_HAL_Driver/Src/stm32f1xx_hal_tim.c:368:13:HAL_TIM_Base_MspInit	16	static
../Drivers/STM32F1xx_HAL_Driver/Src/stm32f1xx_hal_tim.c:383:13:HAL_TIM_Base_MspDeInit	16	static
../Drivers/STM32F1xx_HAL_Driver/Src/stm32f1xx_hal_tim.c:399:19:HAL_TIM_Base_Start	24	static
../Drivers/STM32F1xx_HAL_Driver/Src/stm32f1xx_hal_tim.c:438:19:HAL_TIM_Base_Stop	16	static
../Drivers/STM32F1xx_HAL_Driver/Src/stm32f1xx_hal_tim.c:458:19:HAL_TIM_Base_Start_IT	24	static
../Drivers/STM32F1xx_HAL_Driver/Src/stm32f1xx_hal_tim.c:500:19:HAL_TIM_Base_Stop_IT	16	static
../Drivers/STM32F1xx_HAL_Driver/Src/stm32f1xx_hal_tim.c:525:19:HAL_TIM_Base_Start_DMA	32	static
../Drivers/STM32F1xx_HAL_Driver/Src/stm32f1xx_hal_tim.c:594:19:HAL_TIM_Base_Stop_DMA	16	static
../Drivers/STM32F1xx_HAL_Driver/Src/stm32f1xx_hal_tim.c:649:19:HAL_TIM_OC_Init	16	static
../Drivers/STM32F1xx_HAL_Driver/Src/stm32f1xx_hal_tim.c:708:19:HAL_TIM_OC_DeInit	16	static
../Drivers/STM32F1xx_HAL_Driver/Src/stm32f1xx_hal_tim.c:751:13:HAL_TIM_OC_MspInit	16	static
../Drivers/STM32F1xx_HAL_Driver/Src/stm32f1xx_hal_tim.c:766:13:HAL_TIM_OC_MspDeInit	16	static
../Drivers/STM32F1xx_HAL_Driver/Src/stm32f1xx_hal_tim.c:787:19:HAL_TIM_OC_Start	24	static
../Drivers/STM32F1xx_HAL_Driver/Src/stm32f1xx_hal_tim.c:841:19:HAL_TIM_OC_Stop	16	static
../Drivers/STM32F1xx_HAL_Driver/Src/stm32f1xx_hal_tim.c:876:19:HAL_TIM_OC_Start_IT	24	static
../Drivers/STM32F1xx_HAL_Driver/Src/stm32f1xx_hal_tim.c:964:19:HAL_TIM_OC_Stop_IT	16	static
../Drivers/STM32F1xx_HAL_Driver/Src/stm32f1xx_hal_tim.c:1035:19:HAL_TIM_OC_Start_DMA	32	static
../Drivers/STM32F1xx_HAL_Driver/Src/stm32f1xx_hal_tim.c:1193:19:HAL_TIM_OC_Stop_DMA	16	static
../Drivers/STM32F1xx_HAL_Driver/Src/stm32f1xx_hal_tim.c:1290:19:HAL_TIM_PWM_Init	16	static
../Drivers/STM32F1xx_HAL_Driver/Src/stm32f1xx_hal_tim.c:1349:19:HAL_TIM_PWM_DeInit	16	static
../Drivers/STM32F1xx_HAL_Driver/Src/stm32f1xx_hal_tim.c:1392:13:HAL_TIM_PWM_MspInit	16	static
../Drivers/STM32F1xx_HAL_Driver/Src/stm32f1xx_hal_tim.c:1407:13:HAL_TIM_PWM_MspDeInit	16	static
../Drivers/STM32F1xx_HAL_Driver/Src/stm32f1xx_hal_tim.c:1428:19:HAL_TIM_PWM_Start	24	static
../Drivers/STM32F1xx_HAL_Driver/Src/stm32f1xx_hal_tim.c:1482:19:HAL_TIM_PWM_Stop	16	static
../Drivers/STM32F1xx_HAL_Driver/Src/stm32f1xx_hal_tim.c:1517:19:HAL_TIM_PWM_Start_IT	24	static
../Drivers/STM32F1xx_HAL_Driver/Src/stm32f1xx_hal_tim.c:1604:19:HAL_TIM_PWM_Stop_IT	16	static
../Drivers/STM32F1xx_HAL_Driver/Src/stm32f1xx_hal_tim.c:1675:19:HAL_TIM_PWM_Start_DMA	32	static
../Drivers/STM32F1xx_HAL_Driver/Src/stm32f1xx_hal_tim.c:1832:19:HAL_TIM_PWM_Stop_DMA	16	static
../Drivers/STM32F1xx_HAL_Driver/Src/stm32f1xx_hal_tim.c:1929:19:HAL_TIM_IC_Init	16	static
../Drivers/STM32F1xx_HAL_Driver/Src/stm32f1xx_hal_tim.c:1988:19:HAL_TIM_IC_DeInit	16	static
../Drivers/STM32F1xx_HAL_Driver/Src/stm32f1xx_hal_tim.c:2031:13:HAL_TIM_IC_MspInit	16	static
../Drivers/STM32F1xx_HAL_Driver/Src/stm32f1xx_hal_tim.c:2046:13:HAL_TIM_IC_MspDeInit	16	static
../Drivers/STM32F1xx_HAL_Driver/Src/stm32f1xx_hal_tim.c:2067:19:HAL_TIM_IC_Start	24	static
../Drivers/STM32F1xx_HAL_Driver/Src/stm32f1xx_hal_tim.c:2119:19:HAL_TIM_IC_Stop	16	static
../Drivers/STM32F1xx_HAL_Driver/Src/stm32f1xx_hal_tim.c:2149:19:HAL_TIM_IC_Start_IT	24	static
../Drivers/STM32F1xx_HAL_Driver/Src/stm32f1xx_hal_tim.c:2234:19:HAL_TIM_IC_Stop_IT	16	static
../Drivers/STM32F1xx_HAL_Driver/Src/stm32f1xx_hal_tim.c:2300:19:HAL_TIM_IC_Start_DMA	32	static
../Drivers/STM32F1xx_HAL_Driver/Src/stm32f1xx_hal_tim.c:2456:19:HAL_TIM_IC_Stop_DMA	16	static
../Drivers/STM32F1xx_HAL_Driver/Src/stm32f1xx_hal_tim.c:2555:19:HAL_TIM_OnePulse_Init	16	static
../Drivers/STM32F1xx_HAL_Driver/Src/stm32f1xx_hal_tim.c:2625:19:HAL_TIM_OnePulse_DeInit	16	static
../Drivers/STM32F1xx_HAL_Driver/Src/stm32f1xx_hal_tim.c:2670:13:HAL_TIM_OnePulse_MspInit	16	static
../Drivers/STM32F1xx_HAL_Driver/Src/stm32f1xx_hal_tim.c:2685:13:HAL_TIM_OnePulse_MspDeInit	16	static
../Drivers/STM32F1xx_HAL_Driver/Src/stm32f1xx_hal_tim.c:2705:19:HAL_TIM_OnePulse_Start	24	static
../Drivers/STM32F1xx_HAL_Driver/Src/stm32f1xx_hal_tim.c:2766:19:HAL_TIM_OnePulse_Stop	16	static
../Drivers/STM32F1xx_HAL_Driver/Src/stm32f1xx_hal_tim.c:2809:19:HAL_TIM_OnePulse_Start_IT	24	static
../Drivers/STM32F1xx_HAL_Driver/Src/stm32f1xx_hal_tim.c:2872:19:HAL_TIM_OnePulse_Stop_IT	16	static
../Drivers/STM32F1xx_HAL_Driver/Src/stm32f1xx_hal_tim.c:2951:19:HAL_TIM_Encoder_Init	32	static
../Drivers/STM32F1xx_HAL_Driver/Src/stm32f1xx_hal_tim.c:3064:19:HAL_TIM_Encoder_DeInit	16	static
../Drivers/STM32F1xx_HAL_Driver/Src/stm32f1xx_hal_tim.c:3109:13:HAL_TIM_Encoder_MspInit	16	static
../Drivers/STM32F1xx_HAL_Driver/Src/stm32f1xx_hal_tim.c:3124:13:HAL_TIM_Encoder_MspDeInit	16	static
../Drivers/STM32F1xx_HAL_Driver/Src/stm32f1xx_hal_tim.c:3144:19:HAL_TIM_Encoder_Start	24	static
../Drivers/STM32F1xx_HAL_Driver/Src/stm32f1xx_hal_tim.c:3238:19:HAL_TIM_Encoder_Stop	16	static
../Drivers/STM32F1xx_HAL_Driver/Src/stm32f1xx_hal_tim.c:3298:19:HAL_TIM_Encoder_Start_IT	24	static
../Drivers/STM32F1xx_HAL_Driver/Src/stm32f1xx_hal_tim.c:3398:19:HAL_TIM_Encoder_Stop_IT	16	static
../Drivers/STM32F1xx_HAL_Driver/Src/stm32f1xx_hal_tim.c:3463:19:HAL_TIM_Encoder_Start_DMA	32	static
../Drivers/STM32F1xx_HAL_Driver/Src/stm32f1xx_hal_tim.c:3675:19:HAL_TIM_Encoder_Stop_DMA	16	static
../Drivers/STM32F1xx_HAL_Driver/Src/stm32f1xx_hal_tim.c:3752:6:HAL_TIM_IRQHandler	16	static
../Drivers/STM32F1xx_HAL_Driver/Src/stm32f1xx_hal_tim.c:3967:19:HAL_TIM_OC_ConfigChannel	24	static
../Drivers/STM32F1xx_HAL_Driver/Src/stm32f1xx_hal_tim.c:4043:19:HAL_TIM_IC_ConfigChannel	24	static
../Drivers/STM32F1xx_HAL_Driver/Src/stm32f1xx_hal_tim.c:4136:19:HAL_TIM_PWM_ConfigChannel	24	static
../Drivers/STM32F1xx_HAL_Driver/Src/stm32f1xx_hal_tim.c:4247:19:HAL_TIM_OnePulse_ConfigChannel	56	static
../Drivers/STM32F1xx_HAL_Driver/Src/stm32f1xx_hal_tim.c:4386:19:HAL_TIM_DMABurst_WriteStart	32	static
../Drivers/STM32F1xx_HAL_Driver/Src/stm32f1xx_hal_tim.c:4432:19:HAL_TIM_DMABurst_MultiWriteStart	24	static
../Drivers/STM32F1xx_HAL_Driver/Src/stm32f1xx_hal_tim.c:4609:19:HAL_TIM_DMABurst_WriteStop	16	static
../Drivers/STM32F1xx_HAL_Driver/Src/stm32f1xx_hal_tim.c:4704:19:HAL_TIM_DMABurst_ReadStart	32	static
../Drivers/STM32F1xx_HAL_Driver/Src/stm32f1xx_hal_tim.c:4750:19:HAL_TIM_DMABurst_MultiReadStart	24	static
../Drivers/STM32F1xx_HAL_Driver/Src/stm32f1xx_hal_tim.c:4928:19:HAL_TIM_DMABurst_ReadStop	16	static
../Drivers/STM32F1xx_HAL_Driver/Src/stm32f1xx_hal_tim.c:5005:19:HAL_TIM_GenerateEvent	16	static
../Drivers/STM32F1xx_HAL_Driver/Src/stm32f1xx_hal_tim.c:5042:19:HAL_TIM_ConfigOCrefClear	24	static
../Drivers/STM32F1xx_HAL_Driver/Src/stm32f1xx_hal_tim.c:5166:19:HAL_TIM_ConfigClockSource	24	static
../Drivers/STM32F1xx_HAL_Driver/Src/stm32f1xx_hal_tim.c:5318:19:HAL_TIM_ConfigTI1Input	24	static
../Drivers/STM32F1xx_HAL_Driver/Src/stm32f1xx_hal_tim.c:5350:19:HAL_TIM_SlaveConfigSynchro	16	static
../Drivers/STM32F1xx_HAL_Driver/Src/stm32f1xx_hal_tim.c:5390:19:HAL_TIM_SlaveConfigSynchro_IT	16	static
../Drivers/STM32F1xx_HAL_Driver/Src/stm32f1xx_hal_tim.c:5433:10:HAL_TIM_ReadCapturedValue	24	static
../Drivers/STM32F1xx_HAL_Driver/Src/stm32f1xx_hal_tim.c:5517:13:HAL_TIM_PeriodElapsedCallback	16	static
../Drivers/STM32F1xx_HAL_Driver/Src/stm32f1xx_hal_tim.c:5532:13:HAL_TIM_PeriodElapsedHalfCpltCallback	16	static
../Drivers/STM32F1xx_HAL_Driver/Src/stm32f1xx_hal_tim.c:5547:13:HAL_TIM_OC_DelayElapsedCallback	16	static
../Drivers/STM32F1xx_HAL_Driver/Src/stm32f1xx_hal_tim.c:5562:13:HAL_TIM_IC_CaptureCallback	16	static
../Drivers/STM32F1xx_HAL_Driver/Src/stm32f1xx_hal_tim.c:5577:13:HAL_TIM_IC_CaptureHalfCpltCallback	16	static
../Drivers/STM32F1xx_HAL_Driver/Src/stm32f1xx_hal_tim.c:5592:13:HAL_TIM_PWM_PulseFinishedCallback	16	static
../Drivers/STM32F1xx_HAL_Driver/Src/stm32f1xx_hal_tim.c:5607:13:HAL_TIM_PWM_PulseFinishedHalfCpltCallback	16	static
../Drivers/STM32F1xx_HAL_Driver/Src/stm32f1xx_hal_tim.c:5622:13:HAL_TIM_TriggerCallback	16	static
../Drivers/STM32F1xx_HAL_Driver/Src/stm32f1xx_hal_tim.c:5637:13:HAL_TIM_TriggerHalfCpltCallback	16	static
../Drivers/STM32F1xx_HAL_Driver/Src/stm32f1xx_hal_tim.c:5652:13:HAL_TIM_ErrorCallback	16	static
../Drivers/STM32F1xx_HAL_Driver/Src/stm32f1xx_hal_tim.c:6210:22:HAL_TIM_Base_GetState	16	static
../Drivers/STM32F1xx_HAL_Driver/Src/stm32f1xx_hal_tim.c:6220:22:HAL_TIM_OC_GetState	16	static
../Drivers/STM32F1xx_HAL_Driver/Src/stm32f1xx_hal_tim.c:6230:22:HAL_TIM_PWM_GetState	16	static
../Drivers/STM32F1xx_HAL_Driver/Src/stm32f1xx_hal_tim.c:6240:22:HAL_TIM_IC_GetState	16	static
../Drivers/STM32F1xx_HAL_Driver/Src/stm32f1xx_hal_tim.c:6250:22:HAL_TIM_OnePulse_GetState	16	static
../Drivers/STM32F1xx_HAL_Driver/Src/stm32f1xx_hal_tim.c:6260:22:HAL_TIM_Encoder_GetState	16	static
../Drivers/STM32F1xx_HAL_Driver/Src/stm32f1xx_hal_tim.c:6270:23:HAL_TIM_GetActiveChannel	16	static
../Drivers/STM32F1xx_HAL_Driver/Src/stm32f1xx_hal_tim.c:6288:29:HAL_TIM_GetChannelState	24	static
../Drivers/STM32F1xx_HAL_Driver/Src/stm32f1xx_hal_tim.c:6305:30:HAL_TIM_DMABurstState	16	static
../Drivers/STM32F1xx_HAL_Driver/Src/stm32f1xx_hal_tim.c:6330:6:TIM_DMAError	24	static
../Drivers/STM32F1xx_HAL_Driver/Src/stm32f1xx_hal_tim.c:6373:13:TIM_DMADelayPulseCplt	24	static
../Drivers/STM32F1xx_HAL_Driver/Src/stm32f1xx_hal_tim.c:6432:6:TIM_DMADelayPulseHalfCplt	24	static
../Drivers/STM32F1xx_HAL_Driver/Src/stm32f1xx_hal_tim.c:6471:6:TIM_DMACaptureCplt	24	static
../Drivers/STM32F1xx_HAL_Driver/Src/stm32f1xx_hal_tim.c:6534:6:TIM_DMACaptureHalfCplt	24	static
../Drivers/STM32F1xx_HAL_Driver/Src/stm32f1xx_hal_tim.c:6573:13:TIM_DMAPeriodElapsedCplt	24	static
../Drivers/STM32F1xx_HAL_Driver/Src/stm32f1xx_hal_tim.c:6594:13:TIM_DMAPeriodElapsedHalfCplt	24	static
../Drivers/STM32F1xx_HAL_Driver/Src/stm32f1xx_hal_tim.c:6610:13:TIM_DMATriggerCplt	24	static
../Drivers/STM32F1xx_HAL_Driver/Src/stm32f1xx_hal_tim.c:6631:13:TIM_DMATriggerHalfCplt	24	static
../Drivers/STM32F1xx_HAL_Driver/Src/stm32f1xx_hal_tim.c:6648:6:TIM_Base_SetConfig	24	static
../Drivers/STM32F1xx_HAL_Driver/Src/stm32f1xx_hal_tim.c:6696:13:TIM_OC1_SetConfig	32	static
../Drivers/STM32F1xx_HAL_Driver/Src/stm32f1xx_hal_tim.c:6771:6:TIM_OC2_SetConfig	32	static
../Drivers/STM32F1xx_HAL_Driver/Src/stm32f1xx_hal_tim.c:6847:13:TIM_OC3_SetConfig	32	static
../Drivers/STM32F1xx_HAL_Driver/Src/stm32f1xx_hal_tim.c:6921:13:TIM_OC4_SetConfig	32	static
../Drivers/STM32F1xx_HAL_Driver/Src/stm32f1xx_hal_tim.c:6981:26:TIM_SlaveTimer_SetConfig	32	static
../Drivers/STM32F1xx_HAL_Driver/Src/stm32f1xx_hal_tim.c:7112:6:TIM_TI1_SetConfig	32	static
../Drivers/STM32F1xx_HAL_Driver/Src/stm32f1xx_hal_tim.c:7159:13:TIM_TI1_ConfigInputStage	32	static
../Drivers/STM32F1xx_HAL_Driver/Src/stm32f1xx_hal_tim.c:7202:13:TIM_TI2_SetConfig	32	static
../Drivers/STM32F1xx_HAL_Driver/Src/stm32f1xx_hal_tim.c:7242:13:TIM_TI2_ConfigInputStage	32	static
../Drivers/STM32F1xx_HAL_Driver/Src/stm32f1xx_hal_tim.c:7284:13:TIM_TI3_SetConfig	32	static
../Drivers/STM32F1xx_HAL_Driver/Src/stm32f1xx_hal_tim.c:7331:13:TIM_TI4_SetConfig	32	static
../Drivers/STM32F1xx_HAL_Driver/Src/stm32f1xx_hal_tim.c:7374:13:TIM_ITRx_SetConfig	24	static
../Drivers/STM32F1xx_HAL_Driver/Src/stm32f1xx_hal_tim.c:7404:6:TIM_ETR_SetConfig	32	static
../Drivers/STM32F1xx_HAL_Driver/Src/stm32f1xx_hal_tim.c:7434:6:TIM_CCxChannelCmd	32	static
