../Core/Src/main.c:93:10:getECGdata	8	static
../Core/Src/main.c:111:19:MY_HAL_TIM_OnePulse_Init	16	static
../Core/Src/main.c:184:5:main	56	static
../Core/Src/main.c:334:6:SystemClock_Config	72	static
../Core/Src/main.c:374:13:MX_SPI1_Init	8	static
../Core/Src/main.c:412:13:MX_SPI2_Init	8	static
../Core/Src/main.c:449:13:MX_TIM2_Init	64	static
../Core/Src/main.c:512:13:MX_TIM3_Init	32	static
../Core/Src/main.c:557:13:MX_USART1_UART_Init	8	static
../Core/Src/main.c:590:13:MX_GPIO_Init	40	static
../Core/Src/main.c:652:6:HAL_SPI_ErrorCallback	16	static
../Core/Src/main.c:663:19:MY_HAL_TIM_OnePulse_Start	24	static
../Core/Src/main.c:720:6:Error_Handler	4	static,ignoring_inline_asm
