../Core/Src/main.c:93:10:getECGdata	8	static
../Core/Src/main.c:112:19:MY_HAL_TIM_OnePulse_Start	24	static
../Core/Src/main.c:163:19:MY_HAL_TIM_OnePulse_Init	16	static
../Core/Src/main.c:234:5:main	56	static
../Core/Src/main.c:384:6:SystemClock_Config	72	static
../Core/Src/main.c:424:13:MX_SPI1_Init	8	static
../Core/Src/main.c:462:13:MX_SPI2_Init	8	static
../Core/Src/main.c:499:13:MX_TIM2_Init	64	static
../Core/Src/main.c:562:13:MX_TIM3_Init	32	static
../Core/Src/main.c:607:13:MX_USART1_UART_Init	8	static
../Core/Src/main.c:640:13:MX_GPIO_Init	40	static
../Core/Src/main.c:708:6:Error_Handler	4	static,ignoring_inline_asm
