../Libraries/Src/protocol_parser.c:106:6:setFSMProtocolState	16	static
../Libraries/Src/protocol_parser.c:113:6:updateNumAvailableMeasData	4	static
../Libraries/Src/protocol_parser.c:194:6:fillDataFrame	16	static
../Libraries/Src/protocol_parser.c:226:6:fillDataField	16	static
../Libraries/Src/protocol_parser.c:317:6:fillResponseFrame	24	static
../Libraries/Src/protocol_parser.c:352:6:sendPreviousResponse	8	static
../Libraries/Src/protocol_parser.c:365:6:updateSavedResponse	24	static
../Libraries/Src/protocol_parser.c:389:6:parserFSM	8	static
../Libraries/Src/protocol_parser.c:556:6:checkCRC32	24	static
../Libraries/Src/protocol_parser.c:573:10:calculateCRC32	24	static
../Libraries/Src/protocol_parser.c:581:6:sensorInit	8	static
../Libraries/Src/protocol_parser.c:608:6:sendInitCTRL	4	static
../Libraries/Src/protocol_parser.c:613:6:sendRxCompleteCTRL	4	static
../Libraries/Src/protocol_parser.c:619:6:resetFSMProtocol	8	static
