../Libraries/Src/protocol_parser.c:106:6:setFSMProtocolState	16	static
../Libraries/Src/protocol_parser.c:113:6:updateNumAvailableMeasData	4	static
../Libraries/Src/protocol_parser.c:180:6:fillDataFrame	16	static
../Libraries/Src/protocol_parser.c:211:6:fillDataField	16	static
../Libraries/Src/protocol_parser.c:289:6:fillResponseFrame	24	static
../Libraries/Src/protocol_parser.c:324:6:sendPreviousResponse	8	static
../Libraries/Src/protocol_parser.c:337:6:updateSavedResponse	24	static
../Libraries/Src/protocol_parser.c:361:6:parserFSM	8	static
../Libraries/Src/protocol_parser.c:528:6:checkCRC32	24	static
../Libraries/Src/protocol_parser.c:545:10:calculateCRC32	24	static
../Libraries/Src/protocol_parser.c:553:6:sensorInit	8	static
../Libraries/Src/protocol_parser.c:581:6:sendInitCTRL	4	static
../Libraries/Src/protocol_parser.c:586:6:sendRxCompleteCTRL	4	static
../Libraries/Src/protocol_parser.c:593:6:resetFSMProtocol	8	static
