../Libraries/Src/protocol_parser.c:106:9:getFSMProtocolState	4	static
../Libraries/Src/protocol_parser.c:111:6:setFSMProtocolState	16	static
../Libraries/Src/protocol_parser.c:115:6:setLastFSMProtocolState	16	static
../Libraries/Src/protocol_parser.c:122:6:updateNumAvailableMeasData	4	static
../Libraries/Src/protocol_parser.c:203:6:fillDataFrame	16	static
../Libraries/Src/protocol_parser.c:235:6:fillDataField	16	static
../Libraries/Src/protocol_parser.c:328:6:fillResponseFrame	24	static
../Libraries/Src/protocol_parser.c:365:6:sendPreviousResponse	8	static
../Libraries/Src/protocol_parser.c:378:6:updateSavedResponse	24	static
../Libraries/Src/protocol_parser.c:402:6:parserFSM	8	static
../Libraries/Src/protocol_parser.c:603:6:checkCRC32	24	static
../Libraries/Src/protocol_parser.c:620:10:calculateCRC32	24	static
../Libraries/Src/protocol_parser.c:628:6:sensorInit	8	static
../Libraries/Src/protocol_parser.c:660:6:sendInitCTRL	4	static
../Libraries/Src/protocol_parser.c:665:6:sendRxCompleteCTRL	4	static
../Libraries/Src/protocol_parser.c:671:6:resetFSMProtocol	8	static
